Archive member included to satisfy reference by file (symbol)

app/libapp.a(main.c.obj)      (--whole-archive)
zephyr/libzephyr.a(soc_nrf_common.S.obj)
                              (--whole-archive)
zephyr/libzephyr.a(assert.c.obj)
                              (--whole-archive)
zephyr/libzephyr.a(bitarray.c.obj)
                              (--whole-archive)
zephyr/libzephyr.a(cbprintf.c.obj)
                              (--whole-archive)
zephyr/libzephyr.a(cbprintf_complete.c.obj)
                              (--whole-archive)
zephyr/libzephyr.a(cbprintf_packaged.c.obj)
                              (--whole-archive)
zephyr/libzephyr.a(configs.c.obj)
                              (--whole-archive)
zephyr/libzephyr.a(constraint.c.obj)
                              (--whole-archive)
zephyr/libzephyr.a(crc16_sw.c.obj)
                              (--whole-archive)
zephyr/libzephyr.a(crc32_sw.c.obj)
                              (--whole-archive)
zephyr/libzephyr.a(crc32c_sw.c.obj)
                              (--whole-archive)
zephyr/libzephyr.a(crc7_sw.c.obj)
                              (--whole-archive)
zephyr/libzephyr.a(crc8_sw.c.obj)
                              (--whole-archive)
zephyr/libzephyr.a(dec.c.obj)
                              (--whole-archive)
zephyr/libzephyr.a(fdtable.c.obj)
                              (--whole-archive)
zephyr/libzephyr.a(heap-validate.c.obj)
                              (--whole-archive)
zephyr/libzephyr.a(heap.c.obj)
                              (--whole-archive)
zephyr/libzephyr.a(hex.c.obj)
                              (--whole-archive)
zephyr/libzephyr.a(multi_heap.c.obj)
                              (--whole-archive)
zephyr/libzephyr.a(notify.c.obj)
                              (--whole-archive)
zephyr/libzephyr.a(nrf_cc3xx_platform_abort_zephyr.c.obj)
                              (--whole-archive)
zephyr/libzephyr.a(nrf_cc3xx_platform_mutex_zephyr.c.obj)
                              (--whole-archive)
zephyr/libzephyr.a(onoff.c.obj)
                              (--whole-archive)
zephyr/libzephyr.a(pm.c.obj)  (--whole-archive)
zephyr/libzephyr.a(printk.c.obj)
                              (--whole-archive)
zephyr/libzephyr.a(rb.c.obj)  (--whole-archive)
zephyr/libzephyr.a(reboot.c.obj)
                              (--whole-archive)
zephyr/libzephyr.a(residency.c.obj)
                              (--whole-archive)
zephyr/libzephyr.a(sem.c.obj)
                              (--whole-archive)
zephyr/libzephyr.a(thread_entry.c.obj)
                              (--whole-archive)
zephyr/libzephyr.a(timeutil.c.obj)
                              (--whole-archive)
zephyr/libzephyr.a(tracing_none.c.obj)
                              (--whole-archive)
zephyr/libzephyr.a(validate_base_addresses.c.obj)
                              (--whole-archive)
zephyr/libzephyr.a(validate_enabled_instances.c.obj)
                              (--whole-archive)
zephyr/arch/common/libarch__common.a(sw_isr_common.c.obj)
                              (--whole-archive)
zephyr/arch/arch/arm/core/aarch32/libarch__arm__core__aarch32.a(cpu_idle.S.obj)
                              (--whole-archive)
zephyr/arch/arch/arm/core/aarch32/libarch__arm__core__aarch32.a(isr_wrapper.S.obj)
                              (--whole-archive)
zephyr/arch/arch/arm/core/aarch32/libarch__arm__core__aarch32.a(nmi_on_reset.S.obj)
                              (--whole-archive)
zephyr/arch/arch/arm/core/aarch32/libarch__arm__core__aarch32.a(swap_helper.S.obj)
                              (--whole-archive)
zephyr/arch/arch/arm/core/aarch32/libarch__arm__core__aarch32.a(fatal.c.obj)
                              (--whole-archive)
zephyr/arch/arch/arm/core/aarch32/libarch__arm__core__aarch32.a(irq_manage.c.obj)
                              (--whole-archive)
zephyr/arch/arch/arm/core/aarch32/libarch__arm__core__aarch32.a(nmi.c.obj)
                              (--whole-archive)
zephyr/arch/arch/arm/core/aarch32/libarch__arm__core__aarch32.a(prep_c.c.obj)
                              (--whole-archive)
zephyr/arch/arch/arm/core/aarch32/libarch__arm__core__aarch32.a(swap.c.obj)
                              (--whole-archive)
zephyr/arch/arch/arm/core/aarch32/libarch__arm__core__aarch32.a(thread.c.obj)
                              (--whole-archive)
zephyr/arch/arch/arm/core/aarch32/cortex_m/libarch__arm__core__aarch32__cortex_m.a(exc_exit.S.obj)
                              (--whole-archive)
zephyr/arch/arch/arm/core/aarch32/cortex_m/libarch__arm__core__aarch32__cortex_m.a(fault_s.S.obj)
                              (--whole-archive)
zephyr/arch/arch/arm/core/aarch32/cortex_m/libarch__arm__core__aarch32__cortex_m.a(reset.S.obj)
                              (--whole-archive)
zephyr/arch/arch/arm/core/aarch32/cortex_m/libarch__arm__core__aarch32__cortex_m.a(vector_table.S.obj)
                              (--whole-archive)
[...]
Memory Configuration

Name             Origin             Length             Attributes
FLASH            0x00000000         0x00100000         xr
SRAM             0x20000000         0x00040000         xw
IDT_LIST         0xfffff7ff         0x00000800         xw
*default*        0x00000000         0xffffffff

Linker script and memory map

LOAD zephyr/CMakeFiles/zephyr_final.dir/dev_handles.c.obj
LOAD zephyr/CMakeFiles/zephyr_final.dir/misc/empty_file.c.obj
LOAD zephyr/CMakeFiles/zephyr_final.dir/isr_tables.c.obj
                0x00000020                _region_min_align = 0x20

.rel.plt        0x00000000        0x0
 *(SORT_BY_ALIGNMENT(.rel.plt))
                [!provide]                PROVIDE (__rel_iplt_start = .)
 *(SORT_BY_ALIGNMENT(.rel.iplt))
 .rel.iplt      0x00000000        0x0 zephyr/CMakeFiles/zephyr_final.dir/dev_handles.c.obj
                [!provide]                PROVIDE (__rel_iplt_end = .)

.rela.plt       0x00000000        0x0
 *(SORT_BY_ALIGNMENT(.rela.plt))
                [!provide]                PROVIDE (__rela_iplt_start = .)
 *(SORT_BY_ALIGNMENT(.rela.iplt))
                [!provide]                PROVIDE (__rela_iplt_end = .)

.rel.dyn
 *(SORT_BY_ALIGNMENT(.rel.*))

.rela.dyn
 *(SORT_BY_ALIGNMENT(.rela.*))

/DISCARD/
 *(SORT_BY_ALIGNMENT(.plt))
 *(SORT_BY_ALIGNMENT(.iplt))
 *(SORT_BY_ALIGNMENT(.got.plt))
 *(SORT_BY_ALIGNMENT(.igot.plt))
 *(SORT_BY_ALIGNMENT(.got))
 *(SORT_BY_ALIGNMENT(.igot))
 *(SORT_BY_ALIGNMENT(.irq_info*))
 *(SORT_BY_ALIGNMENT(.intList*))
 *(SORT_BY_ALIGNMENT(.note.GNU-stack))
                0x00000000                __rom_region_start = 0x0

rom_start       0x00000000      0x100
                0x00000000                . = 0x0
                0x00000000                . = ALIGN (0x4)
                0x00000000                . = ALIGN (0x80)
                0x00000000                . = ALIGN (0x100)
                0x00000000                _vector_start = .
 *(SORT_BY_ALIGNMENT(.exc_vector_table))
 *(SORT_BY_ALIGNMENT(.exc_vector_table.*))
 .exc_vector_table._vector_table_section
                0x00000000       0x40 zephyr/arch/arch/arm/core/aarch32/cortex_m/libarch__arm__core__aarch32__cortex_m.a(vector_table.S.obj)
                0x00000000                _vector_table
 *(SORT_BY_ALIGNMENT(.gnu.linkonce.irq_vector_table*))
 .gnu.linkonce.irq_vector_table
                0x00000040       0xc0 zephyr/CMakeFiles/zephyr_final.dir/isr_tables.c.obj
                0x00000040                _irq_vector_table
 *(SORT_BY_ALIGNMENT(.vectors))
                0x00000100                _vector_end = .

text            0x00000100     0x72e0
                0x00000100                __text_region_start = .
 *(SORT_BY_ALIGNMENT(.text))
 .text          0x00000100       0x30 c:/users/renat/ncs/v1.9.1/toolchain/opt/bin/../lib/gcc/arm-none-eabi/9.2.1/thumb/v7e-m/nofp\libgcc.a(_aeabi_uldivmod.o)
                0x00000100                __aeabi_uldivmod
 .text          0x00000130      0x2c0 c:/users/renat/ncs/v1.9.1/toolchain/opt/bin/../lib/gcc/arm-none-eabi/9.2.1/thumb/v7e-m/nofp\libgcc.a(_udivmoddi4.o)
                0x00000130                __udivmoddi4
 .text          0x000003f0        0x4 c:/users/renat/ncs/v1.9.1/toolchain/opt/bin/../lib/gcc/arm-none-eabi/9.2.1/thumb/v7e-m/nofp\libgcc.a(_dvmd_tls.o)
                0x000003f0                __aeabi_idiv0
                0x000003f0                __aeabi_ldiv0
 *(SORT_BY_ALIGNMENT(.text.*))
 .text.but1press_cbfunction
                0x000003f4       0x20 app/libapp.a(main.c.obj)
                0x000003f4                but1press_cbfunction
 .text.but2press_cbfunction
                0x00000414       0x20 app/libapp.a(main.c.obj)
                0x00000414                but2press_cbfunction
 .text.but3press_cbfunction
                0x00000434       0x20 app/libapp.a(main.c.obj)
                0x00000434                but3press_cbfunction
 .text.but4press_cbfunction
                0x00000454       0x20 app/libapp.a(main.c.obj)
                0x00000454                but4press_cbfunction
 .text.but5press_cbfunction
                0x00000474       0x20 app/libapp.a(main.c.obj)
                0x00000474                but5press_cbfunction
 .text.but6press_cbfunction
                0x00000494       0x20 app/libapp.a(main.c.obj)
                0x00000494                but6press_cbfunction
 .text.but7press_cbfunction
                0x000004b4       0x20 app/libapp.a(main.c.obj)
                0x000004b4                but7press_cbfunction
 .text.but8press_cbfunction
                0x000004d4       0x20 app/libapp.a(main.c.obj)
                0x000004d4                but8press_cbfunction
 .text.gpio_pin_configure.constprop.0
                0x000004f4       0x64 app/libapp.a(main.c.obj)
 .text.gpio_pin_interrupt_configure.constprop.0
                0x00000558       0x6c app/libapp.a(main.c.obj)
 .text.showSpace
                0x000005c4       0x24 app/libapp.a(main.c.obj)
                0x000005c4                showSpace
 .text.showMenu
                0x000005e8       0x9c app/libapp.a(main.c.obj)
                0x000005e8                showMenu
 .text.UpOrDown
                0x00000684       0x30 app/libapp.a(main.c.obj)
                0x00000684                UpOrDown
 .text.addMoney
                0x000006b4       0x38 app/libapp.a(main.c.obj)
                0x000006b4                addMoney
 .text.resetMoney
                0x000006ec       0x30 app/libapp.a(main.c.obj)
                0x000006ec                resetMoney
 .text.Check    0x0000071c       0xf8 app/libapp.a(main.c.obj)
                0x0000071c                Check
 .text.CONFIG_BUTTONS
                0x00000814      0x178 app/libapp.a(main.c.obj)
                0x00000814                CONFIG_BUTTONS
 .text.main     0x0000098c       0xe4 app/libapp.a(main.c.obj)
                0x0000098c                main
 .text.cbvprintf
                0x00000a70      0x780 zephyr/libzephyr.a(cbprintf_complete.c.obj)
                0x00000a70                cbvprintf
 .text.sys_notify_finalize
                0x000011f0       0x40 zephyr/libzephyr.a(notify.c.obj)
                0x000011f0                sys_notify_finalize
 .text.nrf_cc3xx_platform_abort_init
                0x00001230        0xc zephyr/libzephyr.a(nrf_cc3xx_platform_abort_zephyr.c.obj)
                0x00001230                nrf_cc3xx_platform_abort_init
 .text.mutex_unlock_platform
                0x0000123c       0x4c zephyr/libzephyr.a(nrf_cc3xx_platform_mutex_zephyr.c.obj)
 .text.mutex_free_platform
                0x00001288       0x48 zephyr/libzephyr.a(nrf_cc3xx_platform_mutex_zephyr.c.obj)
 .text.mutex_init_platform
                0x000012d0       0x70 zephyr/libzephyr.a(nrf_cc3xx_platform_mutex_zephyr.c.obj)
 .text.mutex_lock_platform
                0x00001340       0x58 zephyr/libzephyr.a(nrf_cc3xx_platform_mutex_zephyr.c.obj)
 .text.nrf_cc3xx_platform_mutex_init
                0x00001398       0x2c zephyr/libzephyr.a(nrf_cc3xx_platform_mutex_zephyr.c.obj)
                0x00001398                nrf_cc3xx_platform_mutex_init
 .text.process_event
                0x000013c4      0x3f4 zephyr/libzephyr.a(onoff.c.obj)
 .text.transition_complete
                0x000017b8       0x64 zephyr/libzephyr.a(onoff.c.obj)
 .text.onoff_request
                0x0000181c      0x130 zephyr/libzephyr.a(onoff.c.obj)
                0x0000181c                onoff_request
 .text.pm_state_notify
                0x0000194c       0xcc zephyr/libzephyr.a(pm.c.obj)
 .text.atomic_test_and_set_bit.constprop.0
                0x00001a18       0x38 zephyr/libzephyr.a(pm.c.obj)
 .text.pm_system_resume
                0x00001a50       0x88 zephyr/libzephyr.a(pm.c.obj)
                0x00001a50                pm_system_resume
 .text.pm_system_suspend
                0x00001ad8      0x100 zephyr/libzephyr.a(pm.c.obj)
                0x00001ad8                pm_system_suspend
 .text.char_out
                0x00001bd8       0x10 zephyr/libzephyr.a(printk.c.obj)
 .text.__printk_hook_install
                0x00001be8        0xc zephyr/libzephyr.a(printk.c.obj)
                0x00001be8                __printk_hook_install
 .text.vprintk  0x00001bf4       0x1c zephyr/libzephyr.a(printk.c.obj)
                0x00001bf4                vprintk
 .text.sys_reboot
                0x00001c10       0x28 zephyr/libzephyr.a(reboot.c.obj)
                0x00001c10                sys_reboot
 .text.z_arm_cpu_idle_init
                0x00001c38        0xc zephyr/arch/arch/arm/core/aarch32/libarch__arm__core__aarch32.a(cpu_idle.S.obj)
                0x00001c38                z_arm_cpu_idle_init
 .text.arch_cpu_idle
                0x00001c44       0x1c zephyr/arch/arch/arm/core/aarch32/libarch__arm__core__aarch32.a(cpu_idle.S.obj)
                0x00001c44                arch_cpu_idle
 .text.arch_cpu_atomic_idle
                0x00001c60       0x14 zephyr/arch/arch/arm/core/aarch32/libarch__arm__core__aarch32.a(cpu_idle.S.obj)
                0x00001c60                arch_cpu_atomic_idle
 .text._isr_wrapper
                0x00001c74       0x40 zephyr/arch/arch/arm/core/aarch32/libarch__arm__core__aarch32.a(isr_wrapper.S.obj)
                0x00001c74                _isr_wrapper
 .text.z_SysNmiOnReset
                0x00001cb4        0x8 zephyr/arch/arch/arm/core/aarch32/libarch__arm__core__aarch32.a(nmi_on_reset.S.obj)
                0x00001cb4                z_SysNmiOnReset
 .text.z_arm_pendsv
                0x00001cbc       0x54 zephyr/arch/arch/arm/core/aarch32/libarch__arm__core__aarch32.a(swap_helper.S.obj)
                0x00001cbc                z_arm_pendsv
 .text.z_arm_svc
                0x00001d10       0x20 zephyr/arch/arch/arm/core/aarch32/libarch__arm__core__aarch32.a(swap_helper.S.obj)
                0x00001d10                z_arm_svc
 .text.arch_irq_enable
                0x00001d30       0x20 zephyr/arch/arch/arm/core/aarch32/libarch__arm__core__aarch32.a(irq_manage.c.obj)
                0x00001d30                arch_irq_enable
 .text.arch_irq_is_enabled
                0x00001d50       0x1c zephyr/arch/arch/arm/core/aarch32/libarch__arm__core__aarch32.a(irq_manage.c.obj)
                0x00001d50                arch_irq_is_enabled
 .text.z_arm_irq_priority_set
                0x00001d6c       0x68 zephyr/arch/arch/arm/core/aarch32/libarch__arm__core__aarch32.a(irq_manage.c.obj)
                0x00001d6c                z_arm_irq_priority_set
 .text.z_arm_prep_c
                0x00001dd4       0x38 zephyr/arch/arch/arm/core/aarch32/libarch__arm__core__aarch32.a(prep_c.c.obj)
                0x00001dd4                z_arm_prep_c
 .text.arch_swap
                0x00001e0c       0x34 zephyr/arch/arch/arm/core/aarch32/libarch__arm__core__aarch32.a(swap.c.obj)
                0x00001e0c                arch_swap
 .text.arch_new_thread
                0x00001e40       0x38 zephyr/arch/arch/arm/core/aarch32/libarch__arm__core__aarch32.a(thread.c.obj)
                0x00001e40                arch_new_thread
 .text.z_check_thread_stack_fail
                0x00001e78       0x34 zephyr/arch/arch/arm/core/aarch32/libarch__arm__core__aarch32.a(thread.c.obj)
                0x00001e78                z_check_thread_stack_fail
 .text.arch_switch_to_main_thread
                0x00001eac       0x2c zephyr/arch/arch/arm/core/aarch32/libarch__arm__core__aarch32.a(thread.c.obj)
                0x00001eac                arch_switch_to_main_thread
 .text._HandlerModeExit
                0x00001ed8       0x1c zephyr/arch/arch/arm/core/aarch32/cortex_m/libarch__arm__core__aarch32__cortex_m.a(exc_exit.S.obj)
                0x00001ed8                z_arm_int_exit
                0x00001ed8                z_arm_exc_exit
 .text.__fault  0x00001ef4       0x14 zephyr/arch/arch/arm/core/aarch32/cortex_m/libarch__arm__core__aarch32__cortex_m.a(fault_s.S.obj)
                0x00001ef4                z_arm_usage_fault
                0x00001ef4                z_arm_mpu_fault
                0x00001ef4                z_arm_exc_spurious
                0x00001ef4                z_arm_debug_monitor
                0x00001ef4                z_arm_hard_fault
                0x00001ef4                z_arm_bus_fault
 .text._reset_section
                0x00001f08       0x54 zephyr/arch/arch/arm/core/aarch32/cortex_m/libarch__arm__core__aarch32__cortex_m.a(reset.S.obj)
                0x00001f08                __start
                0x00001f08                z_arm_reset
 .text.mem_manage_fault
                0x00001f5c       0xa4 zephyr/arch/arch/arm/core/aarch32/cortex_m/libarch__arm__core__aarch32__cortex_m.a(fault.c.obj)
 .text.bus_fault.isra.0
                0x00002000       0x3c zephyr/arch/arch/arm/core/aarch32/cortex_m/libarch__arm__core__aarch32__cortex_m.a(fault.c.obj)
 .text.usage_fault.isra.0
                0x0000203c       0x24 zephyr/arch/arch/arm/core/aarch32/cortex_m/libarch__arm__core__aarch32__cortex_m.a(fault.c.obj)
 .text.z_arm_fault
                0x00002060      0x17c zephyr/arch/arch/arm/core/aarch32/cortex_m/libarch__arm__core__aarch32__cortex_m.a(fault.c.obj)
                0x00002060                z_arm_fault
 .text.z_arm_fault_init
                0x000021dc       0x10 zephyr/arch/arch/arm/core/aarch32/cortex_m/libarch__arm__core__aarch32__cortex_m.a(fault.c.obj)
                0x000021dc                z_arm_fault_init
 .text.z_arm_interrupt_init
                0x000021ec       0x18 zephyr/arch/arch/arm/core/aarch32/cortex_m/libarch__arm__core__aarch32__cortex_m.a(irq_init.c.obj)
                0x000021ec                z_arm_interrupt_init
 .text.z_arm_clear_arm_mpu_config
                0x00002204       0x20 zephyr/arch/arch/arm/core/aarch32/cortex_m/libarch__arm__core__aarch32__cortex_m.a(scb.c.obj)
                0x00002204                z_arm_clear_arm_mpu_config
 .text.z_arm_init_arch_hw_at_boot
                0x00002224       0x64 zephyr/arch/arch/arm/core/aarch32/cortex_m/libarch__arm__core__aarch32__cortex_m.a(scb.c.obj)
                0x00002224                z_arm_init_arch_hw_at_boot
 .text.z_impl_k_thread_abort
                0x00002288       0x24 zephyr/arch/arch/arm/core/aarch32/cortex_m/libarch__arm__core__aarch32__cortex_m.a(thread_abort.c.obj)
                0x00002288                z_impl_k_thread_abort
 .text.z_arm_configure_static_mpu_regions
                0x000022ac       0x18 zephyr/arch/arch/arm/core/aarch32/mpu/libarch__arm__core__aarch32__mpu.a(arm_core_mpu.c.obj)
                0x000022ac                z_arm_configure_static_mpu_regions
 .text.z_arm_configure_dynamic_mpu_regions
                0x000022c4       0x20 zephyr/arch/arch/arm/core/aarch32/mpu/libarch__arm__core__aarch32__mpu.a(arm_core_mpu.c.obj)
                0x000022c4                z_arm_configure_dynamic_mpu_regions
 .text.mpu_configure_regions
                0x000022e4       0x80 zephyr/arch/arch/arm/core/aarch32/mpu/libarch__arm__core__aarch32__mpu.a(arm_mpu.c.obj)
 .text.arm_core_mpu_enable
                0x00002364       0x14 zephyr/arch/arch/arm/core/aarch32/mpu/libarch__arm__core__aarch32__mpu.a(arm_mpu.c.obj)
                0x00002364                arm_core_mpu_enable
 .text.arm_core_mpu_disable
                0x00002378       0x10 zephyr/arch/arch/arm/core/aarch32/mpu/libarch__arm__core__aarch32__mpu.a(arm_mpu.c.obj)
                0x00002378                arm_core_mpu_disable
 .text.arm_core_mpu_configure_static_mpu_regions
                0x00002388       0x50 zephyr/arch/arch/arm/core/aarch32/mpu/libarch__arm__core__aarch32__mpu.a(arm_mpu.c.obj)
                0x00002388                arm_core_mpu_configure_static_mpu_regions
 .text.arm_core_mpu_configure_dynamic_mpu_regions
                0x000023d8       0x64 zephyr/arch/arch/arm/core/aarch32/mpu/libarch__arm__core__aarch32__mpu.a(arm_mpu.c.obj)
                0x000023d8                arm_core_mpu_configure_dynamic_mpu_regions
 .text.z_arm_mpu_init
                0x0000243c       0xbc zephyr/arch/arch/arm/core/aarch32/mpu/libarch__arm__core__aarch32__mpu.a(arm_mpu.c.obj)
                0x0000243c                z_arm_mpu_init
 .text.__stdout_hook_install
                0x000024f8        0xc zephyr/lib/libc/minimal/liblib__libc__minimal.a(stdout_console.c.obj)
                0x000024f8                __stdout_hook_install
 .text.nordicsemi_nrf52_init
                0x00002504       0x64 zephyr/soc/arm/nordic_nrf/nrf52/libsoc__arm__nordic_nrf__nrf52.a(soc.c.obj)
 .text.sys_arch_reboot
                0x00002568       0x2c zephyr/soc/arm/nordic_nrf/nrf52/libsoc__arm__nordic_nrf__nrf52.a(soc.c.obj)
                0x00002568                sys_arch_reboot
 .text.arch_busy_wait
                0x00002594       0x14 zephyr/soc/arm/nordic_nrf/nrf52/libsoc__arm__nordic_nrf__nrf52.a(soc.c.obj)
                0x00002594                arch_busy_wait
 .text.onoff_start
                0x000025a8       0x54 zephyr/drivers/clock_control/libdrivers__clock_control.a(clock_control_nrf.c.obj)
 .text.get_status
                0x000025fc       0x3c zephyr/drivers/clock_control/libdrivers__clock_control.a(clock_control_nrf.c.obj)
 .text.stop     0x00002638       0x7c zephyr/drivers/clock_control/libdrivers__clock_control.a(clock_control_nrf.c.obj)
 .text.onoff_stop
                0x000026b4       0x28 zephyr/drivers/clock_control/libdrivers__clock_control.a(clock_control_nrf.c.obj)
 .text.clk_init
                0x000026dc       0x60 zephyr/drivers/clock_control/libdrivers__clock_control.a(clock_control_nrf.c.obj)
 .text.clkstarted_handle.constprop.0
                0x0000273c       0x34 zephyr/drivers/clock_control/libdrivers__clock_control.a(clock_control_nrf.c.obj)
 .text.clock_event_handler
                0x00002770       0x60 zephyr/drivers/clock_control/libdrivers__clock_control.a(clock_control_nrf.c.obj)
 .text.generic_hfclk_start
                0x000027d0       0x64 zephyr/drivers/clock_control/libdrivers__clock_control.a(clock_control_nrf.c.obj)
 .text.generic_hfclk_stop
                0x00002834       0x2c zephyr/drivers/clock_control/libdrivers__clock_control.a(clock_control_nrf.c.obj)
 .text.api_blocking_start
                0x00002860       0x34 zephyr/drivers/clock_control/libdrivers__clock_control.a(clock_control_nrf.c.obj)
 .text.z_nrf_clock_control_lf_on
                0x00002894      0x158 zephyr/drivers/clock_control/libdrivers__clock_control.a(clock_control_nrf.c.obj)
                0x00002894                z_nrf_clock_control_lf_on
 .text.uart_console_init
                0x000029ec       0x30 zephyr/drivers/console/libdrivers__console.a(uart_console.c.obj)
 .text.console_out
                0x00002a1c       0x28 zephyr/drivers/console/libdrivers__console.a(uart_console.c.obj)
 .text.gpio_nrfx_manage_callback
                0x00002a44       0xac zephyr/drivers/gpio/libdrivers__gpio.a(gpio_nrfx.c.obj)
 .text.nrfx_gpio_handler
                0x00002af0       0x98 zephyr/drivers/gpio/libdrivers__gpio.a(gpio_nrfx.c.obj)
 .text.gpio_nrfx_pin_interrupt_configure
                0x00002b88      0x130 zephyr/drivers/gpio/libdrivers__gpio.a(gpio_nrfx.c.obj)
 .text.gpio_nrfx_init
                0x00002cb8       0x38 zephyr/drivers/gpio/libdrivers__gpio.a(gpio_nrfx.c.obj)
 .text.gpio_nrfx_pin_configure
                0x00002cf0      0x15c zephyr/drivers/gpio/libdrivers__gpio.a(gpio_nrfx.c.obj)
 .text.uarte_nrfx_configure
                0x00002e4c      0x164 zephyr/drivers/serial/libdrivers__serial.a(uart_nrfx_uarte.c.obj)
 .text.nrf_gpio_pin_port_decode
                0x00002fb0       0x84 zephyr/drivers/serial/libdrivers__serial.a(uart_nrfx_uarte.c.obj)
 .text.uarte_nrfx_poll_out
                0x00003034       0xc4 zephyr/drivers/serial/libdrivers__serial.a(uart_nrfx_uarte.c.obj)
 .text.uarte_instance_init.isra.0
                0x000030f8      0x198 zephyr/drivers/serial/libdrivers__serial.a(uart_nrfx_uarte.c.obj)
 .text.sys_clock_timeout_handler
                0x00003290       0x78 zephyr/drivers/timer/libdrivers__timer.a(nrf_rtc_timer.c.obj)
 .text.compare_int_lock
                0x00003308       0x50 zephyr/drivers/timer/libdrivers__timer.a(nrf_rtc_timer.c.obj)
 .text.compare_int_unlock.part.0
                0x00003358       0x5c zephyr/drivers/timer/libdrivers__timer.a(nrf_rtc_timer.c.obj)
 .text.z_nrf_rtc_timer_read
                0x000033b4       0x44 zephyr/drivers/timer/libdrivers__timer.a(nrf_rtc_timer.c.obj)
                0x000033b4                z_nrf_rtc_timer_read
 .text.compare_set
                0x000033f8      0x154 zephyr/drivers/timer/libdrivers__timer.a(nrf_rtc_timer.c.obj)
 .text.sys_clock_driver_init
                0x0000354c       0x84 zephyr/drivers/timer/libdrivers__timer.a(nrf_rtc_timer.c.obj)
 .text.rtc_nrf_isr
                0x000035d0       0xf0 zephyr/drivers/timer/libdrivers__timer.a(nrf_rtc_timer.c.obj)
                0x000035d0                rtc_nrf_isr
 .text.sys_clock_set_timeout
                0x000036c0       0x60 zephyr/drivers/timer/libdrivers__timer.a(nrf_rtc_timer.c.obj)
                0x000036c0                sys_clock_set_timeout
 .text.sys_clock_elapsed
                0x00003720       0x14 zephyr/drivers/timer/libdrivers__timer.a(nrf_rtc_timer.c.obj)
                0x00003720                sys_clock_elapsed
 .text.nrf_clock_is_running.constprop.0
                0x00003734       0x68 modules/hal_nordic/nrfx/libmodules__hal_nordic__nrfx.a(nrfx_clock.c.obj)
 .text.nrfx_clock_init
                0x0000379c       0x48 modules/hal_nordic/nrfx/libmodules__hal_nordic__nrfx.a(nrfx_clock.c.obj)
                0x0000379c                nrfx_clock_init
 .text.nrfx_clock_enable
                0x000037e4       0x40 modules/hal_nordic/nrfx/libmodules__hal_nordic__nrfx.a(nrfx_clock.c.obj)
                0x000037e4                nrfx_clock_enable
 .text.nrfx_clock_start
                0x00003824       0xa8 modules/hal_nordic/nrfx/libmodules__hal_nordic__nrfx.a(nrfx_clock.c.obj)
                0x00003824                nrfx_clock_start
 .text.nrfx_clock_stop
                0x000038cc       0xdc modules/hal_nordic/nrfx/libmodules__hal_nordic__nrfx.a(nrfx_clock.c.obj)
                0x000038cc                nrfx_clock_stop
 .text.nrfx_power_clock_irq_handler
                0x000039a8       0x68 modules/hal_nordic/nrfx/libmodules__hal_nordic__nrfx.a(nrfx_clock.c.obj)
                0x000039a8                nrfx_power_clock_irq_handler
 .text.nrfx_flag32_alloc
                0x00003a10       0x48 modules/hal_nordic/nrfx/libmodules__hal_nordic__nrfx.a(nrfx_flag32_allocator.c.obj)
                0x00003a10                nrfx_flag32_alloc
 .text.nrfx_flag32_free
                0x00003a58       0x44 modules/hal_nordic/nrfx/libmodules__hal_nordic__nrfx.a(nrfx_flag32_allocator.c.obj)
                0x00003a58                nrfx_flag32_free
 .text.pin_is_task_output
                0x00003a9c       0x1c modules/hal_nordic/nrfx/libmodules__hal_nordic__nrfx.a(nrfx_gpiote.c.obj)
 .text.call_handler
                0x00003ab8       0x3c modules/hal_nordic/nrfx/libmodules__hal_nordic__nrfx.a(nrfx_gpiote.c.obj)
 .text.release_handler
                0x00003af4       0x80 modules/hal_nordic/nrfx/libmodules__hal_nordic__nrfx.a(nrfx_gpiote.c.obj)
 .text.pin_handler_trigger_uninit
                0x00003b74       0x34 modules/hal_nordic/nrfx/libmodules__hal_nordic__nrfx.a(nrfx_gpiote.c.obj)
 .text.nrf_gpio_pin_port_decode
                0x00003ba8       0x6c modules/hal_nordic/nrfx/libmodules__hal_nordic__nrfx.a(nrfx_gpiote.c.obj)
 .text.nrfx_gpiote_input_configure
                0x00003c14      0x150 modules/hal_nordic/nrfx/libmodules__hal_nordic__nrfx.a(nrfx_gpiote.c.obj)
                0x00003c14                nrfx_gpiote_input_configure
 .text.nrfx_gpiote_output_configure
                0x00003d64       0xe0 modules/hal_nordic/nrfx/libmodules__hal_nordic__nrfx.a(nrfx_gpiote.c.obj)
                0x00003d64                nrfx_gpiote_output_configure
 .text.nrfx_gpiote_global_callback_set
                0x00003e44        0xc modules/hal_nordic/nrfx/libmodules__hal_nordic__nrfx.a(nrfx_gpiote.c.obj)
                0x00003e44                nrfx_gpiote_global_callback_set
 .text.nrfx_gpiote_channel_get
                0x00003e50       0x50 modules/hal_nordic/nrfx/libmodules__hal_nordic__nrfx.a(nrfx_gpiote.c.obj)
                0x00003e50                nrfx_gpiote_channel_get
 .text.nrfx_gpiote_init
                0x00003ea0       0x50 modules/hal_nordic/nrfx/libmodules__hal_nordic__nrfx.a(nrfx_gpiote.c.obj)
                0x00003ea0                nrfx_gpiote_init
 .text.nrfx_gpiote_is_init
                0x00003ef0       0x14 modules/hal_nordic/nrfx/libmodules__hal_nordic__nrfx.a(nrfx_gpiote.c.obj)
                0x00003ef0                nrfx_gpiote_is_init
 .text.nrfx_gpiote_channel_free
                0x00003f04        0xc modules/hal_nordic/nrfx/libmodules__hal_nordic__nrfx.a(nrfx_gpiote.c.obj)
                0x00003f04                nrfx_gpiote_channel_free
 .text.nrfx_gpiote_channel_alloc
                0x00003f10        0xc modules/hal_nordic/nrfx/libmodules__hal_nordic__nrfx.a(nrfx_gpiote.c.obj)
                0x00003f10                nrfx_gpiote_channel_alloc
 .text.nrfx_gpiote_trigger_enable
                0x00003f1c       0xe0 modules/hal_nordic/nrfx/libmodules__hal_nordic__nrfx.a(nrfx_gpiote.c.obj)
                0x00003f1c                nrfx_gpiote_trigger_enable
 .text.nrfx_gpiote_trigger_disable
                0x00003ffc       0x44 modules/hal_nordic/nrfx/libmodules__hal_nordic__nrfx.a(nrfx_gpiote.c.obj)
                0x00003ffc                nrfx_gpiote_trigger_disable
 .text.nrfx_gpiote_pin_uninit
                0x00004040       0x48 modules/hal_nordic/nrfx/libmodules__hal_nordic__nrfx.a(nrfx_gpiote.c.obj)
                0x00004040                nrfx_gpiote_pin_uninit
 .text.nrfx_gpiote_irq_handler
                0x00004088      0x1b4 modules/hal_nordic/nrfx/libmodules__hal_nordic__nrfx.a(nrfx_gpiote.c.obj)
                0x00004088                nrfx_gpiote_irq_handler
 .text.nrfx_ppi_channel_alloc
                0x0000423c        0xc modules/hal_nordic/nrfx/libmodules__hal_nordic__nrfx.a(nrfx_ppi.c.obj)
                0x0000423c                nrfx_ppi_channel_alloc
 .text.nrf52_errata_36
                0x00004248       0x14 modules/hal_nordic/nrfx/libmodules__hal_nordic__nrfx.a(system_nrf52840.c.obj)
 .text.nrf52_errata_98
                0x0000425c       0x28 modules/hal_nordic/nrfx/libmodules__hal_nordic__nrfx.a(system_nrf52840.c.obj)
 .text.nvmc_wait
                0x00004284       0x10 modules/hal_nordic/nrfx/libmodules__hal_nordic__nrfx.a(system_nrf52840.c.obj)
                0x00004284                nvmc_wait
 .text.SystemInit
                0x00004294      0x1d0 modules/hal_nordic/nrfx/libmodules__hal_nordic__nrfx.a(system_nrf52840.c.obj)
                0x00004294                SystemInit
 .text._DoInit  0x00004464       0x6c modules/segger/libmodules__segger.a(SEGGER_RTT.c.obj)
 .text.z_sys_init_run_level
                0x000044d0       0x40 zephyr/kernel/libkernel.a(device.c.obj)
                0x000044d0                z_sys_init_run_level
 .text.z_impl_device_get_binding
                0x00004510       0x58 zephyr/kernel/libkernel.a(device.c.obj)
                0x00004510                z_impl_device_get_binding
 .text.z_fatal_error
                0x00004568       0x64 zephyr/kernel/libkernel.a(fatal.c.obj)
                0x00004568                z_fatal_error
 .text.idle     0x000045cc       0x58 zephyr/kernel/libkernel.a(idle.c.obj)
                0x000045cc                idle
 .text.init_idle_thread
                0x00004624       0x58 zephyr/kernel/libkernel.a(init.c.obj)
 .text.bg_thread_main
                0x0000467c       0x34 zephyr/kernel/libkernel.a(init.c.obj)
 .text.z_bss_zero
                0x000046b0       0x14 zephyr/kernel/libkernel.a(init.c.obj)
                0x000046b0                z_bss_zero
 .text.z_cstart
                0x000046c4       0xe4 zephyr/kernel/libkernel.a(init.c.obj)
                0x000046c4                z_cstart
 .text.init_mem_slab_module
                0x000047a8       0x78 zephyr/kernel/libkernel.a(mem_slab.c.obj)
 .text.k_mem_slab_alloc
                0x00004820       0xd8 zephyr/kernel/libkernel.a(mem_slab.c.obj)
                0x00004820                k_mem_slab_alloc
 .text.k_mem_slab_free
                0x000048f8       0xc8 zephyr/kernel/libkernel.a(mem_slab.c.obj)
                0x000048f8                k_mem_slab_free
 .text.z_impl_k_mutex_lock
                0x000049c0      0x200 zephyr/kernel/libkernel.a(mutex.c.obj)
                0x000049c0                z_impl_k_mutex_lock
 .text.z_impl_k_mutex_unlock
                0x00004bc0      0x190 zephyr/kernel/libkernel.a(mutex.c.obj)
                0x00004bc0                z_impl_k_mutex_unlock
 .text.z_reset_time_slice
                0x00004d50       0x2c zephyr/kernel/libkernel.a(sched.c.obj)
                0x00004d50                z_reset_time_slice
 .text.k_sched_time_slice_set
                0x00004d7c       0xcc zephyr/kernel/libkernel.a(sched.c.obj)
                0x00004d7c                k_sched_time_slice_set
 .text.z_reschedule
                0x00004e48       0x88 zephyr/kernel/libkernel.a(sched.c.obj)
                0x00004e48                z_reschedule
 .text.k_sched_lock
                0x00004ed0       0xe8 zephyr/kernel/libkernel.a(sched.c.obj)
                0x00004ed0                k_sched_lock
 .text.z_priq_dumb_remove
                0x00004fb8       0x44 zephyr/kernel/libkernel.a(sched.c.obj)
                0x00004fb8                z_priq_dumb_remove
 .text.unpend_thread_no_timeout
                0x00004ffc       0x44 zephyr/kernel/libkernel.a(sched.c.obj)
 .text.update_cache
                0x00005040       0x70 zephyr/kernel/libkernel.a(sched.c.obj)
 .text.move_thread_to_end_of_prio_q
                0x000050b0       0xac zephyr/kernel/libkernel.a(sched.c.obj)
 .text.z_time_slice
                0x0000515c       0xf0 zephyr/kernel/libkernel.a(sched.c.obj)
                0x0000515c                z_time_slice
 .text.ready_thread
                0x0000524c       0xa4 zephyr/kernel/libkernel.a(sched.c.obj)
 .text.z_ready_thread
                0x000052f0       0x90 zephyr/kernel/libkernel.a(sched.c.obj)
                0x000052f0                z_ready_thread
 .text.z_sched_start
                0x00005380       0xa8 zephyr/kernel/libkernel.a(sched.c.obj)
                0x00005380                z_sched_start
 .text.z_thread_timeout
                0x00005428       0xb4 zephyr/kernel/libkernel.a(sched.c.obj)
                0x00005428                z_thread_timeout
 .text.unready_thread
                0x000054dc       0x38 zephyr/kernel/libkernel.a(sched.c.obj)
 .text.add_to_waitq_locked
                0x00005514       0x84 zephyr/kernel/libkernel.a(sched.c.obj)
 .text.pend     0x00005598       0xbc zephyr/kernel/libkernel.a(sched.c.obj)
 .text.z_pend_curr
                0x00005654       0x60 zephyr/kernel/libkernel.a(sched.c.obj)
                0x00005654                z_pend_curr
 .text.z_set_prio
                0x000056b4      0x138 zephyr/kernel/libkernel.a(sched.c.obj)
                0x000056b4                z_set_prio
 .text.z_impl_k_thread_suspend
                0x000057ec       0xd4 zephyr/kernel/libkernel.a(sched.c.obj)
                0x000057ec                z_impl_k_thread_suspend
 .text.k_sched_unlock
                0x000058c0       0xf8 zephyr/kernel/libkernel.a(sched.c.obj)
                0x000058c0                k_sched_unlock
 .text.z_unpend_first_thread
                0x000059b8       0xa0 zephyr/kernel/libkernel.a(sched.c.obj)
                0x000059b8                z_unpend_first_thread
 .text.z_sched_init
                0x00005a58       0x18 zephyr/kernel/libkernel.a(sched.c.obj)
                0x00005a58                z_sched_init
 .text.z_impl_k_yield
                0x00005a70      0x148 zephyr/kernel/libkernel.a(sched.c.obj)
                0x00005a70                z_impl_k_yield
 .text.z_tick_sleep
                0x00005bb8      0x15c zephyr/kernel/libkernel.a(sched.c.obj)
 .text.z_impl_k_sleep
                0x00005d14       0x70 zephyr/kernel/libkernel.a(sched.c.obj)
                0x00005d14                z_impl_k_sleep
 .text.z_impl_z_current_get
                0x00005d84        0xc zephyr/kernel/libkernel.a(sched.c.obj)
                0x00005d84                z_impl_z_current_get
 .text.z_thread_abort
                0x00005d90      0x168 zephyr/kernel/libkernel.a(sched.c.obj)
                0x00005d90                z_thread_abort
 .text.z_impl_k_sem_give
                0x00005ef8       0x7c zephyr/kernel/libkernel.a(sem.c.obj)
                0x00005ef8                z_impl_k_sem_give
 .text.z_impl_k_sem_take
                0x00005f74      0x114 zephyr/kernel/libkernel.a(sem.c.obj)
                0x00005f74                z_impl_k_sem_take
 .text.z_setup_new_thread
                0x00006088       0xc8 zephyr/kernel/libkernel.a(thread.c.obj)
                0x00006088                z_setup_new_thread
 .text.z_init_static_threads
                0x00006150      0x120 zephyr/kernel/libkernel.a(thread.c.obj)
                0x00006150                z_init_static_threads
 .text.z_spin_lock_valid
                0x00006270       0x1c zephyr/kernel/libkernel.a(thread.c.obj)
                0x00006270                z_spin_lock_valid
 .text.z_spin_unlock_valid
                0x0000628c       0x20 zephyr/kernel/libkernel.a(thread.c.obj)
                0x0000628c                z_spin_unlock_valid
 .text.z_spin_lock_set_owner
                0x000062ac       0x10 zephyr/kernel/libkernel.a(thread.c.obj)
                0x000062ac                z_spin_lock_set_owner
 .text.elapsed  0x000062bc       0x14 zephyr/kernel/libkernel.a(timeout.c.obj)
 .text.next_timeout
                0x000062d0       0x58 zephyr/kernel/libkernel.a(timeout.c.obj)
 .text.remove_timeout
                0x00006328       0x34 zephyr/kernel/libkernel.a(timeout.c.obj)
 .text.z_add_timeout
                0x0000635c      0x1a8 zephyr/kernel/libkernel.a(timeout.c.obj)
                0x0000635c                z_add_timeout
 .text.z_abort_timeout
                0x00006504       0x9c zephyr/kernel/libkernel.a(timeout.c.obj)
                0x00006504                z_abort_timeout
 .text.z_get_next_timeout_expiry
                0x000065a0       0x90 zephyr/kernel/libkernel.a(timeout.c.obj)
                0x000065a0                z_get_next_timeout_expiry
 .text.z_set_timeout_expiry
                0x00006630       0xa0 zephyr/kernel/libkernel.a(timeout.c.obj)
                0x00006630                z_set_timeout_expiry
 .text.sys_clock_announce
                0x000066d0      0x198 zephyr/kernel/libkernel.a(timeout.c.obj)
                0x000066d0                sys_clock_announce
 .text.sys_clock_tick_get
                0x00006868       0xa0 zephyr/kernel/libkernel.a(timeout.c.obj)
                0x00006868                sys_clock_tick_get
 .text.z_data_copy
                0x00006908       0x34 zephyr/kernel/libkernel.a(xip.c.obj)
                0x00006908                z_data_copy
 .text.boot_banner
                0x0000693c       0x18 zephyr/kernel/libkernel.a(banner.c.obj)
                0x0000693c                boot_banner
 .text.nrf_cc3xx_platform_init_no_rng
                0x00006954       0x38 C:/Users/renat/ncs/v1.9.1/nrfxlib/crypto/nrf_cc310_platform/lib/cortex-m4/soft-float/no-interrupts/libnrf_cc310_platform_0.9.13.a(nrf_cc3xx_platform.c.obj)
                0x00006954                nrf_cc3xx_platform_init_no_rng
 .text.nrf_cc3xx_platform_abort
                0x0000698c       0x24 C:/Users/renat/ncs/v1.9.1/nrfxlib/crypto/nrf_cc310_platform/lib/cortex-m4/soft-float/no-interrupts/libnrf_cc310_platform_0.9.13.a(nrf_cc3xx_platform_abort.c.obj)
 .text.CC_PalAbort
                0x000069b0       0x40 C:/Users/renat/ncs/v1.9.1/nrfxlib/crypto/nrf_cc310_platform/lib/cortex-m4/soft-float/no-interrupts/libnrf_cc310_platform_0.9.13.a(nrf_cc3xx_platform_abort.c.obj)
                0x000069b0                CC_PalAbort
 .text.nrf_cc3xx_platform_set_abort
                0x000069f0       0x10 C:/Users/renat/ncs/v1.9.1/nrfxlib/crypto/nrf_cc310_platform/lib/cortex-m4/soft-float/no-interrupts/libnrf_cc310_platform_0.9.13.a(nrf_cc3xx_platform_abort.c.obj)
                0x000069f0                nrf_cc3xx_platform_set_abort
 .text.mutex_free
                0x00006a00       0x28 C:/Users/renat/ncs/v1.9.1/nrfxlib/crypto/nrf_cc310_platform/lib/cortex-m4/soft-float/no-interrupts/libnrf_cc310_platform_0.9.13.a(nrf_cc3xx_platform_mutex.c.obj)
 .text.mutex_unlock
                0x00006a28       0x2c C:/Users/renat/ncs/v1.9.1/nrfxlib/crypto/nrf_cc310_platform/lib/cortex-m4/soft-float/no-interrupts/libnrf_cc310_platform_0.9.13.a(nrf_cc3xx_platform_mutex.c.obj)
 .text.mutex_init
                0x00006a54       0x1c C:/Users/renat/ncs/v1.9.1/nrfxlib/crypto/nrf_cc310_platform/lib/cortex-m4/soft-float/no-interrupts/libnrf_cc310_platform_0.9.13.a(nrf_cc3xx_platform_mutex.c.obj)
 .text.mutex_lock
                0x00006a70       0x44 C:/Users/renat/ncs/v1.9.1/nrfxlib/crypto/nrf_cc310_platform/lib/cortex-m4/soft-float/no-interrupts/libnrf_cc310_platform_0.9.13.a(nrf_cc3xx_platform_mutex.c.obj)
 .text.nrf_cc3xx_platform_set_mutexes
                0x00006ab4       0x60 C:/Users/renat/ncs/v1.9.1/nrfxlib/crypto/nrf_cc310_platform/lib/cortex-m4/soft-float/no-interrupts/libnrf_cc310_platform_0.9.13.a(nrf_cc3xx_platform_mutex.c.obj)
                0x00006ab4                nrf_cc3xx_platform_set_mutexes
 .text.CC_LibInitNoRng
                0x00006b14       0x6c C:/Users/renat/ncs/v1.9.1/nrfxlib/crypto/nrf_cc310_platform/lib/cortex-m4/soft-float/no-interrupts/libnrf_cc310_platform_0.9.13.a(cc_lib.c.obj)
                0x00006b14                CC_LibInitNoRng
 .text.CC_HalInit
                0x00006b80        0x4 C:/Users/renat/ncs/v1.9.1/nrfxlib/crypto/nrf_cc310_platform/lib/cortex-m4/soft-float/no-interrupts/libnrf_cc310_platform_0.9.13.a(cc_hal.c.obj)
                0x00006b80                CC_HalInit
 .text.CC_HalTerminate
                0x00006b84        0x4 C:/Users/renat/ncs/v1.9.1/nrfxlib/crypto/nrf_cc310_platform/lib/cortex-m4/soft-float/no-interrupts/libnrf_cc310_platform_0.9.13.a(cc_hal.c.obj)
                0x00006b84                CC_HalTerminate
 .text.CC_HalMaskInterrupt
                0x00006b88        0xc C:/Users/renat/ncs/v1.9.1/nrfxlib/crypto/nrf_cc310_platform/lib/cortex-m4/soft-float/no-interrupts/libnrf_cc310_platform_0.9.13.a(cc_hal.c.obj)
                0x00006b88                CC_HalMaskInterrupt
 .text.CC_PalInit
                0x00006b94       0x5c C:/Users/renat/ncs/v1.9.1/nrfxlib/crypto/nrf_cc310_platform/lib/cortex-m4/soft-float/no-interrupts/libnrf_cc310_platform_0.9.13.a(cc_pal.c.obj)
                0x00006b94                CC_PalInit
 .text.CC_PalTerminate
                0x00006bf0       0x34 C:/Users/renat/ncs/v1.9.1/nrfxlib/crypto/nrf_cc310_platform/lib/cortex-m4/soft-float/no-interrupts/libnrf_cc310_platform_0.9.13.a(cc_pal.c.obj)
                0x00006bf0                CC_PalTerminate
 .text.CC_PalDmaInit
                0x00006c24        0x4 C:/Users/renat/ncs/v1.9.1/nrfxlib/crypto/nrf_cc310_platform/lib/cortex-m4/soft-float/no-interrupts/libnrf_cc310_platform_0.9.13.a(cc_pal_dma.c.obj)
                0x00006c24                CC_PalDmaInit
 .text.CC_PalDmaTerminate
                0x00006c28        0x4 C:/Users/renat/ncs/v1.9.1/nrfxlib/crypto/nrf_cc310_platform/lib/cortex-m4/soft-float/no-interrupts/libnrf_cc310_platform_0.9.13.a(cc_pal_dma.c.obj)
                0x00006c28                CC_PalDmaTerminate
 .text.CC_PalMutexCreate
                0x00006c2c       0x14 C:/Users/renat/ncs/v1.9.1/nrfxlib/crypto/nrf_cc310_platform/lib/cortex-m4/soft-float/no-interrupts/libnrf_cc310_platform_0.9.13.a(cc_pal_mutex.c.obj)
                0x00006c2c                CC_PalMutexCreate
 .text.CC_PalMutexDestroy
                0x00006c40       0x14 C:/Users/renat/ncs/v1.9.1/nrfxlib/crypto/nrf_cc310_platform/lib/cortex-m4/soft-float/no-interrupts/libnrf_cc310_platform_0.9.13.a(cc_pal_mutex.c.obj)
                0x00006c40                CC_PalMutexDestroy
 .text.CC_PalPowerSaveModeInit
                0x00006c54       0x3c C:/Users/renat/ncs/v1.9.1/nrfxlib/crypto/nrf_cc310_platform/lib/cortex-m4/soft-float/no-interrupts/libnrf_cc310_platform_0.9.13.a(cc_pal_pm.c.obj)
                0x00006c54                CC_PalPowerSaveModeInit
 .text.CC_PalPowerSaveModeSelect
                0x00006c90       0x84 C:/Users/renat/ncs/v1.9.1/nrfxlib/crypto/nrf_cc310_platform/lib/cortex-m4/soft-float/no-interrupts/libnrf_cc310_platform_0.9.13.a(cc_pal_pm.c.obj)
                0x00006c90                CC_PalPowerSaveModeSelect
 .text.gpio_add_callback
                0x00006d14       0x10 app/libapp.a(main.c.obj)
 .text.assert_post_action
                0x00006d24        0xe zephyr/libzephyr.a(assert.c.obj)
                0x00006d24                assert_post_action
 .text.encode_uint
                0x00006d32       0x96 zephyr/libzephyr.a(cbprintf_complete.c.obj)
 .text.outs     0x00006dc8       0x2c zephyr/libzephyr.a(cbprintf_complete.c.obj)
 .text._ConfigAbsSyms
                0x00006df4        0x2 zephyr/libzephyr.a(configs.c.obj)
                0x00006df4                _ConfigAbsSyms
 .text.sys_notify_validate
                0x00006df6       0x22 zephyr/libzephyr.a(notify.c.obj)
                0x00006df6                sys_notify_validate
 .text.abort_function
                0x00006e18        0x8 zephyr/libzephyr.a(nrf_cc3xx_platform_abort_zephyr.c.obj)
 .text.process_recheck
                0x00006e20       0x38 zephyr/libzephyr.a(onoff.c.obj)
 .text.notify_one
                0x00006e58       0x2c zephyr/libzephyr.a(onoff.c.obj)
 .text.validate_args
                0x00006e84       0x1e zephyr/libzephyr.a(onoff.c.obj)
 .text.onoff_manager_init
                0x00006ea2       0x26 zephyr/libzephyr.a(onoff.c.obj)
                0x00006ea2                onoff_manager_init
 .text.arch_printk_char_out
                0x00006ec8        0x4 zephyr/libzephyr.a(printk.c.obj)
                0x00006ec8                arch_printk_char_out
 .text.printk   0x00006ecc       0x1a zephyr/libzephyr.a(printk.c.obj)
                0x00006ecc                printk
 .text.pm_policy_next_state
                0x00006ee6        0xa zephyr/libzephyr.a(residency.c.obj)
                0x00006ee6                pm_policy_next_state
 .text.z_thread_entry
                0x00006ef0       0x14 zephyr/libzephyr.a(thread_entry.c.obj)
                0x00006ef0                z_thread_entry
 .text.z_arm_fatal_error
                0x00006f04        0x4 zephyr/arch/arch/arm/core/aarch32/libarch__arm__core__aarch32.a(fatal.c.obj)
                0x00006f04                z_arm_fatal_error
 .text.z_do_kernel_oops
                0x00006f08        0x8 zephyr/arch/arch/arm/core/aarch32/libarch__arm__core__aarch32.a(fatal.c.obj)
                0x00006f08                z_do_kernel_oops
 .text.z_irq_spurious
                0x00006f10        0x8 zephyr/arch/arch/arm/core/aarch32/libarch__arm__core__aarch32.a(irq_manage.c.obj)
                0x00006f10                z_irq_spurious
 .text.z_arm_nmi
                0x00006f18        0xe zephyr/arch/arch/arm/core/aarch32/libarch__arm__core__aarch32.a(nmi.c.obj)
                0x00006f18                z_arm_nmi
 .text._stdout_hook_default
                0x00006f26        0x6 zephyr/lib/libc/minimal/liblib__libc__minimal.a(stdout_console.c.obj)
 .text.strcpy   0x00006f2c       0x14 zephyr/lib/libc/minimal/liblib__libc__minimal.a(string.c.obj)
                0x00006f2c                strcpy
 .text.strlen   0x00006f40        0xe zephyr/lib/libc/minimal/liblib__libc__minimal.a(string.c.obj)
                0x00006f40                strlen
 .text.strnlen  0x00006f4e       0x12 zephyr/lib/libc/minimal/liblib__libc__minimal.a(string.c.obj)
                0x00006f4e                strnlen
 .text.strcmp   0x00006f60       0x18 zephyr/lib/libc/minimal/liblib__libc__minimal.a(string.c.obj)
                0x00006f60                strcmp
 .text.memcpy   0x00006f78       0x16 zephyr/lib/libc/minimal/liblib__libc__minimal.a(string.c.obj)
                0x00006f78                memcpy
 .text.memset   0x00006f8e       0x12 zephyr/lib/libc/minimal/liblib__libc__minimal.a(string.c.obj)
                0x00006f8e                memset
 .text.pm_power_state_set
                0x00006fa0       0x26 zephyr/soc/arm/nordic_nrf/nrf52/libsoc__arm__nordic_nrf__nrf52.a(power.c.obj)
                0x00006fa0                pm_power_state_set
 .text.pm_power_state_exit_post_ops
                0x00006fc6       0x16 zephyr/soc/arm/nordic_nrf/nrf52/libsoc__arm__nordic_nrf__nrf52.a(power.c.obj)
                0x00006fc6                pm_power_state_exit_post_ops
 .text.set_starting_state
                0x00006fdc       0x3c zephyr/drivers/clock_control/libdrivers__clock_control.a(clock_control_nrf.c.obj)
 .text.set_on_state
                0x00007018       0x26 zephyr/drivers/clock_control/libdrivers__clock_control.a(clock_control_nrf.c.obj)
 .text.onoff_started_callback
                0x0000703e        0xc zephyr/drivers/clock_control/libdrivers__clock_control.a(clock_control_nrf.c.obj)
 .text.lfclk_start
                0x0000704a        0x6 zephyr/drivers/clock_control/libdrivers__clock_control.a(clock_control_nrf.c.obj)
 .text.lfclk_stop
                0x00007050        0x6 zephyr/drivers/clock_control/libdrivers__clock_control.a(clock_control_nrf.c.obj)
 .text.api_stop
                0x00007056        0x6 zephyr/drivers/clock_control/libdrivers__clock_control.a(clock_control_nrf.c.obj)
 .text.blocking_start_callback
                0x0000705c        0x6 zephyr/drivers/clock_control/libdrivers__clock_control.a(clock_control_nrf.c.obj)
 .text.api_start
                0x00007062       0x36 zephyr/drivers/clock_control/libdrivers__clock_control.a(clock_control_nrf.c.obj)
 .text.gpio_nrfx_port_get_raw
                0x00007098        0xe zephyr/drivers/gpio/libdrivers__gpio.a(gpio_nrfx.c.obj)
 .text.gpio_nrfx_port_set_masked_raw
                0x000070a6       0x16 zephyr/drivers/gpio/libdrivers__gpio.a(gpio_nrfx.c.obj)
 .text.gpio_nrfx_port_set_bits_raw
                0x000070bc        0xc zephyr/drivers/gpio/libdrivers__gpio.a(gpio_nrfx.c.obj)
 .text.gpio_nrfx_port_clear_bits_raw
                0x000070c8        0xc zephyr/drivers/gpio/libdrivers__gpio.a(gpio_nrfx.c.obj)
 .text.gpio_nrfx_port_toggle_bits
                0x000070d4       0x12 zephyr/drivers/gpio/libdrivers__gpio.a(gpio_nrfx.c.obj)
 .text.uarte_nrfx_isr_int
                0x000070e6       0x74 zephyr/drivers/serial/libdrivers__serial.a(uart_nrfx_uarte.c.obj)
 .text.uarte_nrfx_config_get
                0x0000715a       0x10 zephyr/drivers/serial/libdrivers__serial.a(uart_nrfx_uarte.c.obj)
 .text.uarte_nrfx_err_check
                0x0000716a        0xe zephyr/drivers/serial/libdrivers__serial.a(uart_nrfx_uarte.c.obj)
 .text.is_tx_ready
                0x00007178       0x20 zephyr/drivers/serial/libdrivers__serial.a(uart_nrfx_uarte.c.obj)
 .text.uarte_nrfx_poll_in
                0x00007198       0x26 zephyr/drivers/serial/libdrivers__serial.a(uart_nrfx_uarte.c.obj)
 .text.uarte_0_init
                0x000071be       0x1e zephyr/drivers/serial/libdrivers__serial.a(uart_nrfx_uarte.c.obj)
 .text.uarte_1_init
                0x000071dc       0x1e zephyr/drivers/serial/libdrivers__serial.a(uart_nrfx_uarte.c.obj)
 .text.sys_clock_cycle_get_32
                0x000071fa        0x8 zephyr/drivers/timer/libdrivers__timer.a(nrf_rtc_timer.c.obj)
                0x000071fa                sys_clock_cycle_get_32
 .text.sys_clock_idle_exit
                0x00007202        0x2 zephyr/drivers/timer/libdrivers__timer.a(sys_clock_init.c.obj)
                0x00007202                sys_clock_idle_exit
 .text.k_sys_fatal_error_handler
                0x00007204        0x8 modules/nrf/lib/fatal_error/lib..__nrf__lib__fatal_error.a(fatal_error.c.obj)
                0x00007204                k_sys_fatal_error_handler
 .text.hw_cc3xx_init_internal
                0x0000720c        0x4 modules/nrf/drivers/hw_cc310/lib..__nrf__drivers__hw_cc310.a(hw_cc310.c.obj)
 .text.hw_cc3xx_init
                0x00007210       0x12 modules/nrf/drivers/hw_cc310/lib..__nrf__drivers__hw_cc310.a(hw_cc310.c.obj)
 .text.nrfx_isr
                0x00007222        0x2 modules/hal_nordic/nrfx/libmodules__hal_nordic__nrfx.a(nrfx_glue.c.obj)
                0x00007222                nrfx_isr
 .text.nrfx_busy_wait
                0x00007224        0x4 modules/hal_nordic/nrfx/libmodules__hal_nordic__nrfx.a(nrfx_glue.c.obj)
                0x00007224                nrfx_busy_wait
 .text.nrf_gpio_pin_present_check
                0x00007228       0x22 modules/hal_nordic/nrfx/libmodules__hal_nordic__nrfx.a(nrfx_gpiote.c.obj)
 .text.nrf_gpiote_in_event_get
                0x0000724a        0x8 modules/hal_nordic/nrfx/libmodules__hal_nordic__nrfx.a(nrfx_gpiote.c.obj)
 .text.nrf_gpio_reconfigure
                0x00007252       0x96 modules/hal_nordic/nrfx/libmodules__hal_nordic__nrfx.a(nrfx_gpiote.c.obj)
 .text.nrf_gpio_cfg_sense_set
                0x000072e8       0x1e modules/hal_nordic/nrfx/libmodules__hal_nordic__nrfx.a(nrfx_gpiote.c.obj)
 .text.SEGGER_RTT_Init
                0x00007306        0x4 modules/segger/libmodules__segger.a(SEGGER_RTT.c.obj)
                0x00007306                SEGGER_RTT_Init
 .text.rtt_init
                0x0000730a        0xa modules/segger/libmodules__segger.a(SEGGER_RTT_zephyr.c.obj)
 .text.z_device_state_init
                0x00007314        0x2 zephyr/kernel/libkernel.a(device.c.obj)
                0x00007314                z_device_state_init
 .text.z_device_ready
                0x00007316       0x14 zephyr/kernel/libkernel.a(device.c.obj)
                0x00007316                z_device_ready
 .text.z_pm_save_idle_exit
                0x0000732a        0xe zephyr/kernel/libkernel.a(idle.c.obj)
                0x0000732a                z_pm_save_idle_exit
 .text.k_mem_slab_init
                0x00007338       0x38 zephyr/kernel/libkernel.a(mem_slab.c.obj)
                0x00007338                k_mem_slab_init
 .text.z_impl_k_mutex_init
                0x00007370        0xe zephyr/kernel/libkernel.a(mutex.c.obj)
                0x00007370                z_impl_k_mutex_init
 .text.z_reschedule_irqlock
                0x0000737e       0x18 zephyr/kernel/libkernel.a(sched.c.obj)
                0x0000737e                z_reschedule_irqlock
 .text.z_reschedule_unlocked
                0x00007396       0x14 zephyr/kernel/libkernel.a(sched.c.obj)
 .text.z_priq_dumb_best
                0x000073aa       0x14 zephyr/kernel/libkernel.a(sched.c.obj)
                0x000073aa                z_priq_dumb_best
 .text.k_is_in_isr
                0x000073be        0xc zephyr/kernel/libkernel.a(thread.c.obj)
                0x000073be                k_is_in_isr
 .text.sys_clock_tick_get_32
                0x000073ca        0x8 zephyr/kernel/libkernel.a(timeout.c.obj)
                0x000073ca                sys_clock_tick_get_32
 .text.z_impl_k_busy_wait
                0x000073d2        0x8 zephyr/kernel/libkernel.a(timeout.c.obj)
                0x000073d2                z_impl_k_busy_wait
 .text._OffsetAbsSyms
                0x000073da        0x2 zephyr/CMakeFiles/offsets.dir/./arch/arm/core/offsets/offsets.c.obj
                0x000073da                _OffsetAbsSyms
 *(SORT_BY_ALIGNMENT(.TEXT.*))
 .TEXT.z_arm_platform_init
                0x000073dc        0x4 zephyr/libzephyr.a(soc_nrf_common.S.obj)
                0x000073dc                z_arm_platform_init
 *(SORT_BY_ALIGNMENT(.gnu.linkonce.t.*))
 *(SORT_BY_ALIGNMENT(.glue_7t))
 .glue_7t       0x000073e0        0x0 linker stubs
 *(SORT_BY_ALIGNMENT(.glue_7))
 .glue_7        0x000073e0        0x0 linker stubs
 *(SORT_BY_ALIGNMENT(.vfp11_veneer))
 .vfp11_veneer  0x000073e0        0x0 linker stubs
 *(SORT_BY_ALIGNMENT(.v4_bx))
 .v4_bx         0x000073e0        0x0 linker stubs
                0x000073e0                __text_region_end = .

.ARM.exidx      0x000073e0        0x8
                0x000073e0                __exidx_start = .
 *(SORT_BY_ALIGNMENT(.ARM.exidx*) SORT_BY_ALIGNMENT(gnu.linkonce.armexidx.*))
 .ARM.exidx     0x000073e0        0x8 c:/users/renat/ncs/v1.9.1/toolchain/opt/bin/../lib/gcc/arm-none-eabi/9.2.1/thumb/v7e-m/nofp\libgcc.a(_udivmoddi4.o)
                0x000073e8                __exidx_end = .
                0x000073e8                __rodata_region_start = .

initlevel       0x000073e8       0x60
                0x000073e8                __init_start = .
                0x000073e8                __init_PRE_KERNEL_1_start = .
 *(SORT_BY_NAME(SORT_BY_ALIGNMENT(.z_init_PRE_KERNEL_1[0-9]_*)))
 .z_init_PRE_KERNEL_10_
                0x000073e8        0x8 zephyr/soc/arm/nordic_nrf/nrf52/libsoc__arm__nordic_nrf__nrf52.a(soc.c.obj)
 *(SORT_BY_NAME(SORT_BY_ALIGNMENT(.z_init_PRE_KERNEL_1[1-9][0-9]_*)))
 .z_init_PRE_KERNEL_130_
                0x000073f0        0x8 zephyr/drivers/clock_control/libdrivers__clock_control.a(clock_control_nrf.c.obj)
 .z_init_PRE_KERNEL_130_
                0x000073f8        0x8 modules/segger/libmodules__segger.a(SEGGER_RTT_zephyr.c.obj)
 .z_init_PRE_KERNEL_130_
                0x00007400        0x8 zephyr/kernel/libkernel.a(mem_slab.c.obj)
 .z_init_PRE_KERNEL_140_
                0x00007408       0x10 zephyr/drivers/gpio/libdrivers__gpio.a(gpio_nrfx.c.obj)
 .z_init_PRE_KERNEL_140_
                0x00007418        0x8 modules/nrf/drivers/hw_cc310/lib..__nrf__drivers__hw_cc310.a(hw_cc310.c.obj)
 .z_init_PRE_KERNEL_155_
                0x00007420       0x10 zephyr/drivers/serial/libdrivers__serial.a(uart_nrfx_uarte.c.obj)
 .z_init_PRE_KERNEL_160_
                0x00007430        0x8 zephyr/drivers/console/libdrivers__console.a(uart_console.c.obj)
                0x00007438                __init_PRE_KERNEL_2_start = .
 *(SORT_BY_NAME(SORT_BY_ALIGNMENT(.z_init_PRE_KERNEL_2[0-9]_*)))
 .z_init_PRE_KERNEL_20_
                0x00007438        0x8 zephyr/drivers/timer/libdrivers__timer.a(nrf_rtc_timer.c.obj)
 *(SORT_BY_NAME(SORT_BY_ALIGNMENT(.z_init_PRE_KERNEL_2[1-9][0-9]_*)))
                0x00007440                __init_POST_KERNEL_start = .
 *(SORT_BY_NAME(SORT_BY_ALIGNMENT(.z_init_POST_KERNEL[0-9]_*)))
 *(SORT_BY_NAME(SORT_BY_ALIGNMENT(.z_init_POST_KERNEL[1-9][0-9]_*)))
 .z_init_POST_KERNEL40_
                0x00007440        0x8 modules/nrf/drivers/hw_cc310/lib..__nrf__drivers__hw_cc310.a(hw_cc310.c.obj)
                0x00007448                __init_APPLICATION_start = .
 *(SORT_BY_NAME(SORT_BY_ALIGNMENT(.z_init_APPLICATION[0-9]_*)))
 *(SORT_BY_NAME(SORT_BY_ALIGNMENT(.z_init_APPLICATION[1-9][0-9]_*)))
                0x00007448                __init_SMP_start = .
 *(SORT_BY_NAME(SORT_BY_ALIGNMENT(.z_init_SMP[0-9]_*)))
 *(SORT_BY_NAME(SORT_BY_ALIGNMENT(.z_init_SMP[1-9][0-9]_*)))
                0x00007448                __init_end = .

devices         0x00007448       0x78
                0x00007448                __device_start = .
                0x00007448                __device_PRE_KERNEL_1_start = .
 *(SORT_BY_NAME(SORT_BY_ALIGNMENT(.z_device_PRE_KERNEL_1[0-9]_*)))
 *(SORT_BY_NAME(SORT_BY_ALIGNMENT(.z_device_PRE_KERNEL_1[1-9][0-9]_*)))
 .z_device_PRE_KERNEL_130_
                0x00007448       0x18 zephyr/drivers/clock_control/libdrivers__clock_control.a(clock_control_nrf.c.obj)
                0x00007448                __device_dts_ord_27
 .z_device_PRE_KERNEL_140_
                0x00007460       0x30 zephyr/drivers/gpio/libdrivers__gpio.a(gpio_nrfx.c.obj)
                0x00007460                __device_dts_ord_11
                0x00007478                __device_dts_ord_54
 .z_device_PRE_KERNEL_155_
                0x00007490       0x30 zephyr/drivers/serial/libdrivers__serial.a(uart_nrfx_uarte.c.obj)
                0x00007490                __device_dts_ord_63
                0x000074a8                __device_dts_ord_62
                0x000074c0                __device_PRE_KERNEL_2_start = .
 *(SORT_BY_NAME(SORT_BY_ALIGNMENT(.z_device_PRE_KERNEL_2[0-9]_*)))
 *(SORT_BY_NAME(SORT_BY_ALIGNMENT(.z_device_PRE_KERNEL_2[1-9][0-9]_*)))
                0x000074c0                __device_POST_KERNEL_start = .
 *(SORT_BY_NAME(SORT_BY_ALIGNMENT(.z_device_POST_KERNEL[0-9]_*)))
 *(SORT_BY_NAME(SORT_BY_ALIGNMENT(.z_device_POST_KERNEL[1-9][0-9]_*)))
                0x000074c0                __device_APPLICATION_start = .
 *(SORT_BY_NAME(SORT_BY_ALIGNMENT(.z_device_APPLICATION[0-9]_*)))
 *(SORT_BY_NAME(SORT_BY_ALIGNMENT(.z_device_APPLICATION[1-9][0-9]_*)))
                0x000074c0                __device_SMP_start = .
 *(SORT_BY_NAME(SORT_BY_ALIGNMENT(.z_device_SMP[0-9]_*)))
 *(SORT_BY_NAME(SORT_BY_ALIGNMENT(.z_device_SMP[1-9][0-9]_*)))
                0x000074c0                __device_end = .

sw_isr_table    0x000074c0      0x180
                0x000074c0                . = ALIGN (0x0)
 *(SORT_BY_ALIGNMENT(.gnu.linkonce.sw_isr_table*))
 .gnu.linkonce.sw_isr_table
                0x000074c0      0x180 zephyr/CMakeFiles/zephyr_final.dir/isr_tables.c.obj
                0x000074c0                _sw_isr_table

initlevel_error
                0x000073e8        0x0
 *(SORT_BY_NAME(SORT_BY_ALIGNMENT(.z_init_[_A-Z0-9]*)))
                0x00000001                ASSERT ((SIZEOF (initlevel_error) == 0x0), Undefined initialization levels used.)

app_shmem_regions
                0x00007640        0x0
                0x00007640                __app_shmem_regions_start = .
 *(SORT_BY_NAME(SORT_BY_ALIGNMENT(.app_regions.*)))
                0x00007640                __app_shmem_regions_end = .

bt_l2cap_fixed_chan_area
                0x00007640        0x0
                0x00007640                _bt_l2cap_fixed_chan_list_start = .
 *(SORT_BY_NAME(SORT_BY_ALIGNMENT(._bt_l2cap_fixed_chan.static.*)))
                0x00007640                _bt_l2cap_fixed_chan_list_end = .

bt_gatt_service_static_area
                0x00007640        0x0
                0x00007640                _bt_gatt_service_static_list_start = .
 *(SORT_BY_NAME(SORT_BY_ALIGNMENT(._bt_gatt_service_static.static.*)))
                0x00007640                _bt_gatt_service_static_list_end = .

k_p4wq_initparam_area
                0x00007640        0x0
                0x00007640                _k_p4wq_initparam_list_start = .
 *(SORT_BY_NAME(SORT_BY_ALIGNMENT(._k_p4wq_initparam.static.*)))
                0x00007640                _k_p4wq_initparam_list_end = .

log_strings_sections
                0x00007640        0x0
                0x00007640                __log_strings_start = .
 *(SORT_BY_NAME(SORT_BY_ALIGNMENT(.log_strings*)))
                0x00007640                __log_strings_end = .

log_const_sections
                0x00007640        0x0
                0x00007640                __log_const_start = .
 *(SORT_BY_NAME(SORT_BY_ALIGNMENT(.log_const_*)))
                0x00007640                __log_const_end = .

log_backends_sections
                0x00007640        0x0
                0x00007640                __log_backends_start = .
 *(SORT_BY_ALIGNMENT(._log_backend.*))
                0x00007640                __log_backends_end = .

shell_area      0x00007640        0x0
                0x00007640                _shell_list_start = .
 *(SORT_BY_NAME(SORT_BY_ALIGNMENT(._shell.static.*)))
                0x00007640                _shell_list_end = .

shell_root_cmds_sections
                0x00007640        0x0
                0x00007640                __shell_root_cmds_start = .
 *(SORT_BY_NAME(SORT_BY_ALIGNMENT(.shell_root_cmd_*)))
                0x00007640                __shell_root_cmds_end = .

font_entry_sections
                0x00007640        0x0
                0x00007640                __font_entry_start = .
 *(SORT_BY_NAME(SORT_BY_ALIGNMENT(._cfb_font.*)))
                0x00007640                __font_entry_end = .

tracing_backend_area
                0x00007640        0x0
                0x00007640                _tracing_backend_list_start = .
 *(SORT_BY_NAME(SORT_BY_ALIGNMENT(._tracing_backend.static.*)))
                0x00007640                _tracing_backend_list_end = .

zephyr_dbg_info
 *(SORT_BY_ALIGNMENT(.dbg_thread_info))

device_handles  0x00007640       0x1e
                0x00007640                __device_handles_start = .
 *(SORT_BY_NAME(SORT_BY_ALIGNMENT(.__device_handles_pass2*)))
 .__device_handles_pass2
                0x00007640       0x1e zephyr/CMakeFiles/zephyr_final.dir/dev_handles.c.obj
                0x00007640                __devicehdl_DT_N_S_soc_S_uart_40002000
                0x00007646                __devicehdl_DT_N_S_soc_S_uart_40028000
                0x0000764c                __devicehdl_DT_N_S_soc_S_gpio_50000300
                0x00007652                __devicehdl_DT_N_S_soc_S_gpio_50000000
                0x00007658                __devicehdl_DT_N_S_soc_S_clock_40000000
                0x0000765e                __device_handles_end = .

rodata          0x00007660     0x1328
 *(SORT_BY_ALIGNMENT(.rodata))
 *(SORT_BY_ALIGNMENT(.rodata.*))
 .rodata.delay_machine_code.12406
                0x00007660        0x6 zephyr/soc/arm/nordic_nrf/nrf52/libsoc__arm__nordic_nrf__nrf52.a(soc.c.obj)
 *fill*         0x00007666        0x2 
 .rodata.apis   0x00007668        0x8 zephyr/libzephyr.a(nrf_cc3xx_platform_abort_zephyr.c.obj)
 .rodata.mutex_apis
                0x00007670       0x10 zephyr/libzephyr.a(nrf_cc3xx_platform_mutex_zephyr.c.obj)
 .rodata.mutexes
                0x00007680       0x14 zephyr/libzephyr.a(nrf_cc3xx_platform_mutex_zephyr.c.obj)
 .rodata.static_regions
                0x00007694        0xc zephyr/arch/arch/arm/core/aarch32/mpu/libarch__arm__core__aarch32__mpu.a(arm_core_mpu.c.obj)
 .rodata.mpu_config
                0x000076a0        0x8 zephyr/soc/arm/common/cortex_m/libsoc__arm__common__cortex_m.a(arm_mpu_regions.c.obj)
                0x000076a0                mpu_config
 .rodata.mpu_regions
                0x000076a8       0x18 zephyr/soc/arm/common/cortex_m/libsoc__arm__common__cortex_m.a(arm_mpu_regions.c.obj)
 .rodata.clock_control_api
                0x000076c0       0x18 zephyr/drivers/clock_control/libdrivers__clock_control.a(clock_control_nrf.c.obj)
 .rodata.config
                0x000076d8       0x10 zephyr/drivers/clock_control/libdrivers__clock_control.a(clock_control_nrf.c.obj)
 .rodata.transitions.11164
                0x000076e8        0xc zephyr/drivers/clock_control/libdrivers__clock_control.a(clock_control_nrf.c.obj)
 .rodata.gpio_nrfx_drv_api_funcs
                0x000076f4       0x24 zephyr/drivers/gpio/libdrivers__gpio.a(gpio_nrfx.c.obj)
 .rodata.gpio_nrfx_p0_cfg
                0x00007718       0x10 zephyr/drivers/gpio/libdrivers__gpio.a(gpio_nrfx.c.obj)
 .rodata.gpio_nrfx_p1_cfg
                0x00007728       0x10 zephyr/drivers/gpio/libdrivers__gpio.a(gpio_nrfx.c.obj)
 .rodata.uart_nrfx_uarte_driver_api
                0x00007738       0x14 zephyr/drivers/serial/libdrivers__serial.a(uart_nrfx_uarte.c.obj)
 .rodata.uarte_0z_config
                0x0000774c       0x20 zephyr/drivers/serial/libdrivers__serial.a(uart_nrfx_uarte.c.obj)
 .rodata.uarte_1z_config
                0x0000776c       0x20 zephyr/drivers/serial/libdrivers__serial.a(uart_nrfx_uarte.c.obj)
 .rodata.levels.9429
                0x0000778c       0x14 zephyr/kernel/libkernel.a(device.c.obj)
 .rodata._k_neg_eagain
                0x000077a0        0x4 zephyr/kernel/libkernel.a(errno.c.obj)
                0x000077a0                _k_neg_eagain
 .rodata.CSWTCH.8
                0x000077a4       0x1c C:/Users/renat/ncs/v1.9.1/nrfxlib/crypto/nrf_cc310_platform/lib/cortex-m4/soft-float/no-interrupts/libnrf_cc310_platform_0.9.13.a(nrf_cc3xx_platform.c.obj)
 .rodata.mutex_free.str1.4
                0x000077c0       0x26 C:/Users/renat/ncs/v1.9.1/nrfxlib/crypto/nrf_cc310_platform/lib/cortex-m4/soft-float/no-interrupts/libnrf_cc310_platform_0.9.13.a(nrf_cc3xx_platform_mutex.c.obj)
 *fill*         0x000077e6        0x2 
 .rodata.mutex_init.str1.4
                0x000077e8       0x23 C:/Users/renat/ncs/v1.9.1/nrfxlib/crypto/nrf_cc310_platform/lib/cortex-m4/soft-float/no-interrupts/libnrf_cc310_platform_0.9.13.a(nrf_cc3xx_platform_mutex.c.obj)
 *fill*         0x0000780b        0x1 
 .rodata.CC_PalPowerSaveModeInit.str1.4
                0x0000780c       0x20 C:/Users/renat/ncs/v1.9.1/nrfxlib/crypto/nrf_cc310_platform/lib/cortex-m4/soft-float/no-interrupts/libnrf_cc310_platform_0.9.13.a(cc_pal_pm.c.obj)
 .rodata.but1press_cbfunction.str1.1
                0x0000782c       0x15 app/libapp.a(main.c.obj)
 .rodata.but2press_cbfunction.str1.1
                0x00007841       0x15 app/libapp.a(main.c.obj)
 .rodata.but3press_cbfunction.str1.1
                0x00007856       0x15 app/libapp.a(main.c.obj)
 .rodata.but4press_cbfunction.str1.1
                0x0000786b       0x15 app/libapp.a(main.c.obj)
 .rodata.but5press_cbfunction.str1.1
                0x00007880       0x15 app/libapp.a(main.c.obj)
 .rodata.but6press_cbfunction.str1.1
                0x00007895       0x15 app/libapp.a(main.c.obj)
 .rodata.but7press_cbfunction.str1.1
                0x000078aa       0x15 app/libapp.a(main.c.obj)
 .rodata.but8press_cbfunction.str1.1
                0x000078bf       0x15 app/libapp.a(main.c.obj)
 .rodata.gpio_pin_configure.constprop.0.str1.1
                0x000078d4       0x97 app/libapp.a(main.c.obj)
 .rodata.showSpace.str1.1
                0x0000796b       0x37 app/libapp.a(main.c.obj)
                                 0x3a (size before relaxing)
 .rodata.showMenu.str1.1
                0x000079a2      0x128 app/libapp.a(main.c.obj)
 .rodata.addMoney.str1.1
                0x00007aca       0x24 app/libapp.a(main.c.obj)
 .rodata.resetMoney.str1.1
                0x00007aee       0x23 app/libapp.a(main.c.obj)
 .rodata.Check.str1.1
                0x00007b11      0x14b app/libapp.a(main.c.obj)
 .rodata.CONFIG_BUTTONS.str1.1
                0x00007c5c       0x5e app/libapp.a(main.c.obj)
 .rodata.main.str1.1
                0x00007cba       0x3e app/libapp.a(main.c.obj)
 .rodata.cbvprintf.str1.1
                0x00007cf8        0x6 zephyr/libzephyr.a(cbprintf_complete.c.obj)
 .rodata.sys_notify_finalize.str1.1
                0x00007cfe       0x23 zephyr/libzephyr.a(notify.c.obj)
                                 0x42 (size before relaxing)
 .rodata.mutex_free_platform.str1.1
                0x00007d21       0x26 zephyr/libzephyr.a(nrf_cc3xx_platform_mutex_zephyr.c.obj)
 .rodata.mutex_init_platform.str1.1
                0x00007d47       0x2d zephyr/libzephyr.a(nrf_cc3xx_platform_mutex_zephyr.c.obj)
 .rodata.process_event.str1.1
                0x00007d74      0x122 zephyr/libzephyr.a(onoff.c.obj)
                                0x141 (size before relaxing)
 .rodata.pm_state_notify.str1.1
                0x00007e96       0x9c zephyr/libzephyr.a(pm.c.obj)
 .rodata.sys_reboot.str1.1
                0x00007e96       0x29 zephyr/libzephyr.a(reboot.c.obj)
 .rodata.z_arm_irq_priority_set.str1.1
                0x00007ebf       0x91 zephyr/arch/arch/arm/core/aarch32/libarch__arm__core__aarch32.a(irq_manage.c.obj)
                                 0xae (size before relaxing)
 .rodata.mem_manage_fault.str1.1
                0x00007f50       0xa7 zephyr/arch/arch/arm/core/aarch32/cortex_m/libarch__arm__core__aarch32__cortex_m.a(fault.c.obj)
                                 0xc4 (size before relaxing)
 .rodata.z_arm_fault.str1.1
                0x00007ff7       0xa5 zephyr/arch/arch/arm/core/aarch32/cortex_m/libarch__arm__core__aarch32__cortex_m.a(fault.c.obj)
                                 0xa7 (size before relaxing)
 .rodata.arm_core_mpu_configure_static_mpu_regions.str1.1
                0x0000809c       0x63 zephyr/arch/arch/arm/core/aarch32/mpu/libarch__arm__core__aarch32__mpu.a(arm_mpu.c.obj)
                                 0x82 (size before relaxing)
 .rodata.arm_core_mpu_configure_dynamic_mpu_regions.str1.1
                0x000080ff       0x2d zephyr/arch/arch/arm/core/aarch32/mpu/libarch__arm__core__aarch32__mpu.a(arm_mpu.c.obj)
 .rodata.z_arm_mpu_init.str1.1
                0x0000812c       0xa5 zephyr/arch/arch/arm/core/aarch32/mpu/libarch__arm__core__aarch32__mpu.a(arm_mpu.c.obj)
 .rodata.str1.1
                0x000081d1        0xf zephyr/soc/arm/common/cortex_m/libsoc__arm__common__cortex_m.a(arm_mpu_regions.c.obj)
 .rodata.CSWTCH.9
                0x000081e0        0x6 zephyr/soc/arm/nordic_nrf/nrf52/libsoc__arm__nordic_nrf__nrf52.a(soc.c.obj)
 .rodata.get_status.str1.1
                0x000081e6       0x61 zephyr/drivers/clock_control/libdrivers__clock_control.a(clock_control_nrf.c.obj)
                                 0x7e (size before relaxing)
 .rodata.clock_event_handler.str1.1
                0x00008247        0x2 zephyr/drivers/clock_control/libdrivers__clock_control.a(clock_control_nrf.c.obj)
 .rodata.z_nrf_clock_control_lf_on.str1.1
                0x00008247        0x9 zephyr/drivers/clock_control/libdrivers__clock_control.a(clock_control_nrf.c.obj)
 .rodata.str1.1
                0x00008250        0x6 zephyr/drivers/clock_control/libdrivers__clock_control.a(clock_control_nrf.c.obj)
 .rodata.gpio_nrfx_manage_callback.str1.1
                0x00008256       0x6e zephyr/drivers/gpio/libdrivers__gpio.a(gpio_nrfx.c.obj)
                                 0x8b (size before relaxing)
 .rodata.nrfx_gpio_handler.str1.1
                0x000082c4        0xc zephyr/drivers/gpio/libdrivers__gpio.a(gpio_nrfx.c.obj)
 .rodata.gpio_nrfx_pin_interrupt_configure.str1.1
                0x000082d0       0x56 zephyr/drivers/gpio/libdrivers__gpio.a(gpio_nrfx.c.obj)
                                 0x58 (size before relaxing)
 .rodata.str1.1
                0x00008326        0x7 zephyr/drivers/gpio/libdrivers__gpio.a(gpio_nrfx.c.obj)
                                  0xe (size before relaxing)
 .rodata.nrf_gpio_pin_port_decode.str1.1
                0x0000832d       0x75 zephyr/drivers/serial/libdrivers__serial.a(uart_nrfx_uarte.c.obj)
 .rodata.str1.1
                0x0000832d        0xe zephyr/drivers/serial/libdrivers__serial.a(uart_nrfx_uarte.c.obj)
 .rodata.nrf_clock_is_running.constprop.0.str1.1
                0x0000833b       0x34 modules/hal_nordic/nrfx/libmodules__hal_nordic__nrfx.a(nrfx_clock.c.obj)
                                 0x53 (size before relaxing)
 .rodata.nrfx_clock_init.str1.1
                0x0000836f       0x4b modules/hal_nordic/nrfx/libmodules__hal_nordic__nrfx.a(nrfx_clock.c.obj)
 .rodata.nrfx_clock_enable.str1.1
                0x000083ba       0x1e modules/hal_nordic/nrfx/libmodules__hal_nordic__nrfx.a(nrfx_clock.c.obj)
 .rodata.legacy_handler.str1.1
                0x000083d8       0x64 modules/hal_nordic/nrfx/libmodules__hal_nordic__nrfx.a(nrfx_gpiote.c.obj)
                                 0x81 (size before relaxing)
 .rodata.release_handler.str1.1
                0x0000843c       0x14 modules/hal_nordic/nrfx/libmodules__hal_nordic__nrfx.a(nrfx_gpiote.c.obj)
 .rodata.nrf_gpio_pin_port_decode.str1.1
                0x00008450       0x58 modules/hal_nordic/nrfx/libmodules__hal_nordic__nrfx.a(nrfx_gpiote.c.obj)
 .rodata.nrfx_gpiote_channel_get.str1.1
                0x00008450        0xa modules/hal_nordic/nrfx/libmodules__hal_nordic__nrfx.a(nrfx_gpiote.c.obj)
 .rodata.nrfx_gpiote_trigger_enable.str1.1
                0x0000845a       0x20 modules/hal_nordic/nrfx/libmodules__hal_nordic__nrfx.a(nrfx_gpiote.c.obj)
 .rodata.CSWTCH.14
                0x0000847a        0x6 modules/hal_nordic/nrfx/libmodules__hal_nordic__nrfx.a(system_nrf52840.c.obj)
 .rodata.CSWTCH.5
                0x00008480        0x6 modules/hal_nordic/nrfx/libmodules__hal_nordic__nrfx.a(system_nrf52840.c.obj)
 .rodata._DoInit.str1.1
                0x00008486       0x14 modules/segger/libmodules__segger.a(SEGGER_RTT.c.obj)
 .rodata.z_fatal_error.str1.1
                0x0000849a       0x74 zephyr/kernel/libkernel.a(fatal.c.obj)
                                 0x91 (size before relaxing)
 .rodata.idle.str1.1
                0x0000850e       0x49 zephyr/kernel/libkernel.a(idle.c.obj)
                                 0x66 (size before relaxing)
 .rodata.z_cstart.str1.1
                0x00008557        0x5 zephyr/kernel/libkernel.a(init.c.obj)
 .rodata.init_mem_slab_module.str1.1
                0x0000855c       0x61 zephyr/kernel/libkernel.a(mem_slab.c.obj)
                                 0x7e (size before relaxing)
 .rodata.k_mem_slab_alloc.str1.1
                0x000085bd       0x7f zephyr/kernel/libkernel.a(mem_slab.c.obj)
 .rodata.z_impl_k_mutex_lock.str1.1
                0x000085bd       0x59 zephyr/kernel/libkernel.a(mutex.c.obj)
                                 0xf5 (size before relaxing)
 .rodata.z_impl_k_mutex_unlock.str1.1
                0x00008616       0x76 zephyr/kernel/libkernel.a(mutex.c.obj)
 .rodata.k_sched_time_slice_set.str1.1
                0x0000868c       0x9c zephyr/kernel/libkernel.a(sched.c.obj)
 .rodata.k_sched_lock.str1.1
                0x0000868c       0x71 zephyr/kernel/libkernel.a(sched.c.obj)
 .rodata.z_priq_dumb_remove.str1.1
                0x0000868c       0x43 zephyr/kernel/libkernel.a(sched.c.obj)
 .rodata.unpend_thread_no_timeout.str1.1
                0x000086cf       0x17 zephyr/kernel/libkernel.a(sched.c.obj)
 .rodata.update_cache.str1.1
                0x000086e6       0x27 zephyr/kernel/libkernel.a(sched.c.obj)
 .rodata.k_sched_unlock.str1.1
                0x0000870d       0x31 zephyr/kernel/libkernel.a(sched.c.obj)
 .rodata.z_tick_sleep.str1.1
                0x0000873e       0x40 zephyr/kernel/libkernel.a(sched.c.obj)
 .rodata.z_thread_abort.str1.1
                0x0000877e       0x22 zephyr/kernel/libkernel.a(sched.c.obj)
                                 0x24 (size before relaxing)
 .rodata.z_impl_k_sem_give.str1.1
                0x000087a0       0x70 zephyr/kernel/libkernel.a(sem.c.obj)
 .rodata.z_impl_k_sem_take.str1.1
                0x000087a0       0x6d zephyr/kernel/libkernel.a(sem.c.obj)
                                 0x9c (size before relaxing)
 .rodata.z_setup_new_thread.str1.1
                0x0000880d       0xd4 zephyr/kernel/libkernel.a(thread.c.obj)
                                 0xf1 (size before relaxing)
 .rodata.z_init_static_threads.str1.1
                0x000088e1       0x2d zephyr/kernel/libkernel.a(thread.c.obj)
                                 0x4c (size before relaxing)
 .rodata.z_add_timeout.str1.1
                0x0000890e       0x44 zephyr/kernel/libkernel.a(timeout.c.obj)
                                 0xe3 (size before relaxing)
 .rodata.boot_banner.str1.1
                0x00008952       0x36 zephyr/kernel/libkernel.a(banner.c.obj)
                                 0x37 (size before relaxing)
 *(SORT_BY_ALIGNMENT(.gnu.linkonce.r.*))
                0x00008988                . = ALIGN (0x4)
                0x00008988                __rodata_region_end = .
                0x000089a0                . = ALIGN (_region_min_align)
                0x00010000                . = ALIGN ((0x1 << ((__rodata_region_end - __rom_region_start) <= 0x4)?0x2:((__rodata_region_end - __rom_region_start) <= 0x8)?0x3:((__rodata_region_end - __rom_region_start) <= 0x10)?0x4:((__rodata_region_end - __rom_region_start) <= 0x20)?0x5:((__rodata_region_end - __rom_region_start) <= 0x40)?0x6:((__rodata_region_end - __rom_region_start) <= 0x80)?0x7:((__rodata_region_end - __rom_region_start) <= 0x100)?0x8:((__rodata_region_end - __rom_region_start) <= 0x200)?0x9:((__rodata_region_end - __rom_region_start) <= 0x400)?0xa:((__rodata_region_end - __rom_region_start) <= 0x800)?0xb:((__rodata_region_end - __rom_region_start) <= 0x1000)?0xc:((__rodata_region_end - __rom_region_start) <= 0x2000)?0xd:((__rodata_region_end - __rom_region_start) <= 0x4000)?0xe:((__rodata_region_end - __rom_region_start) <= 0x8000)?0xf:((__rodata_region_end - __rom_region_start) <= 0x10000)?0x10:((__rodata_region_end - __rom_region_start) <= 0x20000)?0x11:((__rodata_region_end - __rom_region_start) <= 0x40000)?0x12:((__rodata_region_end - __rom_region_start) <= 0x80000)?0x13:((__rodata_region_end - __rom_region_start) <= 0x100000)?0x14:((__rodata_region_end - __rom_region_start) <= 0x200000)?0x15:((__rodata_region_end - __rom_region_start) <= 0x400000)?0x16:((__rodata_region_end - __rom_region_start) <= 0x800000)?0x17:((__rodata_region_end - __rom_region_start) <= 0x1000000)?0x18:((__rodata_region_end - __rom_region_start) <= 0x2000000)?0x19:((__rodata_region_end - __rom_region_start) <= 0x4000000)?0x1a:((__rodata_region_end - __rom_region_start) <= 0x8000000)?0x1b:((__rodata_region_end - __rom_region_start) <= 0x10000000)?0x1c:((__rodata_region_end - __rom_region_start) <= 0x20000000)?0x1d:((__rodata_region_end - __rom_region_start) <= 0x40000000)?0x1e:((__rodata_region_end - __rom_region_start) <= 0x80000000)?0x1f:0x20))
                0x00010000                __rom_region_end = .
                0x20000000                . = 0x20000000
                0x20000000                . = ALIGN (_region_min_align)
                0x20000000                _image_ram_start = .

.ramfunc        0x20000000        0x0 load address 0x00008988
                0x20000000                . = ALIGN (_region_min_align)
                0x20000000                . = ALIGN ((0x1 << (__ramfunc_size <= 0x4)?0x2:(__ramfunc_size <= 0x8)?0x3:(__ramfunc_size <= 0x10)?0x4:(__ramfunc_size <= 0x20)?0x5:(__ramfunc_size <= 0x40)?0x6:(__ramfunc_size <= 0x80)?0x7:(__ramfunc_size <= 0x100)?0x8:(__ramfunc_size <= 0x200)?0x9:(__ramfunc_size <= 0x400)?0xa:(__ramfunc_size <= 0x800)?0xb:(__ramfunc_size <= 0x1000)?0xc:(__ramfunc_size <= 0x2000)?0xd:(__ramfunc_size <= 0x4000)?0xe:(__ramfunc_size <= 0x8000)?0xf:(__ramfunc_size <= 0x10000)?0x10:(__ramfunc_size <= 0x20000)?0x11:(__ramfunc_size <= 0x40000)?0x12:(__ramfunc_size <= 0x80000)?0x13:(__ramfunc_size <= 0x100000)?0x14:(__ramfunc_size <= 0x200000)?0x15:(__ramfunc_size <= 0x400000)?0x16:(__ramfunc_size <= 0x800000)?0x17:(__ramfunc_size <= 0x1000000)?0x18:(__ramfunc_size <= 0x2000000)?0x19:(__ramfunc_size <= 0x4000000)?0x1a:(__ramfunc_size <= 0x8000000)?0x1b:(__ramfunc_size <= 0x10000000)?0x1c:(__ramfunc_size <= 0x20000000)?0x1d:(__ramfunc_size <= 0x40000000)?0x1e:(__ramfunc_size <= 0x80000000)?0x1f:0x20))
                0x20000000                __ramfunc_start = .
 *(SORT_BY_ALIGNMENT(.ramfunc))
 *(SORT_BY_ALIGNMENT(.ramfunc.*))
                0x20000000                . = ALIGN (_region_min_align)
                0x20000000                . = ALIGN ((0x1 << (__ramfunc_size <= 0x4)?0x2:(__ramfunc_size <= 0x8)?0x3:(__ramfunc_size <= 0x10)?0x4:(__ramfunc_size <= 0x20)?0x5:(__ramfunc_size <= 0x40)?0x6:(__ramfunc_size <= 0x80)?0x7:(__ramfunc_size <= 0x100)?0x8:(__ramfunc_size <= 0x200)?0x9:(__ramfunc_size <= 0x400)?0xa:(__ramfunc_size <= 0x800)?0xb:(__ramfunc_size <= 0x1000)?0xc:(__ramfunc_size <= 0x2000)?0xd:(__ramfunc_size <= 0x4000)?0xe:(__ramfunc_size <= 0x8000)?0xf:(__ramfunc_size <= 0x10000)?0x10:(__ramfunc_size <= 0x20000)?0x11:(__ramfunc_size <= 0x40000)?0x12:(__ramfunc_size <= 0x80000)?0x13:(__ramfunc_size <= 0x100000)?0x14:(__ramfunc_size <= 0x200000)?0x15:(__ramfunc_size <= 0x400000)?0x16:(__ramfunc_size <= 0x800000)?0x17:(__ramfunc_size <= 0x1000000)?0x18:(__ramfunc_size <= 0x2000000)?0x19:(__ramfunc_size <= 0x4000000)?0x1a:(__ramfunc_size <= 0x8000000)?0x1b:(__ramfunc_size <= 0x10000000)?0x1c:(__ramfunc_size <= 0x20000000)?0x1d:(__ramfunc_size <= 0x40000000)?0x1e:(__ramfunc_size <= 0x80000000)?0x1f:0x20))
                0x20000000                __ramfunc_end = .
                0x00000000                __ramfunc_size = (__ramfunc_end - __ramfunc_start)
                0x00008988                __ramfunc_load_start = LOADADDR (.ramfunc)

datas           0x20000000      0x140 load address 0x00008988
                0x20000000                __data_region_start = .
                0x20000000                __data_start = .
 *(SORT_BY_ALIGNMENT(.data))
 *(SORT_BY_ALIGNMENT(.data.*))
 .data.choice   0x20000000        0x4 app/libapp.a(main.c.obj)
                0x20000000                choice
 .data.asym_mutex
                0x20000004        0x8 zephyr/libzephyr.a(nrf_cc3xx_platform_mutex_zephyr.c.obj)
 .data.power_mutex
                0x2000000c        0x8 zephyr/libzephyr.a(nrf_cc3xx_platform_mutex_zephyr.c.obj)
 .data.rng_mutex
                0x20000014        0x8 zephyr/libzephyr.a(nrf_cc3xx_platform_mutex_zephyr.c.obj)
 .data.sym_mutex
                0x2000001c        0x8 zephyr/libzephyr.a(nrf_cc3xx_platform_mutex_zephyr.c.obj)
 .data._char_out
                0x20000024        0x4 zephyr/libzephyr.a(printk.c.obj)
                0x20000024                _char_out
 .data._stdout_hook
                0x20000028        0x4 zephyr/lib/libc/minimal/liblib__libc__minimal.a(stdout_console.c.obj)
 .data.uarte_0_data
                0x2000002c       0x14 zephyr/drivers/serial/libdrivers__serial.a(uart_nrfx_uarte.c.obj)
 .data.uarte_1_data
                0x20000040       0x14 zephyr/drivers/serial/libdrivers__serial.a(uart_nrfx_uarte.c.obj)
 .data.m_cb     0x20000054       0x7c modules/hal_nordic/nrfx/libmodules__hal_nordic__nrfx.a(nrfx_gpiote.c.obj)
 .data.m_channels_allocated
                0x200000d0        0x4 modules/hal_nordic/nrfx/libmodules__hal_nordic__nrfx.a(nrfx_ppi.c.obj)
 .data.SystemCoreClock
                0x200000d4        0x4 modules/hal_nordic/nrfx/libmodules__hal_nordic__nrfx.a(system_nrf52840.c.obj)
                0x200000d4                SystemCoreClock
 .data.timeout_list
                0x200000d8        0x8 zephyr/kernel/libkernel.a(timeout.c.obj)
 .data.platform_abort_apis
                0x200000e0        0x8 C:/Users/renat/ncs/v1.9.1/nrfxlib/crypto/nrf_cc310_platform/lib/cortex-m4/soft-float/no-interrupts/libnrf_cc310_platform_0.9.13.a(nrf_cc3xx_platform_abort.c.obj)
                0x200000e0                platform_abort_apis
 .data.asym_mutex
                0x200000e8        0x8 C:/Users/renat/ncs/v1.9.1/nrfxlib/crypto/nrf_cc310_platform/lib/cortex-m4/soft-float/no-interrupts/libnrf_cc310_platform_0.9.13.a(nrf_cc3xx_platform_mutex.c.obj)
 .data.platform_mutex_apis
                0x200000f0       0x10 C:/Users/renat/ncs/v1.9.1/nrfxlib/crypto/nrf_cc310_platform/lib/cortex-m4/soft-float/no-interrupts/libnrf_cc310_platform_0.9.13.a(nrf_cc3xx_platform_mutex.c.obj)
                0x200000f0                platform_mutex_apis
 .data.platform_mutexes
                0x20000100       0x14 C:/Users/renat/ncs/v1.9.1/nrfxlib/crypto/nrf_cc310_platform/lib/cortex-m4/soft-float/no-interrupts/libnrf_cc310_platform_0.9.13.a(nrf_cc3xx_platform_mutex.c.obj)
                0x20000100                platform_mutexes
 .data.power_mutex
                0x20000114        0x8 C:/Users/renat/ncs/v1.9.1/nrfxlib/crypto/nrf_cc310_platform/lib/cortex-m4/soft-float/no-interrupts/libnrf_cc310_platform_0.9.13.a(nrf_cc3xx_platform_mutex.c.obj)
 .data.rng_mutex
                0x2000011c        0x8 C:/Users/renat/ncs/v1.9.1/nrfxlib/crypto/nrf_cc310_platform/lib/cortex-m4/soft-float/no-interrupts/libnrf_cc310_platform_0.9.13.a(nrf_cc3xx_platform_mutex.c.obj)
 .data.sym_mutex
                0x20000124        0x8 C:/Users/renat/ncs/v1.9.1/nrfxlib/crypto/nrf_cc310_platform/lib/cortex-m4/soft-float/no-interrupts/libnrf_cc310_platform_0.9.13.a(nrf_cc3xx_platform_mutex.c.obj)
 .data.CCAsymCryptoMutex
                0x2000012c        0x4 C:/Users/renat/ncs/v1.9.1/nrfxlib/crypto/nrf_cc310_platform/lib/cortex-m4/soft-float/no-interrupts/libnrf_cc310_platform_0.9.13.a(cc_pal.c.obj)
                0x2000012c                CCAsymCryptoMutex
 .data.CCPowerMutex
                0x20000130        0x4 C:/Users/renat/ncs/v1.9.1/nrfxlib/crypto/nrf_cc310_platform/lib/cortex-m4/soft-float/no-interrupts/libnrf_cc310_platform_0.9.13.a(cc_pal.c.obj)
                0x20000130                CCPowerMutex
 .data.CCRndCryptoMutex
                0x20000134        0x4 C:/Users/renat/ncs/v1.9.1/nrfxlib/crypto/nrf_cc310_platform/lib/cortex-m4/soft-float/no-interrupts/libnrf_cc310_platform_0.9.13.a(cc_pal.c.obj)
                0x20000134                CCRndCryptoMutex
 .data.CCSymCryptoMutex
                0x20000138        0x4 C:/Users/renat/ncs/v1.9.1/nrfxlib/crypto/nrf_cc310_platform/lib/cortex-m4/soft-float/no-interrupts/libnrf_cc310_platform_0.9.13.a(cc_pal.c.obj)
                0x20000138                CCSymCryptoMutex
 .data.pCCRndCryptoMutex
                0x2000013c        0x4 C:/Users/renat/ncs/v1.9.1/nrfxlib/crypto/nrf_cc310_platform/lib/cortex-m4/soft-float/no-interrupts/libnrf_cc310_platform_0.9.13.a(cc_pal.c.obj)
                0x2000013c                pCCRndCryptoMutex
 *(SORT_BY_ALIGNMENT(.kernel.*))
                0x20000140                __data_end = .
                0x00000140                __data_size = (__data_end - __data_start)
                0x00008988                __data_load_start = LOADADDR (datas)
                0x00008988                __data_region_load_start = LOADADDR (datas)

device_states   0x20000140       0x14 load address 0x00008ac8
                0x20000140                __device_states_start = .
 *(SORT_BY_ALIGNMENT(.z_devstate))
 .z_devstate    0x20000140        0x4 zephyr/drivers/clock_control/libdrivers__clock_control.a(clock_control_nrf.c.obj)
 .z_devstate    0x20000144        0x8 zephyr/drivers/gpio/libdrivers__gpio.a(gpio_nrfx.c.obj)
 .z_devstate    0x2000014c        0x8 zephyr/drivers/serial/libdrivers__serial.a(uart_nrfx_uarte.c.obj)
 *(SORT_BY_ALIGNMENT(.z_devstate.*))
                0x20000154                __device_states_end = .

initshell       0x20000154        0x0 load address 0x00008adc
                0x20000154                __shell_module_start = .
 *(SORT_BY_ALIGNMENT(.shell_module_*))
                0x20000154                __shell_module_end = .
                0x20000154                __shell_cmd_start = .
 *(SORT_BY_ALIGNMENT(.shell_cmd_*))
                0x20000154                __shell_cmd_end = .

log_dynamic_sections
                0x20000154        0x0 load address 0x00008adc
                0x20000154                __log_dynamic_start = .
 *(SORT_BY_NAME(SORT_BY_ALIGNMENT(.log_dynamic_*)))
                0x20000154                __log_dynamic_end = .

_static_thread_data_area
                0x20000154        0x0 load address 0x00008adc
                0x20000154                __static_thread_data_list_start = .
 *(SORT_BY_NAME(SORT_BY_ALIGNMENT(.__static_thread_data.static.*)))
                0x20000154                __static_thread_data_list_end = .

k_timer_area    0x20000154        0x0 load address 0x00008adc
                0x20000154                _k_timer_list_start = .
 *(SORT_BY_NAME(SORT_BY_ALIGNMENT(._k_timer.static.*)))
                0x20000154                _k_timer_list_end = .

k_mem_slab_area
                0x20000154        0x0 load address 0x00008adc
                0x20000154                _k_mem_slab_list_start = .
 *(SORT_BY_NAME(SORT_BY_ALIGNMENT(._k_mem_slab.static.*)))
                0x20000154                _k_mem_slab_list_end = .

k_mem_pool_area
                0x20000154        0x0 load address 0x00008adc
                0x20000154                _k_mem_pool_list_start = .
 *(SORT_BY_NAME(SORT_BY_ALIGNMENT(._k_mem_pool.static.*)))
                0x20000154                _k_mem_pool_list_end = .

k_heap_area     0x20000154        0x0 load address 0x00008adc
                0x20000154                _k_heap_list_start = .
 *(SORT_BY_NAME(SORT_BY_ALIGNMENT(._k_heap.static.*)))
                0x20000154                _k_heap_list_end = .

k_mutex_area    0x20000154       0x50 load address 0x00008adc
                0x20000154                _k_mutex_list_start = .
 *(SORT_BY_NAME(SORT_BY_ALIGNMENT(._k_mutex.static.*)))
 ._k_mutex.static.asym_mutex_int
                0x20000154       0x14 zephyr/libzephyr.a(nrf_cc3xx_platform_mutex_zephyr.c.obj)
                0x20000154                asym_mutex_int
 ._k_mutex.static.power_mutex_int
                0x20000168       0x14 zephyr/libzephyr.a(nrf_cc3xx_platform_mutex_zephyr.c.obj)
                0x20000168                power_mutex_int
 ._k_mutex.static.rng_mutex_int
                0x2000017c       0x14 zephyr/libzephyr.a(nrf_cc3xx_platform_mutex_zephyr.c.obj)
                0x2000017c                rng_mutex_int
 ._k_mutex.static.sym_mutex_int
                0x20000190       0x14 zephyr/libzephyr.a(nrf_cc3xx_platform_mutex_zephyr.c.obj)
                0x20000190                sym_mutex_int
                0x200001a4                _k_mutex_list_end = .

k_stack_area    0x200001a4        0x0 load address 0x00008b2c
                0x200001a4                _k_stack_list_start = .
 *(SORT_BY_NAME(SORT_BY_ALIGNMENT(._k_stack.static.*)))
                0x200001a4                _k_stack_list_end = .

k_msgq_area     0x200001a4        0x0 load address 0x00008b2c
                0x200001a4                _k_msgq_list_start = .
 *(SORT_BY_NAME(SORT_BY_ALIGNMENT(._k_msgq.static.*)))
                0x200001a4                _k_msgq_list_end = .

k_mbox_area     0x200001a4        0x0 load address 0x00008b2c
                0x200001a4                _k_mbox_list_start = .
 *(SORT_BY_NAME(SORT_BY_ALIGNMENT(._k_mbox.static.*)))
                0x200001a4                _k_mbox_list_end = .

k_pipe_area     0x200001a4        0x0 load address 0x00008b2c
                0x200001a4                _k_pipe_list_start = .
 *(SORT_BY_NAME(SORT_BY_ALIGNMENT(._k_pipe.static.*)))
                0x200001a4                _k_pipe_list_end = .

k_sem_area      0x200001a4        0x0 load address 0x00008b2c
                0x200001a4                _k_sem_list_start = .
 *(SORT_BY_NAME(SORT_BY_ALIGNMENT(._k_sem.static.*)))
                0x200001a4                _k_sem_list_end = .

k_event_area    0x200001a4        0x0 load address 0x00008b2c
                0x200001a4                _k_event_list_start = .
 *(SORT_BY_NAME(SORT_BY_ALIGNMENT(._k_event.static.*)))
                0x200001a4                _k_event_list_end = .

k_queue_area    0x200001a4        0x0 load address 0x00008b2c
                0x200001a4                _k_queue_list_start = .
 *(SORT_BY_NAME(SORT_BY_ALIGNMENT(._k_queue.static.*)))
                0x200001a4                _k_queue_list_end = .

k_condvar_area  0x200001a4        0x0 load address 0x00008b2c
                0x200001a4                _k_condvar_list_start = .
 *(SORT_BY_NAME(SORT_BY_ALIGNMENT(._k_condvar.static.*)))
                0x200001a4                _k_condvar_list_end = .

_net_buf_pool_area
                0x200001a4        0x0 load address 0x00008b2c
                0x200001a4                _net_buf_pool_list = .
 *(SORT_BY_NAME(SORT_BY_ALIGNMENT(._net_buf_pool.static.*)))
                0x200001a4                __data_region_end = .

bss             0x200001a8      0xe74
                0x200001a8                . = ALIGN (0x4)
                0x200001a8                __bss_start = .
                0x200001a8                __kernel_ram_start = .
 *(SORT_BY_ALIGNMENT(.bss))
 *(SORT_BY_ALIGNMENT(.bss.*))
 .bss.anchor    0x200001a8        0x8 zephyr/drivers/timer/libdrivers__timer.a(nrf_rtc_timer.c.obj)
 .bss.cc_data   0x200001b0       0x10 zephyr/drivers/timer/libdrivers__timer.a(nrf_rtc_timer.c.obj)
 .bss.last_count
                0x200001c0        0x8 zephyr/drivers/timer/libdrivers__timer.a(nrf_rtc_timer.c.obj)
 .bss.z_idle_threads
                0x200001c8       0x80 zephyr/kernel/libkernel.a(init.c.obj)
                0x200001c8                z_idle_threads
 .bss.z_main_thread
                0x20000248       0x80 zephyr/kernel/libkernel.a(init.c.obj)
                0x20000248                z_main_thread
 .bss.curr_tick
                0x200002c8        0x8 zephyr/kernel/libkernel.a(timeout.c.obj)
 .bss.but1_cb_data
                0x200002d0        0xc app/libapp.a(main.c.obj)
 .bss.but2_cb_data
                0x200002dc        0xc app/libapp.a(main.c.obj)
 .bss.but3_cb_data
                0x200002e8        0xc app/libapp.a(main.c.obj)
 .bss.but4_cb_data
                0x200002f4        0xc app/libapp.a(main.c.obj)
 .bss.but5_cb_data
                0x20000300        0xc app/libapp.a(main.c.obj)
 .bss.but6_cb_data
                0x2000030c        0xc app/libapp.a(main.c.obj)
 .bss.but7_cb_data
                0x20000318        0xc app/libapp.a(main.c.obj)
 .bss.but8_cb_data
                0x20000324        0xc app/libapp.a(main.c.obj)
 .bss.credit    0x20000330        0x4 app/libapp.a(main.c.obj)
                0x20000330                credit
 .bss.dcToggleFlag1
                0x20000334        0x4 app/libapp.a(main.c.obj)
                0x20000334                dcToggleFlag1
 .bss.dcToggleFlag2
                0x20000338        0x4 app/libapp.a(main.c.obj)
                0x20000338                dcToggleFlag2
 .bss.dcToggleFlag3
                0x2000033c        0x4 app/libapp.a(main.c.obj)
                0x2000033c                dcToggleFlag3
 .bss.dcToggleFlag4
                0x20000340        0x4 app/libapp.a(main.c.obj)
                0x20000340                dcToggleFlag4
 .bss.dcToggleFlag5
                0x20000344        0x4 app/libapp.a(main.c.obj)
                0x20000344                dcToggleFlag5
 .bss.dcToggleFlag6
                0x20000348        0x4 app/libapp.a(main.c.obj)
                0x20000348                dcToggleFlag6
 .bss.dcToggleFlag7
                0x2000034c        0x4 app/libapp.a(main.c.obj)
                0x2000034c                dcToggleFlag7
 .bss.dcToggleFlag8
                0x20000350        0x4 app/libapp.a(main.c.obj)
                0x20000350                dcToggleFlag8
 .bss.gpio0_dev
                0x20000354        0x4 app/libapp.a(main.c.obj)
                0x20000354                gpio0_dev
 .bss.mutex_slab
                0x20000358       0x20 zephyr/libzephyr.a(nrf_cc3xx_platform_mutex_zephyr.c.obj)
                0x20000358                mutex_slab
 .bss.mutex_slab_buffer
                0x20000378      0x500 zephyr/libzephyr.a(nrf_cc3xx_platform_mutex_zephyr.c.obj)
                0x20000378                mutex_slab_buffer
 .bss.pm_notifier_lock
                0x20000878        0x4 zephyr/libzephyr.a(pm.c.obj)
 .bss.pm_notifiers
                0x2000087c        0x8 zephyr/libzephyr.a(pm.c.obj)
 .bss.z_post_ops_required