Archive member included to satisfy reference by file (symbol)

app/libapp.a(main.c.obj)      (--whole-archive)
zephyr/libzephyr.a(soc_nrf_common.S.obj)
                              (--whole-archive)
zephyr/libzephyr.a(assert.c.obj)
                              (--whole-archive)
zephyr/libzephyr.a(bitarray.c.obj)
                              (--whole-archive)
zephyr/libzephyr.a(cbprintf.c.obj)
                              (--whole-archive)
zephyr/libzephyr.a(cbprintf_complete.c.obj)
                              (--whole-archive)
zephyr/libzephyr.a(cbprintf_packaged.c.obj)
                              (--whole-archive)
zephyr/libzephyr.a(configs.c.obj)
                              (--whole-archive)
zephyr/libzephyr.a(constraint.c.obj)
                              (--whole-archive)
zephyr/libzephyr.a(crc16_sw.c.obj)
                              (--whole-archive)
zephyr/libzephyr.a(crc32_sw.c.obj)
                              (--whole-archive)
zephyr/libzephyr.a(crc32c_sw.c.obj)
                              (--whole-archive)
zephyr/libzephyr.a(crc7_sw.c.obj)
                              (--whole-archive)
zephyr/libzephyr.a(crc8_sw.c.obj)
                              (--whole-archive)
zephyr/libzephyr.a(dec.c.obj)
                              (--whole-archive)
zephyr/libzephyr.a(fdtable.c.obj)
                              (--whole-archive)
zephyr/libzephyr.a(getchar.c.obj)
                              (--whole-archive)
zephyr/libzephyr.a(heap-validate.c.obj)
                              (--whole-archive)
zephyr/libzephyr.a(heap.c.obj)
                              (--whole-archive)
zephyr/libzephyr.a(hex.c.obj)
                              (--whole-archive)
zephyr/libzephyr.a(multi_heap.c.obj)
                              (--whole-archive)
zephyr/libzephyr.a(notify.c.obj)
                              (--whole-archive)
zephyr/libzephyr.a(nrf_cc3xx_platform_abort_zephyr.c.obj)
                              (--whole-archive)
zephyr/libzephyr.a(nrf_cc3xx_platform_mutex_zephyr.c.obj)
                              (--whole-archive)
zephyr/libzephyr.a(onoff.c.obj)
                              (--whole-archive)
zephyr/libzephyr.a(pm.c.obj)  (--whole-archive)
zephyr/libzephyr.a(printk.c.obj)
                              (--whole-archive)
zephyr/libzephyr.a(rb.c.obj)  (--whole-archive)
zephyr/libzephyr.a(reboot.c.obj)
                              (--whole-archive)
zephyr/libzephyr.a(residency.c.obj)
                              (--whole-archive)
zephyr/libzephyr.a(sem.c.obj)
                              (--whole-archive)
zephyr/libzephyr.a(thread_entry.c.obj)
                              (--whole-archive)
zephyr/libzephyr.a(timeutil.c.obj)
                              (--whole-archive)
zephyr/libzephyr.a(tracing_none.c.obj)
                              (--whole-archive)
zephyr/libzephyr.a(tty.c.obj)
                              (--whole-archive)
zephyr/libzephyr.a(validate_base_addresses.c.obj)
                              (--whole-archive)
zephyr/libzephyr.a(validate_enabled_instances.c.obj)
                              (--whole-archive)
zephyr/arch/common/libarch__common.a(sw_isr_common.c.obj)
                              (--whole-archive)
zephyr/arch/arch/arm/core/aarch32/libarch__arm__core__aarch32.a(cpu_idle.S.obj)
                              (--whole-archive)
zephyr/arch/arch/arm/core/aarch32/libarch__arm__core__aarch32.a(isr_wrapper.S.obj)
                              (--whole-archive)
zephyr/arch/arch/arm/core/aarch32/libarch__arm__core__aarch32.a(nmi_on_reset.S.obj)
                              (--whole-archive)
zephyr/arch/arch/arm/core/aarch32/libarch__arm__core__aarch32.a(swap_helper.S.obj)
                              (--whole-archive)
zephyr/arch/arch/arm/core/aarch32/libarch__arm__core__aarch32.a(fatal.c.obj)
                              (--whole-archive)
zephyr/arch/arch/arm/core/aarch32/libarch__arm__core__aarch32.a(irq_manage.c.obj)
                              (--whole-archive)
zephyr/arch/arch/arm/core/aarch32/libarch__arm__core__aarch32.a(nmi.c.obj)
                              (--whole-archive)
zephyr/arch/arch/arm/core/aarch32/libarch__arm__core__aarch32.a(prep_c.c.obj)
                              (--whole-archive)
zephyr/arch/arch/arm/core/aarch32/libarch__arm__core__aarch32.a(swap.c.obj)
                              (--whole-archive)
zephyr/arch/arch/arm/core/aarch32/libarch__arm__core__aarch32.a(thread.c.obj)
                              (--whole-archive)
zephyr/arch/arch/arm/core/aarch32/cortex_m/libarch__arm__core__aarch32__cortex_m.a(exc_exit.S.obj)
                              (--whole-archive)
zephyr/arch/arch/arm/core/aarch32/cortex_m/libarch__arm__core__aarch32__cortex_m.a(fault_s.S.obj)
                              (--whole-archive)
zephyr/arch/arch/arm/core/aarch32/cortex_m/libarch__arm__core__aarch32__cortex_m.a(reset.S.obj)
                              (--whole-archive)
[...]
Memory Configuration

Name             Origin             Length             Attributes
FLASH            0x00000000         0x00100000         xr
SRAM             0x20000000         0x00040000         xw
IDT_LIST         0xfffff7ff         0x00000800         xw
*default*        0x00000000         0xffffffff

Linker script and memory map

LOAD zephyr/CMakeFiles/zephyr_final.dir/dev_handles.c.obj
LOAD zephyr/CMakeFiles/zephyr_final.dir/misc/empty_file.c.obj
LOAD zephyr/CMakeFiles/zephyr_final.dir/isr_tables.c.obj
                0x00000020                _region_min_align = 0x20

.rel.plt        0x00000000        0x0
 *(SORT_BY_ALIGNMENT(.rel.plt))
                [!provide]                PROVIDE (__rel_iplt_start = .)
 *(SORT_BY_ALIGNMENT(.rel.iplt))
 .rel.iplt      0x00000000        0x0 zephyr/CMakeFiles/zephyr_final.dir/dev_handles.c.obj
                [!provide]                PROVIDE (__rel_iplt_end = .)

.rela.plt       0x00000000        0x0
 *(SORT_BY_ALIGNMENT(.rela.plt))
                [!provide]                PROVIDE (__rela_iplt_start = .)
 *(SORT_BY_ALIGNMENT(.rela.iplt))
                [!provide]                PROVIDE (__rela_iplt_end = .)

.rel.dyn
 *(SORT_BY_ALIGNMENT(.rel.*))

.rela.dyn
 *(SORT_BY_ALIGNMENT(.rela.*))

/DISCARD/
 *(SORT_BY_ALIGNMENT(.plt))
 *(SORT_BY_ALIGNMENT(.iplt))
 *(SORT_BY_ALIGNMENT(.got.plt))
 *(SORT_BY_ALIGNMENT(.igot.plt))
 *(SORT_BY_ALIGNMENT(.got))
 *(SORT_BY_ALIGNMENT(.igot))
 *(SORT_BY_ALIGNMENT(.irq_info*))
 *(SORT_BY_ALIGNMENT(.intList*))
 *(SORT_BY_ALIGNMENT(.note.GNU-stack))
                0x00000000                __rom_region_start = 0x0

rom_start       0x00000000      0x100
                0x00000000                . = 0x0
                0x00000000                . = ALIGN (0x4)
                0x00000000                . = ALIGN (0x80)
                0x00000000                . = ALIGN (0x100)
                0x00000000                _vector_start = .
 *(SORT_BY_ALIGNMENT(.exc_vector_table))
 *(SORT_BY_ALIGNMENT(.exc_vector_table.*))
 .exc_vector_table._vector_table_section
                0x00000000       0x40 zephyr/arch/arch/arm/core/aarch32/cortex_m/libarch__arm__core__aarch32__cortex_m.a(vector_table.S.obj)
                0x00000000                _vector_table
 *(SORT_BY_ALIGNMENT(.gnu.linkonce.irq_vector_table*))
 .gnu.linkonce.irq_vector_table
                0x00000040       0xc0 zephyr/CMakeFiles/zephyr_final.dir/isr_tables.c.obj
                0x00000040                _irq_vector_table
 *(SORT_BY_ALIGNMENT(.vectors))
                0x00000100                _vector_end = .

text            0x00000100     0xacdc
                0x00000100                __text_region_start = .
 *(SORT_BY_ALIGNMENT(.text))
 .text          0x00000100      0x378 c:/users/renat/ncs/v1.9.1/toolchain/opt/bin/../lib/gcc/arm-none-eabi/9.2.1/thumb/v7e-m/nofp\libgcc.a(_arm_addsubdf3.o)
                0x00000100                __aeabi_drsub
                0x00000108                __aeabi_dsub
                0x00000108                __subdf3
                0x0000010c                __aeabi_dadd
                0x0000010c                __adddf3
                0x00000384                __floatunsidf
                0x00000384                __aeabi_ui2d
                0x000003a4                __floatsidf
                0x000003a4                __aeabi_i2d
                0x000003c8                __aeabi_f2d
                0x000003c8                __extendsfdf2
                0x0000040c                __floatundidf
                0x0000040c                __aeabi_ul2d
                0x0000041c                __floatdidf
                0x0000041c                __aeabi_l2d
 .text          0x00000478      0x424 c:/users/renat/ncs/v1.9.1/toolchain/opt/bin/../lib/gcc/arm-none-eabi/9.2.1/thumb/v7e-m/nofp\libgcc.a(_arm_muldivdf3.o)
                0x00000478                __aeabi_dmul
                0x00000478                __muldf3
                0x000006cc                __divdf3
                0x000006cc                __aeabi_ddiv
 .text          0x0000089c       0x50 c:/users/renat/ncs/v1.9.1/toolchain/opt/bin/../lib/gcc/arm-none-eabi/9.2.1/thumb/v7e-m/nofp\libgcc.a(_arm_fixdfsi.o)
                0x0000089c                __aeabi_d2iz
                0x0000089c                __fixdfsi
 .text          0x000008ec       0x40 c:/users/renat/ncs/v1.9.1/toolchain/opt/bin/../lib/gcc/arm-none-eabi/9.2.1/thumb/v7e-m/nofp\libgcc.a(_arm_fixunsdfsi.o)
                0x000008ec                __aeabi_d2uiz
                0x000008ec                __fixunsdfsi
 .text          0x0000092c      0x21c c:/users/renat/ncs/v1.9.1/toolchain/opt/bin/../lib/gcc/arm-none-eabi/9.2.1/thumb/v7e-m/nofp\libgcc.a(_arm_addsubsf3.o)
                0x0000092c                __aeabi_frsub
                0x00000934                __subsf3
                0x00000934                __aeabi_fsub
                0x00000938                __aeabi_fadd
                0x00000938                __addsf3
                0x00000a98                __aeabi_ui2f
                0x00000a98                __floatunsisf
                0x00000aa0                __aeabi_i2f
                0x00000aa0                __floatsisf
                0x00000abc                __aeabi_ul2f
                0x00000abc                __floatundisf
                0x00000acc                __aeabi_l2f
                0x00000acc                __floatdisf
 .text          0x00000b48      0x2a0 c:/users/renat/ncs/v1.9.1/toolchain/opt/bin/../lib/gcc/arm-none-eabi/9.2.1/thumb/v7e-m/nofp\libgcc.a(_arm_muldivsf3.o)
                0x00000b48                __mulsf3
                0x00000b48                __aeabi_fmul
                0x00000cb0                __aeabi_fdiv
                0x00000cb0                __divsf3
 .text          0x00000de8       0x40 c:/users/renat/ncs/v1.9.1/toolchain/opt/bin/../lib/gcc/arm-none-eabi/9.2.1/thumb/v7e-m/nofp\libgcc.a(_arm_fixunssfsi.o)
                0x00000de8                __fixunssfsi
                0x00000de8                __aeabi_f2uiz
 .text          0x00000e28       0x30 c:/users/renat/ncs/v1.9.1/toolchain/opt/bin/../lib/gcc/arm-none-eabi/9.2.1/thumb/v7e-m/nofp\libgcc.a(_aeabi_uldivmod.o)
                0x00000e28                __aeabi_uldivmod
 .text          0x00000e58      0x2c0 c:/users/renat/ncs/v1.9.1/toolchain/opt/bin/../lib/gcc/arm-none-eabi/9.2.1/thumb/v7e-m/nofp\libgcc.a(_udivmoddi4.o)
                0x00000e58                __udivmoddi4
 .text          0x00001118        0x4 c:/users/renat/ncs/v1.9.1/toolchain/opt/bin/../lib/gcc/arm-none-eabi/9.2.1/thumb/v7e-m/nofp\libgcc.a(_dvmd_tls.o)
                0x00001118                __aeabi_idiv0
                0x00001118                __aeabi_ldiv0
 *(SORT_BY_ALIGNMENT(.text.*))
 *fill*         0x0000111c        0x4 
 .text.thread_C_code
                0x00001120       0xc8 app/libapp.a(main.c.obj)
                0x00001120                thread_C_code
 .text.thread_B_code
                0x000011e8      0x118 app/libapp.a(main.c.obj)
                0x000011e8                thread_B_code
 .text.but1press_cbfunction
                0x00001300        0xc app/libapp.a(main.c.obj)
                0x00001300                but1press_cbfunction
 .text.but2press_cbfunction
                0x0000130c        0xc app/libapp.a(main.c.obj)
                0x0000130c                but2press_cbfunction
 .text.but3press_cbfunction
                0x00001318        0xc app/libapp.a(main.c.obj)
                0x00001318                but3press_cbfunction
 .text.but4press_cbfunction
                0x00001324        0xc app/libapp.a(main.c.obj)
                0x00001324                but4press_cbfunction
 .text.z_impl_gpio_pin_configure
                0x00001330       0x9c app/libapp.a(main.c.obj)
 .text.z_impl_gpio_pin_interrupt_configure.constprop.0
                0x000013cc       0x6c app/libapp.a(main.c.obj)
 .text.thread_A_code
                0x00001438       0x94 app/libapp.a(main.c.obj)
                0x00001438                thread_A_code
 .text.thread_D_code
                0x000014cc      0x100 app/libapp.a(main.c.obj)
                0x000014cc                thread_D_code
 .text.clock    0x000015cc       0x74 app/libapp.a(main.c.obj)
                0x000015cc                clock
 .text.CONFIG_BUTTONS
                0x00001640       0xe8 app/libapp.a(main.c.obj)
                0x00001640                CONFIG_BUTTONS
 .text.MENU     0x00001728       0x4c app/libapp.a(main.c.obj)
                0x00001728                MENU
 .text.CHANGE_DATE
                0x00001774      0x114 app/libapp.a(main.c.obj)
                0x00001774                CHANGE_DATE
 .text.SET_DATE_PWM
                0x00001888      0x1ec app/libapp.a(main.c.obj)
                0x00001888                SET_DATE_PWM
 .text.SET_PWM  0x00001a74       0x64 app/libapp.a(main.c.obj)
                0x00001a74                SET_PWM
 .text.main     0x00001ad8      0x26c app/libapp.a(main.c.obj)
                0x00001ad8                main
 .text.CHECK_DATE
                0x00001d44       0xbc app/libapp.a(main.c.obj)
                0x00001d44                CHECK_DATE
 .text.thread_1_code
                0x00001e00      0x160 app/libapp.a(main.c.obj)
                0x00001e00                thread_1_code
 .text.cbvprintf
                0x00001f60      0x780 zephyr/libzephyr.a(cbprintf_complete.c.obj)
                0x00001f60                cbvprintf
 .text.console_putchar
                0x000026e0       0x1c zephyr/libzephyr.a(getchar.c.obj)
                0x000026e0                console_putchar
 .text.console_getchar
                0x000026fc       0x20 zephyr/libzephyr.a(getchar.c.obj)
                0x000026fc                console_getchar
 .text.console_init
                0x0000271c       0x54 zephyr/libzephyr.a(getchar.c.obj)
                0x0000271c                console_init
 .text.sys_heap_init
                0x00002770      0x128 zephyr/libzephyr.a(heap.c.obj)
                0x00002770                sys_heap_init
 .text.sys_notify_finalize
                0x00002898       0x60 zephyr/libzephyr.a(notify.c.obj)
                0x00002898                sys_notify_finalize
 .text.nrf_cc3xx_platform_abort_init
                0x000028f8        0xc zephyr/libzephyr.a(nrf_cc3xx_platform_abort_zephyr.c.obj)
                0x000028f8                nrf_cc3xx_platform_abort_init
 .text.mutex_unlock_platform
                0x00002904       0x4c zephyr/libzephyr.a(nrf_cc3xx_platform_mutex_zephyr.c.obj)
 .text.mutex_free_platform
                0x00002950       0x48 zephyr/libzephyr.a(nrf_cc3xx_platform_mutex_zephyr.c.obj)
 .text.mutex_init_platform
                0x00002998       0x70 zephyr/libzephyr.a(nrf_cc3xx_platform_mutex_zephyr.c.obj)
 .text.mutex_lock_platform
                0x00002a08       0x58 zephyr/libzephyr.a(nrf_cc3xx_platform_mutex_zephyr.c.obj)
 .text.nrf_cc3xx_platform_mutex_init
                0x00002a60       0x2c zephyr/libzephyr.a(nrf_cc3xx_platform_mutex_zephyr.c.obj)
                0x00002a60                nrf_cc3xx_platform_mutex_init
 .text.process_event
                0x00002a8c      0x3f4 zephyr/libzephyr.a(onoff.c.obj)
 .text.transition_complete
                0x00002e80       0x64 zephyr/libzephyr.a(onoff.c.obj)
 .text.onoff_request
                0x00002ee4      0x130 zephyr/libzephyr.a(onoff.c.obj)
                0x00002ee4                onoff_request
 .text.pm_state_notify
                0x00003014       0xcc zephyr/libzephyr.a(pm.c.obj)
 .text.atomic_test_and_set_bit.constprop.0
                0x000030e0       0x38 zephyr/libzephyr.a(pm.c.obj)
 .text.pm_system_resume
                0x00003118       0x88 zephyr/libzephyr.a(pm.c.obj)
                0x00003118                pm_system_resume
 .text.pm_system_suspend
                0x000031a0      0x100 zephyr/libzephyr.a(pm.c.obj)
                0x000031a0                pm_system_suspend
 .text.char_out
                0x000032a0       0x10 zephyr/libzephyr.a(printk.c.obj)
 .text.__printk_hook_install
                0x000032b0        0xc zephyr/libzephyr.a(printk.c.obj)
                0x000032b0                __printk_hook_install
 .text.vprintk  0x000032bc       0x1c zephyr/libzephyr.a(printk.c.obj)
                0x000032bc                vprintk
 .text.sys_reboot
                0x000032d8       0x28 zephyr/libzephyr.a(reboot.c.obj)
                0x000032d8                sys_reboot
 .text.tty_init
                0x00003300       0x40 zephyr/libzephyr.a(tty.c.obj)
                0x00003300                tty_init
 .text.z_arm_cpu_idle_init
                0x00003340        0xc zephyr/arch/arch/arm/core/aarch32/libarch__arm__core__aarch32.a(cpu_idle.S.obj)
                0x00003340                z_arm_cpu_idle_init
 .text.arch_cpu_idle
                0x0000334c       0x1c zephyr/arch/arch/arm/core/aarch32/libarch__arm__core__aarch32.a(cpu_idle.S.obj)
                0x0000334c                arch_cpu_idle
 .text.arch_cpu_atomic_idle
                0x00003368       0x14 zephyr/arch/arch/arm/core/aarch32/libarch__arm__core__aarch32.a(cpu_idle.S.obj)
                0x00003368                arch_cpu_atomic_idle
 .text._isr_wrapper
                0x0000337c       0x40 zephyr/arch/arch/arm/core/aarch32/libarch__arm__core__aarch32.a(isr_wrapper.S.obj)
                0x0000337c                _isr_wrapper
 .text.z_SysNmiOnReset
                0x000033bc        0x8 zephyr/arch/arch/arm/core/aarch32/libarch__arm__core__aarch32.a(nmi_on_reset.S.obj)
                0x000033bc                z_SysNmiOnReset
 .text.z_arm_pendsv
                0x000033c4       0x54 zephyr/arch/arch/arm/core/aarch32/libarch__arm__core__aarch32.a(swap_helper.S.obj)
                0x000033c4                z_arm_pendsv
 .text.z_arm_svc
                0x00003418       0x20 zephyr/arch/arch/arm/core/aarch32/libarch__arm__core__aarch32.a(swap_helper.S.obj)
                0x00003418                z_arm_svc
 .text.arch_irq_enable
                0x00003438       0x20 zephyr/arch/arch/arm/core/aarch32/libarch__arm__core__aarch32.a(irq_manage.c.obj)
                0x00003438                arch_irq_enable
 .text.arch_irq_is_enabled
                0x00003458       0x1c zephyr/arch/arch/arm/core/aarch32/libarch__arm__core__aarch32.a(irq_manage.c.obj)
                0x00003458                arch_irq_is_enabled
 .text.z_arm_irq_priority_set
                0x00003474       0x68 zephyr/arch/arch/arm/core/aarch32/libarch__arm__core__aarch32.a(irq_manage.c.obj)
                0x00003474                z_arm_irq_priority_set
 .text.z_arm_prep_c
                0x000034dc       0x38 zephyr/arch/arch/arm/core/aarch32/libarch__arm__core__aarch32.a(prep_c.c.obj)
                0x000034dc                z_arm_prep_c
 .text.arch_swap
                0x00003514       0x34 zephyr/arch/arch/arm/core/aarch32/libarch__arm__core__aarch32.a(swap.c.obj)
                0x00003514                arch_swap
 .text.arch_new_thread
                0x00003548       0x38 zephyr/arch/arch/arm/core/aarch32/libarch__arm__core__aarch32.a(thread.c.obj)
                0x00003548                arch_new_thread
 .text.z_check_thread_stack_fail
                0x00003580       0x34 zephyr/arch/arch/arm/core/aarch32/libarch__arm__core__aarch32.a(thread.c.obj)
                0x00003580                z_check_thread_stack_fail
 .text.arch_switch_to_main_thread
                0x000035b4       0x2c zephyr/arch/arch/arm/core/aarch32/libarch__arm__core__aarch32.a(thread.c.obj)
                0x000035b4                arch_switch_to_main_thread
 .text._HandlerModeExit
                0x000035e0       0x1c zephyr/arch/arch/arm/core/aarch32/cortex_m/libarch__arm__core__aarch32__cortex_m.a(exc_exit.S.obj)
                0x000035e0                z_arm_int_exit
                0x000035e0                z_arm_exc_exit
 .text.__fault  0x000035fc       0x14 zephyr/arch/arch/arm/core/aarch32/cortex_m/libarch__arm__core__aarch32__cortex_m.a(fault_s.S.obj)
                0x000035fc                z_arm_usage_fault
                0x000035fc                z_arm_mpu_fault
                0x000035fc                z_arm_exc_spurious
                0x000035fc                z_arm_debug_monitor
                0x000035fc                z_arm_hard_fault
                0x000035fc                z_arm_bus_fault
 .text._reset_section
                0x00003610       0x54 zephyr/arch/arch/arm/core/aarch32/cortex_m/libarch__arm__core__aarch32__cortex_m.a(reset.S.obj)
                0x00003610                __start
                0x00003610                z_arm_reset
 .text.mem_manage_fault
                0x00003664       0xa4 zephyr/arch/arch/arm/core/aarch32/cortex_m/libarch__arm__core__aarch32__cortex_m.a(fault.c.obj)
 .text.bus_fault.isra.0
                0x00003708       0x3c zephyr/arch/arch/arm/core/aarch32/cortex_m/libarch__arm__core__aarch32__cortex_m.a(fault.c.obj)
 .text.usage_fault.isra.0
                0x00003744       0x24 zephyr/arch/arch/arm/core/aarch32/cortex_m/libarch__arm__core__aarch32__cortex_m.a(fault.c.obj)
 .text.z_arm_fault
                0x00003768      0x17c zephyr/arch/arch/arm/core/aarch32/cortex_m/libarch__arm__core__aarch32__cortex_m.a(fault.c.obj)
                0x00003768                z_arm_fault
 .text.z_arm_fault_init
                0x000038e4       0x10 zephyr/arch/arch/arm/core/aarch32/cortex_m/libarch__arm__core__aarch32__cortex_m.a(fault.c.obj)
                0x000038e4                z_arm_fault_init
 .text.z_arm_interrupt_init
                0x000038f4       0x18 zephyr/arch/arch/arm/core/aarch32/cortex_m/libarch__arm__core__aarch32__cortex_m.a(irq_init.c.obj)
                0x000038f4                z_arm_interrupt_init
 .text.z_arm_clear_arm_mpu_config
                0x0000390c       0x20 zephyr/arch/arch/arm/core/aarch32/cortex_m/libarch__arm__core__aarch32__cortex_m.a(scb.c.obj)
                0x0000390c                z_arm_clear_arm_mpu_config
 .text.z_arm_init_arch_hw_at_boot
                0x0000392c       0x64 zephyr/arch/arch/arm/core/aarch32/cortex_m/libarch__arm__core__aarch32__cortex_m.a(scb.c.obj)
                0x0000392c                z_arm_init_arch_hw_at_boot
 .text.z_impl_k_thread_abort
                0x00003990       0x24 zephyr/arch/arch/arm/core/aarch32/cortex_m/libarch__arm__core__aarch32__cortex_m.a(thread_abort.c.obj)
                0x00003990                z_impl_k_thread_abort
 .text.z_arm_configure_static_mpu_regions
                0x000039b4       0x18 zephyr/arch/arch/arm/core/aarch32/mpu/libarch__arm__core__aarch32__mpu.a(arm_core_mpu.c.obj)
                0x000039b4                z_arm_configure_static_mpu_regions
 .text.z_arm_configure_dynamic_mpu_regions
                0x000039cc       0x20 zephyr/arch/arch/arm/core/aarch32/mpu/libarch__arm__core__aarch32__mpu.a(arm_core_mpu.c.obj)
                0x000039cc                z_arm_configure_dynamic_mpu_regions
 .text.mpu_configure_regions
                0x000039ec       0x80 zephyr/arch/arch/arm/core/aarch32/mpu/libarch__arm__core__aarch32__mpu.a(arm_mpu.c.obj)
 .text.arm_core_mpu_enable
                0x00003a6c       0x14 zephyr/arch/arch/arm/core/aarch32/mpu/libarch__arm__core__aarch32__mpu.a(arm_mpu.c.obj)
                0x00003a6c                arm_core_mpu_enable
 .text.arm_core_mpu_disable
                0x00003a80       0x10 zephyr/arch/arch/arm/core/aarch32/mpu/libarch__arm__core__aarch32__mpu.a(arm_mpu.c.obj)
                0x00003a80                arm_core_mpu_disable
 .text.arm_core_mpu_configure_static_mpu_regions
                0x00003a90       0x50 zephyr/arch/arch/arm/core/aarch32/mpu/libarch__arm__core__aarch32__mpu.a(arm_mpu.c.obj)
                0x00003a90                arm_core_mpu_configure_static_mpu_regions
 .text.arm_core_mpu_configure_dynamic_mpu_regions
                0x00003ae0       0x64 zephyr/arch/arch/arm/core/aarch32/mpu/libarch__arm__core__aarch32__mpu.a(arm_mpu.c.obj)
                0x00003ae0                arm_core_mpu_configure_dynamic_mpu_regions
 .text.z_arm_mpu_init
                0x00003b44       0xbc zephyr/arch/arch/arm/core/aarch32/mpu/libarch__arm__core__aarch32__mpu.a(arm_mpu.c.obj)
                0x00003b44                z_arm_mpu_init
 .text.printf   0x00003c00       0x24 zephyr/lib/libc/minimal/liblib__libc__minimal.a(fprintf.c.obj)
                0x00003c00                printf
 .text.__stdout_hook_install
                0x00003c24        0xc zephyr/lib/libc/minimal/liblib__libc__minimal.a(stdout_console.c.obj)
                0x00003c24                __stdout_hook_install
 .text.z_impl_zephyr_fputc
                0x00003c30       0x18 zephyr/lib/libc/minimal/liblib__libc__minimal.a(stdout_console.c.obj)
                0x00003c30                z_impl_zephyr_fputc
 .text.nordicsemi_nrf52_init
                0x00003c48       0x64 zephyr/soc/arm/nordic_nrf/nrf52/libsoc__arm__nordic_nrf__nrf52.a(soc.c.obj)
 .text.sys_arch_reboot
                0x00003cac       0x2c zephyr/soc/arm/nordic_nrf/nrf52/libsoc__arm__nordic_nrf__nrf52.a(soc.c.obj)
                0x00003cac                sys_arch_reboot
 .text.arch_busy_wait
                0x00003cd8       0x14 zephyr/soc/arm/nordic_nrf/nrf52/libsoc__arm__nordic_nrf__nrf52.a(soc.c.obj)
                0x00003cd8                arch_busy_wait
 .text.adc_context_start_sampling.isra.0
                0x00003cec       0x20 zephyr/drivers/adc/libdrivers__adc.a(adc_nrfx_saadc.c.obj)
 .text.adc_nrfx_channel_setup
                0x00003d0c       0xd4 zephyr/drivers/adc/libdrivers__adc.a(adc_nrfx_saadc.c.obj)
 .text.start_read.isra.0
                0x00003de0      0x188 zephyr/drivers/adc/libdrivers__adc.a(adc_nrfx_saadc.c.obj)
 .text.adc_nrfx_read_async
                0x00003f68       0x44 zephyr/drivers/adc/libdrivers__adc.a(adc_nrfx_saadc.c.obj)
 .text.init_saadc
                0x00003fac       0x48 zephyr/drivers/adc/libdrivers__adc.a(adc_nrfx_saadc.c.obj)
 .text.saadc_irq_handler
                0x00003ff4       0xf4 zephyr/drivers/adc/libdrivers__adc.a(adc_nrfx_saadc.c.obj)
 .text.adc_nrfx_read
                0x000040e8       0x40 zephyr/drivers/adc/libdrivers__adc.a(adc_nrfx_saadc.c.obj)
 .text.onoff_start
                0x00004128       0x54 zephyr/drivers/clock_control/libdrivers__clock_control.a(clock_control_nrf.c.obj)
 .text.get_status
                0x0000417c       0x3c zephyr/drivers/clock_control/libdrivers__clock_control.a(clock_control_nrf.c.obj)
 .text.stop     0x000041b8       0x7c zephyr/drivers/clock_control/libdrivers__clock_control.a(clock_control_nrf.c.obj)
 .text.onoff_stop
                0x00004234       0x28 zephyr/drivers/clock_control/libdrivers__clock_control.a(clock_control_nrf.c.obj)
 .text.clk_init
                0x0000425c       0x60 zephyr/drivers/clock_control/libdrivers__clock_control.a(clock_control_nrf.c.obj)
 .text.clkstarted_handle.constprop.0
                0x000042bc       0x34 zephyr/drivers/clock_control/libdrivers__clock_control.a(clock_control_nrf.c.obj)
 .text.clock_event_handler
                0x000042f0       0x60 zephyr/drivers/clock_control/libdrivers__clock_control.a(clock_control_nrf.c.obj)
 .text.generic_hfclk_start
                0x00004350       0x64 zephyr/drivers/clock_control/libdrivers__clock_control.a(clock_control_nrf.c.obj)
 .text.generic_hfclk_stop
                0x000043b4       0x2c zephyr/drivers/clock_control/libdrivers__clock_control.a(clock_control_nrf.c.obj)
 .text.api_blocking_start
                0x000043e0       0x3c zephyr/drivers/clock_control/libdrivers__clock_control.a(clock_control_nrf.c.obj)
 .text.z_nrf_clock_control_lf_on
                0x0000441c      0x158 zephyr/drivers/clock_control/libdrivers__clock_control.a(clock_control_nrf.c.obj)
                0x0000441c                z_nrf_clock_control_lf_on
 .text.console_out
                0x00004574       0x34 zephyr/drivers/console/libdrivers__console.a(uart_console.c.obj)
 .text.uart_console_init
                0x000045a8       0x30 zephyr/drivers/console/libdrivers__console.a(uart_console.c.obj)
 .text.gpio_nrfx_manage_callback
                0x000045d8       0xac zephyr/drivers/gpio/libdrivers__gpio.a(gpio_nrfx.c.obj)
 .text.nrfx_gpio_handler
                0x00004684       0x98 zephyr/drivers/gpio/libdrivers__gpio.a(gpio_nrfx.c.obj)
 .text.gpio_nrfx_pin_interrupt_configure
                0x0000471c      0x130 zephyr/drivers/gpio/libdrivers__gpio.a(gpio_nrfx.c.obj)
 .text.gpio_nrfx_init
                0x0000484c       0x38 zephyr/drivers/gpio/libdrivers__gpio.a(gpio_nrfx.c.obj)
 .text.gpio_nrfx_pin_configure
                0x00004884      0x15c zephyr/drivers/gpio/libdrivers__gpio.a(gpio_nrfx.c.obj)
 .text.pwm_nrfx_get_cycles_per_sec
                0x000049e0       0x10 zephyr/drivers/pwm/libdrivers__pwm.a(pwm_nrfx.c.obj)
 .text.pwm_nrfx_init
                0x000049f0       0x44 zephyr/drivers/pwm/libdrivers__pwm.a(pwm_nrfx.c.obj)
 .text.nrf_gpio_pin_port_decode
                0x00004a34       0x84 zephyr/drivers/pwm/libdrivers__pwm.a(pwm_nrfx.c.obj)
 .text.uarte_nrfx_configure
                0x00004ab8      0x164 zephyr/drivers/serial/libdrivers__serial.a(uart_nrfx_uarte.c.obj)
 .text.nrf_gpio_pin_port_decode
                0x00004c1c       0x84 zephyr/drivers/serial/libdrivers__serial.a(uart_nrfx_uarte.c.obj)
 .text.uarte_nrfx_rx_enable
                0x00004ca0      0x168 zephyr/drivers/serial/libdrivers__serial.a(uart_nrfx_uarte.c.obj)
 .text.uarte_instance_init.isra.0
                0x00004e08      0x220 zephyr/drivers/serial/libdrivers__serial.a(uart_nrfx_uarte.c.obj)
 .text.uarte_nrfx_tx
                0x00005028       0xe8 zephyr/drivers/serial/libdrivers__serial.a(uart_nrfx_uarte.c.obj)
 .text.uarte_nrfx_poll_out
                0x00005110       0xb4 zephyr/drivers/serial/libdrivers__serial.a(uart_nrfx_uarte.c.obj)
 .text.sys_clock_timeout_handler
                0x000051c4       0x78 zephyr/drivers/timer/libdrivers__timer.a(nrf_rtc_timer.c.obj)
 .text.compare_int_lock
                0x0000523c       0x50 zephyr/drivers/timer/libdrivers__timer.a(nrf_rtc_timer.c.obj)
 .text.compare_int_unlock.part.0
                0x0000528c       0x5c zephyr/drivers/timer/libdrivers__timer.a(nrf_rtc_timer.c.obj)
 .text.z_nrf_rtc_timer_read
                0x000052e8       0x44 zephyr/drivers/timer/libdrivers__timer.a(nrf_rtc_timer.c.obj)
                0x000052e8                z_nrf_rtc_timer_read
 .text.compare_set
                0x0000532c      0x154 zephyr/drivers/timer/libdrivers__timer.a(nrf_rtc_timer.c.obj)
 .text.sys_clock_driver_init
                0x00005480       0x84 zephyr/drivers/timer/libdrivers__timer.a(nrf_rtc_timer.c.obj)
 .text.rtc_nrf_isr
                0x00005504       0xf0 zephyr/drivers/timer/libdrivers__timer.a(nrf_rtc_timer.c.obj)
                0x00005504                rtc_nrf_isr
 .text.sys_clock_set_timeout
                0x000055f4       0x60 zephyr/drivers/timer/libdrivers__timer.a(nrf_rtc_timer.c.obj)
                0x000055f4                sys_clock_set_timeout
 .text.sys_clock_elapsed
                0x00005654       0x14 zephyr/drivers/timer/libdrivers__timer.a(nrf_rtc_timer.c.obj)
                0x00005654                sys_clock_elapsed
 .text.nrf_clock_is_running.constprop.0
                0x00005668       0x68 modules/hal_nordic/nrfx/libmodules__hal_nordic__nrfx.a(nrfx_clock.c.obj)
 .text.nrfx_clock_init
                0x000056d0       0x48 modules/hal_nordic/nrfx/libmodules__hal_nordic__nrfx.a(nrfx_clock.c.obj)
                0x000056d0                nrfx_clock_init
 .text.nrfx_clock_enable
                0x00005718       0x40 modules/hal_nordic/nrfx/libmodules__hal_nordic__nrfx.a(nrfx_clock.c.obj)
                0x00005718                nrfx_clock_enable
 .text.nrfx_clock_start
                0x00005758       0xa8 modules/hal_nordic/nrfx/libmodules__hal_nordic__nrfx.a(nrfx_clock.c.obj)
                0x00005758                nrfx_clock_start
 .text.nrfx_clock_stop
                0x00005800       0xdc modules/hal_nordic/nrfx/libmodules__hal_nordic__nrfx.a(nrfx_clock.c.obj)
                0x00005800                nrfx_clock_stop
 .text.nrfx_power_clock_irq_handler
                0x000058dc       0x68 modules/hal_nordic/nrfx/libmodules__hal_nordic__nrfx.a(nrfx_clock.c.obj)
                0x000058dc                nrfx_power_clock_irq_handler
 .text.nrfx_flag32_alloc
                0x00005944       0x48 modules/hal_nordic/nrfx/libmodules__hal_nordic__nrfx.a(nrfx_flag32_allocator.c.obj)
                0x00005944                nrfx_flag32_alloc
 .text.nrfx_flag32_free
                0x0000598c       0x44 modules/hal_nordic/nrfx/libmodules__hal_nordic__nrfx.a(nrfx_flag32_allocator.c.obj)
                0x0000598c                nrfx_flag32_free
 .text.pin_is_task_output
                0x000059d0       0x1c modules/hal_nordic/nrfx/libmodules__hal_nordic__nrfx.a(nrfx_gpiote.c.obj)
 .text.call_handler
                0x000059ec       0x3c modules/hal_nordic/nrfx/libmodules__hal_nordic__nrfx.a(nrfx_gpiote.c.obj)
 .text.release_handler
                0x00005a28       0x80 modules/hal_nordic/nrfx/libmodules__hal_nordic__nrfx.a(nrfx_gpiote.c.obj)
 .text.pin_handler_trigger_uninit
                0x00005aa8       0x34 modules/hal_nordic/nrfx/libmodules__hal_nordic__nrfx.a(nrfx_gpiote.c.obj)
 .text.nrf_gpio_pin_port_decode
                0x00005adc       0x6c modules/hal_nordic/nrfx/libmodules__hal_nordic__nrfx.a(nrfx_gpiote.c.obj)
 .text.nrfx_gpiote_input_configure
                0x00005b48      0x150 modules/hal_nordic/nrfx/libmodules__hal_nordic__nrfx.a(nrfx_gpiote.c.obj)
                0x00005b48                nrfx_gpiote_input_configure
 .text.nrfx_gpiote_output_configure
                0x00005c98       0xe0 modules/hal_nordic/nrfx/libmodules__hal_nordic__nrfx.a(nrfx_gpiote.c.obj)
                0x00005c98                nrfx_gpiote_output_configure
 .text.nrfx_gpiote_global_callback_set
                0x00005d78        0xc modules/hal_nordic/nrfx/libmodules__hal_nordic__nrfx.a(nrfx_gpiote.c.obj)
                0x00005d78                nrfx_gpiote_global_callback_set
 .text.nrfx_gpiote_channel_get
                0x00005d84       0x50 modules/hal_nordic/nrfx/libmodules__hal_nordic__nrfx.a(nrfx_gpiote.c.obj)
                0x00005d84                nrfx_gpiote_channel_get
 .text.nrfx_gpiote_init
                0x00005dd4       0x50 modules/hal_nordic/nrfx/libmodules__hal_nordic__nrfx.a(nrfx_gpiote.c.obj)
                0x00005dd4                nrfx_gpiote_init
 .text.nrfx_gpiote_is_init
                0x00005e24       0x14 modules/hal_nordic/nrfx/libmodules__hal_nordic__nrfx.a(nrfx_gpiote.c.obj)
                0x00005e24                nrfx_gpiote_is_init
 .text.nrfx_gpiote_channel_free
                0x00005e38        0xc modules/hal_nordic/nrfx/libmodules__hal_nordic__nrfx.a(nrfx_gpiote.c.obj)
                0x00005e38                nrfx_gpiote_channel_free
 .text.nrfx_gpiote_channel_alloc
                0x00005e44        0xc modules/hal_nordic/nrfx/libmodules__hal_nordic__nrfx.a(nrfx_gpiote.c.obj)
                0x00005e44                nrfx_gpiote_channel_alloc
 .text.nrfx_gpiote_trigger_enable
                0x00005e50       0xe0 modules/hal_nordic/nrfx/libmodules__hal_nordic__nrfx.a(nrfx_gpiote.c.obj)
                0x00005e50                nrfx_gpiote_trigger_enable
 .text.nrfx_gpiote_trigger_disable
                0x00005f30       0x44 modules/hal_nordic/nrfx/libmodules__hal_nordic__nrfx.a(nrfx_gpiote.c.obj)
                0x00005f30                nrfx_gpiote_trigger_disable
 .text.nrfx_gpiote_pin_uninit
                0x00005f74       0x48 modules/hal_nordic/nrfx/libmodules__hal_nordic__nrfx.a(nrfx_gpiote.c.obj)
                0x00005f74                nrfx_gpiote_pin_uninit
 .text.nrfx_gpiote_irq_handler
                0x00005fbc      0x1b4 modules/hal_nordic/nrfx/libmodules__hal_nordic__nrfx.a(nrfx_gpiote.c.obj)
                0x00005fbc                nrfx_gpiote_irq_handler
 .text.nrfx_ppi_channel_alloc
                0x00006170        0xc modules/hal_nordic/nrfx/libmodules__hal_nordic__nrfx.a(nrfx_ppi.c.obj)
                0x00006170                nrfx_ppi_channel_alloc
 .text.nrf_pwm_sequence_set
                0x0000617c       0xf8 modules/hal_nordic/nrfx/libmodules__hal_nordic__nrfx.a(nrfx_pwm.c.obj)
 .text.nrf_gpio_pin_port_decode
                0x00006274       0x84 modules/hal_nordic/nrfx/libmodules__hal_nordic__nrfx.a(nrfx_pwm.c.obj)
 .text.nrfx_pwm_init
                0x000062f8      0x198 modules/hal_nordic/nrfx/libmodules__hal_nordic__nrfx.a(nrfx_pwm.c.obj)
                0x000062f8                nrfx_pwm_init
 .text.nrfx_pwm_simple_playback
                0x00006490       0xe8 modules/hal_nordic/nrfx/libmodules__hal_nordic__nrfx.a(nrfx_pwm.c.obj)
                0x00006490                nrfx_pwm_simple_playback
 .text.nrfx_pwm_is_stopped
                0x00006578       0x5c modules/hal_nordic/nrfx/libmodules__hal_nordic__nrfx.a(nrfx_pwm.c.obj)
                0x00006578                nrfx_pwm_is_stopped
 .text.nrfx_pwm_stop
                0x000065d4       0x64 modules/hal_nordic/nrfx/libmodules__hal_nordic__nrfx.a(nrfx_pwm.c.obj)
                0x000065d4                nrfx_pwm_stop
 .text.nrf52_errata_36
                0x00006638       0x14 modules/hal_nordic/nrfx/libmodules__hal_nordic__nrfx.a(system_nrf52840.c.obj)
 .text.nrf52_errata_98
                0x0000664c       0x28 modules/hal_nordic/nrfx/libmodules__hal_nordic__nrfx.a(system_nrf52840.c.obj)
 .text.nvmc_wait
                0x00006674       0x10 modules/hal_nordic/nrfx/libmodules__hal_nordic__nrfx.a(system_nrf52840.c.obj)
                0x00006674                nvmc_wait
 .text.SystemInit
                0x00006684      0x1d0 modules/hal_nordic/nrfx/libmodules__hal_nordic__nrfx.a(system_nrf52840.c.obj)
                0x00006684                SystemInit
 .text.z_sys_init_run_level
                0x00006854       0x40 zephyr/kernel/libkernel.a(device.c.obj)
                0x00006854                z_sys_init_run_level
 .text.z_impl_device_get_binding
                0x00006894       0x58 zephyr/kernel/libkernel.a(device.c.obj)
                0x00006894                z_impl_device_get_binding
 .text.z_impl_z_errno
                0x000068ec        0xc zephyr/kernel/libkernel.a(errno.c.obj)
                0x000068ec                z_impl_z_errno
 .text.z_fatal_error
                0x000068f8       0x64 zephyr/kernel/libkernel.a(fatal.c.obj)
                0x000068f8                z_fatal_error
 .text.idle     0x0000695c       0x58 zephyr/kernel/libkernel.a(idle.c.obj)
                0x0000695c                idle
 .text.init_idle_thread
                0x000069b4       0x58 zephyr/kernel/libkernel.a(init.c.obj)
 .text.bg_thread_main
                0x00006a0c       0x34 zephyr/kernel/libkernel.a(init.c.obj)
 .text.z_bss_zero
                0x00006a40       0x14 zephyr/kernel/libkernel.a(init.c.obj)
                0x00006a40                z_bss_zero
 .text.z_cstart
                0x00006a54       0xe4 zephyr/kernel/libkernel.a(init.c.obj)
                0x00006a54                z_cstart
 .text.init_mem_slab_module
                0x00006b38       0x78 zephyr/kernel/libkernel.a(mem_slab.c.obj)
 .text.k_mem_slab_alloc
                0x00006bb0       0xd8 zephyr/kernel/libkernel.a(mem_slab.c.obj)
                0x00006bb0                k_mem_slab_alloc
 .text.k_mem_slab_free
                0x00006c88       0xc8 zephyr/kernel/libkernel.a(mem_slab.c.obj)
                0x00006c88                k_mem_slab_free
 .text.z_impl_k_mutex_lock
                0x00006d50      0x200 zephyr/kernel/libkernel.a(mutex.c.obj)
                0x00006d50                z_impl_k_mutex_lock
 .text.z_impl_k_mutex_unlock
                0x00006f50      0x190 zephyr/kernel/libkernel.a(mutex.c.obj)
                0x00006f50                z_impl_k_mutex_unlock
 .text.signal_poll_event
                0x000070e0       0xec zephyr/kernel/libkernel.a(poll.c.obj)
 .text.z_impl_k_poll_signal_raise
                0x000071cc       0xb8 zephyr/kernel/libkernel.a(poll.c.obj)
                0x000071cc                z_impl_k_poll_signal_raise
 .text.z_reset_time_slice
                0x00007284       0x2c zephyr/kernel/libkernel.a(sched.c.obj)
                0x00007284                z_reset_time_slice
 .text.k_sched_time_slice_set
                0x000072b0       0xcc zephyr/kernel/libkernel.a(sched.c.obj)
                0x000072b0                k_sched_time_slice_set
 .text.z_unpend_thread_no_timeout
                0x0000737c       0x90 zephyr/kernel/libkernel.a(sched.c.obj)
                0x0000737c                z_unpend_thread_no_timeout
 .text.z_reschedule
                0x0000740c       0x88 zephyr/kernel/libkernel.a(sched.c.obj)
                0x0000740c                z_reschedule
 .text.k_sched_lock
                0x00007494       0xe8 zephyr/kernel/libkernel.a(sched.c.obj)
                0x00007494                k_sched_lock
 .text.z_priq_dumb_remove
                0x0000757c       0x44 zephyr/kernel/libkernel.a(sched.c.obj)
                0x0000757c                z_priq_dumb_remove
 .text.unpend_thread_no_timeout
                0x000075c0       0x44 zephyr/kernel/libkernel.a(sched.c.obj)
 .text.z_unpend_thread
                0x00007604       0x98 zephyr/kernel/libkernel.a(sched.c.obj)
                0x00007604                z_unpend_thread
 .text.update_cache
                0x0000769c       0x70 zephyr/kernel/libkernel.a(sched.c.obj)
 .text.move_thread_to_end_of_prio_q
                0x0000770c       0xac zephyr/kernel/libkernel.a(sched.c.obj)
 .text.z_time_slice
                0x000077b8       0xf0 zephyr/kernel/libkernel.a(sched.c.obj)
                0x000077b8                z_time_slice
 .text.ready_thread
                0x000078a8       0xa4 zephyr/kernel/libkernel.a(sched.c.obj)
 .text.z_ready_thread
                0x0000794c       0x90 zephyr/kernel/libkernel.a(sched.c.obj)
                0x0000794c                z_ready_thread
 .text.z_sched_start
                0x000079dc       0xa8 zephyr/kernel/libkernel.a(sched.c.obj)
                0x000079dc                z_sched_start
 .text.z_thread_timeout
                0x00007a84       0xb4 zephyr/kernel/libkernel.a(sched.c.obj)
                0x00007a84                z_thread_timeout
 .text.unready_thread
                0x00007b38       0x38 zephyr/kernel/libkernel.a(sched.c.obj)
 .text.add_to_waitq_locked
                0x00007b70       0x84 zephyr/kernel/libkernel.a(sched.c.obj)
 .text.pend     0x00007bf4       0xbc zephyr/kernel/libkernel.a(sched.c.obj)
 .text.z_pend_curr
                0x00007cb0       0x60 zephyr/kernel/libkernel.a(sched.c.obj)
                0x00007cb0                z_pend_curr
 .text.z_set_prio
                0x00007d10      0x138 zephyr/kernel/libkernel.a(sched.c.obj)
                0x00007d10                z_set_prio
 .text.z_impl_k_thread_suspend
                0x00007e48       0xd4 zephyr/kernel/libkernel.a(sched.c.obj)
                0x00007e48                z_impl_k_thread_suspend
 .text.k_sched_unlock
                0x00007f1c       0xf8 zephyr/kernel/libkernel.a(sched.c.obj)
                0x00007f1c                k_sched_unlock
 .text.z_unpend1_no_timeout
                0x00008014       0x98 zephyr/kernel/libkernel.a(sched.c.obj)
                0x00008014                z_unpend1_no_timeout
 .text.z_unpend_first_thread
                0x000080ac       0xa0 zephyr/kernel/libkernel.a(sched.c.obj)
                0x000080ac                z_unpend_first_thread
 .text.z_sched_init
                0x0000814c       0x18 zephyr/kernel/libkernel.a(sched.c.obj)
                0x0000814c                z_sched_init
 .text.z_impl_k_yield
                0x00008164      0x148 zephyr/kernel/libkernel.a(sched.c.obj)
                0x00008164                z_impl_k_yield
 .text.z_tick_sleep
                0x000082ac      0x15c zephyr/kernel/libkernel.a(sched.c.obj)
 .text.z_impl_k_sleep
                0x00008408       0x70 zephyr/kernel/libkernel.a(sched.c.obj)
                0x00008408                z_impl_k_sleep
 .text.z_impl_z_current_get
                0x00008478        0xc zephyr/kernel/libkernel.a(sched.c.obj)
                0x00008478                z_impl_z_current_get
 .text.z_impl_k_is_preempt_thread
                0x00008484       0x20 zephyr/kernel/libkernel.a(sched.c.obj)
                0x00008484                z_impl_k_is_preempt_thread
 .text.z_thread_abort
                0x000084a4      0x168 zephyr/kernel/libkernel.a(sched.c.obj)
                0x000084a4                z_thread_abort
 .text.z_sched_wake
                0x0000860c       0xb0 zephyr/kernel/libkernel.a(sched.c.obj)
                0x0000860c                z_sched_wake
 .text.z_sched_wait
                0x000086bc       0x24 zephyr/kernel/libkernel.a(sched.c.obj)
                0x000086bc                z_sched_wait
 .text.z_impl_k_sem_give
                0x000086e0       0x88 zephyr/kernel/libkernel.a(sem.c.obj)
                0x000086e0                z_impl_k_sem_give
 .text.z_impl_k_sem_take
                0x00008768      0x114 zephyr/kernel/libkernel.a(sem.c.obj)
                0x00008768                z_impl_k_sem_take
 .text.k_sys_work_q_init
                0x0000887c       0x34 zephyr/kernel/libkernel.a(system_work_q.c.obj)
 .text.z_setup_new_thread
                0x000088b0       0xc8 zephyr/kernel/libkernel.a(thread.c.obj)
                0x000088b0                z_setup_new_thread
 .text.z_impl_k_thread_create
                0x00008978       0x9c zephyr/kernel/libkernel.a(thread.c.obj)
                0x00008978                z_impl_k_thread_create
 .text.z_init_static_threads
                0x00008a14      0x120 zephyr/kernel/libkernel.a(thread.c.obj)
                0x00008a14                z_init_static_threads
 .text.z_spin_lock_valid
                0x00008b34       0x1c zephyr/kernel/libkernel.a(thread.c.obj)
                0x00008b34                z_spin_lock_valid
 .text.z_spin_unlock_valid
                0x00008b50       0x20 zephyr/kernel/libkernel.a(thread.c.obj)
                0x00008b50                z_spin_unlock_valid
 .text.z_spin_lock_set_owner
                0x00008b70       0x10 zephyr/kernel/libkernel.a(thread.c.obj)
                0x00008b70                z_spin_lock_set_owner
 .text.elapsed  0x00008b80       0x14 zephyr/kernel/libkernel.a(timeout.c.obj)
 .text.next_timeout
                0x00008b94       0x58 zephyr/kernel/libkernel.a(timeout.c.obj)
 .text.remove_timeout
                0x00008bec       0x34 zephyr/kernel/libkernel.a(timeout.c.obj)
 .text.z_add_timeout
                0x00008c20      0x1a8 zephyr/kernel/libkernel.a(timeout.c.obj)
                0x00008c20                z_add_timeout
 .text.z_abort_timeout
                0x00008dc8       0x9c zephyr/kernel/libkernel.a(timeout.c.obj)
                0x00008dc8                z_abort_timeout
 .text.z_get_next_timeout_expiry
                0x00008e64       0x90 zephyr/kernel/libkernel.a(timeout.c.obj)
                0x00008e64                z_get_next_timeout_expiry
 .text.z_set_timeout_expiry
                0x00008ef4       0xa0 zephyr/kernel/libkernel.a(timeout.c.obj)
                0x00008ef4                z_set_timeout_expiry
 .text.sys_clock_announce
                0x00008f94      0x198 zephyr/kernel/libkernel.a(timeout.c.obj)
                0x00008f94                sys_clock_announce
 .text.sys_clock_tick_get
                0x0000912c       0xa0 zephyr/kernel/libkernel.a(timeout.c.obj)
                0x0000912c                sys_clock_tick_get
 .text.z_timer_expiration_handler
                0x000091cc      0x168 zephyr/kernel/libkernel.a(timer.c.obj)
                0x000091cc                z_timer_expiration_handler
 .text.z_impl_k_timer_start
                0x00009334       0xc0 zephyr/kernel/libkernel.a(timer.c.obj)
                0x00009334                z_impl_k_timer_start
 .text.work_queue_main
                0x000093f4      0x228 zephyr/kernel/libkernel.a(work.c.obj)
 .text.submit_to_queue_locked
                0x0000961c       0xc8 zephyr/kernel/libkernel.a(work.c.obj)
 .text.k_work_submit_to_queue
                0x000096e4       0xc8 zephyr/kernel/libkernel.a(work.c.obj)
                0x000096e4                k_work_submit_to_queue
 .text.k_work_queue_start
                0x000097ac       0xe4 zephyr/kernel/libkernel.a(work.c.obj)
                0x000097ac                k_work_queue_start
 .text.z_data_copy
                0x00009890       0x34 zephyr/kernel/libkernel.a(xip.c.obj)
                0x00009890                z_data_copy
 .text.boot_banner
                0x000098c4       0x18 zephyr/kernel/libkernel.a(banner.c.obj)
                0x000098c4                boot_banner
 .text.statics_init
                0x000098dc       0x58 zephyr/kernel/libkernel.a(kheap.c.obj)
 .text.nrf_cc3xx_platform_init_no_rng
                0x00009934       0x38 C:/Users/renat/ncs/v1.9.1/nrfxlib/crypto/nrf_cc310_platform/lib/cortex-m4/soft-float/no-interrupts/libnrf_cc310_platform_0.9.13.a(nrf_cc3xx_platform.c.obj)
                0x00009934                nrf_cc3xx_platform_init_no_rng
 .text.nrf_cc3xx_platform_abort
                0x0000996c       0x24 C:/Users/renat/ncs/v1.9.1/nrfxlib/crypto/nrf_cc310_platform/lib/cortex-m4/soft-float/no-interrupts/libnrf_cc310_platform_0.9.13.a(nrf_cc3xx_platform_abort.c.obj)
 .text.CC_PalAbort
                0x00009990       0x40 C:/Users/renat/ncs/v1.9.1/nrfxlib/crypto/nrf_cc310_platform/lib/cortex-m4/soft-float/no-interrupts/libnrf_cc310_platform_0.9.13.a(nrf_cc3xx_platform_abort.c.obj)
                0x00009990                CC_PalAbort
 .text.nrf_cc3xx_platform_set_abort
                0x000099d0       0x10 C:/Users/renat/ncs/v1.9.1/nrfxlib/crypto/nrf_cc310_platform/lib/cortex-m4/soft-float/no-interrupts/libnrf_cc310_platform_0.9.13.a(nrf_cc3xx_platform_abort.c.obj)
                0x000099d0                nrf_cc3xx_platform_set_abort
 .text.mutex_free
                0x000099e0       0x28 C:/Users/renat/ncs/v1.9.1/nrfxlib/crypto/nrf_cc310_platform/lib/cortex-m4/soft-float/no-interrupts/libnrf_cc310_platform_0.9.13.a(nrf_cc3xx_platform_mutex.c.obj)
 .text.mutex_unlock
                0x00009a08       0x2c C:/Users/renat/ncs/v1.9.1/nrfxlib/crypto/nrf_cc310_platform/lib/cortex-m4/soft-float/no-interrupts/libnrf_cc310_platform_0.9.13.a(nrf_cc3xx_platform_mutex.c.obj)
 .text.mutex_init
                0x00009a34       0x1c C:/Users/renat/ncs/v1.9.1/nrfxlib/crypto/nrf_cc310_platform/lib/cortex-m4/soft-float/no-interrupts/libnrf_cc310_platform_0.9.13.a(nrf_cc3xx_platform_mutex.c.obj)
 .text.mutex_lock
                0x00009a50       0x44 C:/Users/renat/ncs/v1.9.1/nrfxlib/crypto/nrf_cc310_platform/lib/cortex-m4/soft-float/no-interrupts/libnrf_cc310_platform_0.9.13.a(nrf_cc3xx_platform_mutex.c.obj)
 .text.nrf_cc3xx_platform_set_mutexes
                0x00009a94       0x60 C:/Users/renat/ncs/v1.9.1/nrfxlib/crypto/nrf_cc310_platform/lib/cortex-m4/soft-float/no-interrupts/libnrf_cc310_platform_0.9.13.a(nrf_cc3xx_platform_mutex.c.obj)
                0x00009a94                nrf_cc3xx_platform_set_mutexes
 .text.CC_LibInitNoRng
                0x00009af4       0x6c C:/Users/renat/ncs/v1.9.1/nrfxlib/crypto/nrf_cc310_platform/lib/cortex-m4/soft-float/no-interrupts/libnrf_cc310_platform_0.9.13.a(cc_lib.c.obj)
                0x00009af4                CC_LibInitNoRng
 .text.CC_HalInit
                0x00009b60        0x4 C:/Users/renat/ncs/v1.9.1/nrfxlib/crypto/nrf_cc310_platform/lib/cortex-m4/soft-float/no-interrupts/libnrf_cc310_platform_0.9.13.a(cc_hal.c.obj)
                0x00009b60                CC_HalInit
 .text.CC_HalTerminate
                0x00009b64        0x4 C:/Users/renat/ncs/v1.9.1/nrfxlib/crypto/nrf_cc310_platform/lib/cortex-m4/soft-float/no-interrupts/libnrf_cc310_platform_0.9.13.a(cc_hal.c.obj)
                0x00009b64                CC_HalTerminate
 .text.CC_HalMaskInterrupt
                0x00009b68        0xc C:/Users/renat/ncs/v1.9.1/nrfxlib/crypto/nrf_cc310_platform/lib/cortex-m4/soft-float/no-interrupts/libnrf_cc310_platform_0.9.13.a(cc_hal.c.obj)
                0x00009b68                CC_HalMaskInterrupt
 .text.CC_PalInit
                0x00009b74       0x5c C:/Users/renat/ncs/v1.9.1/nrfxlib/crypto/nrf_cc310_platform/lib/cortex-m4/soft-float/no-interrupts/libnrf_cc310_platform_0.9.13.a(cc_pal.c.obj)
                0x00009b74                CC_PalInit
 .text.CC_PalTerminate
                0x00009bd0       0x34 C:/Users/renat/ncs/v1.9.1/nrfxlib/crypto/nrf_cc310_platform/lib/cortex-m4/soft-float/no-interrupts/libnrf_cc310_platform_0.9.13.a(cc_pal.c.obj)
                0x00009bd0                CC_PalTerminate
 .text.CC_PalDmaInit
                0x00009c04        0x4 C:/Users/renat/ncs/v1.9.1/nrfxlib/crypto/nrf_cc310_platform/lib/cortex-m4/soft-float/no-interrupts/libnrf_cc310_platform_0.9.13.a(cc_pal_dma.c.obj)
                0x00009c04                CC_PalDmaInit
 .text.CC_PalDmaTerminate
                0x00009c08        0x4 C:/Users/renat/ncs/v1.9.1/nrfxlib/crypto/nrf_cc310_platform/lib/cortex-m4/soft-float/no-interrupts/libnrf_cc310_platform_0.9.13.a(cc_pal_dma.c.obj)
                0x00009c08                CC_PalDmaTerminate
 .text.CC_PalMutexCreate
                0x00009c0c       0x14 C:/Users/renat/ncs/v1.9.1/nrfxlib/crypto/nrf_cc310_platform/lib/cortex-m4/soft-float/no-interrupts/libnrf_cc310_platform_0.9.13.a(cc_pal_mutex.c.obj)
                0x00009c0c                CC_PalMutexCreate
 .text.CC_PalMutexDestroy
                0x00009c20       0x14 C:/Users/renat/ncs/v1.9.1/nrfxlib/crypto/nrf_cc310_platform/lib/cortex-m4/soft-float/no-interrupts/libnrf_cc310_platform_0.9.13.a(cc_pal_mutex.c.obj)
                0x00009c20                CC_PalMutexDestroy
 .text.CC_PalPowerSaveModeInit
                0x00009c34       0x3c C:/Users/renat/ncs/v1.9.1/nrfxlib/crypto/nrf_cc310_platform/lib/cortex-m4/soft-float/no-interrupts/libnrf_cc310_platform_0.9.13.a(cc_pal_pm.c.obj)
                0x00009c34                CC_PalPowerSaveModeInit
 .text.CC_PalPowerSaveModeSelect
                0x00009c70       0x84 C:/Users/renat/ncs/v1.9.1/nrfxlib/crypto/nrf_cc310_platform/lib/cortex-m4/soft-float/no-interrupts/libnrf_cc310_platform_0.9.13.a(cc_pal_pm.c.obj)
                0x00009c70                CC_PalPowerSaveModeSelect
 .text.gpio_add_callback
                0x00009cf4       0x10 app/libapp.a(main.c.obj)
 .text.assert_post_action
                0x00009d04        0xe zephyr/libzephyr.a(assert.c.obj)
                0x00009d04                assert_post_action
 .text.encode_uint
                0x00009d12       0x96 zephyr/libzephyr.a(cbprintf_complete.c.obj)
 .text.outs     0x00009da8       0x2c zephyr/libzephyr.a(cbprintf_complete.c.obj)
 .text._ConfigAbsSyms
                0x00009dd4        0x2 zephyr/libzephyr.a(configs.c.obj)
                0x00009dd4                _ConfigAbsSyms
 .text.chunk_size
                0x00009dd6        0xa zephyr/libzephyr.a(heap.c.obj)
 .text.free_list_add
                0x00009de0       0x4e zephyr/libzephyr.a(heap.c.obj)
 .text.sys_notify_validate
                0x00009e2e       0x28 zephyr/libzephyr.a(notify.c.obj)
                0x00009e2e                sys_notify_validate
 .text.abort_function
                0x00009e56        0x8 zephyr/libzephyr.a(nrf_cc3xx_platform_abort_zephyr.c.obj)
 .text.process_recheck
                0x00009e5e       0x38 zephyr/libzephyr.a(onoff.c.obj)
 .text.notify_one
                0x00009e96       0x2c zephyr/libzephyr.a(onoff.c.obj)
 .text.validate_args
                0x00009ec2       0x1e zephyr/libzephyr.a(onoff.c.obj)
 .text.onoff_manager_init
                0x00009ee0       0x26 zephyr/libzephyr.a(onoff.c.obj)
                0x00009ee0                onoff_manager_init
 .text.arch_printk_char_out
                0x00009f06        0x4 zephyr/libzephyr.a(printk.c.obj)
                0x00009f06                arch_printk_char_out
 .text.printk   0x00009f0a       0x1a zephyr/libzephyr.a(printk.c.obj)
                0x00009f0a                printk
 .text.pm_policy_next_state
                0x00009f24        0xa zephyr/libzephyr.a(residency.c.obj)
                0x00009f24                pm_policy_next_state
 .text.z_thread_entry
                0x00009f2e       0x14 zephyr/libzephyr.a(thread_entry.c.obj)
                0x00009f2e                z_thread_entry
 .text.z_impl_uart_irq_tx_disable
                0x00009f42        0xa zephyr/libzephyr.a(tty.c.obj)
 .text.tty_putchar
                0x00009f4c       0xac zephyr/libzephyr.a(tty.c.obj)
 .text.tty_uart_isr
                0x00009ff8       0xb8 zephyr/libzephyr.a(tty.c.obj)
 .text.tty_write
                0x0000a0b0       0x52 zephyr/libzephyr.a(tty.c.obj)
                0x0000a0b0                tty_write
 .text.tty_read
                0x0000a102      0x120 zephyr/libzephyr.a(tty.c.obj)
                0x0000a102                tty_read
 .text.tty_set_rx_buf
                0x0000a222       0x32 zephyr/libzephyr.a(tty.c.obj)
                0x0000a222                tty_set_rx_buf
 .text.tty_set_tx_buf
                0x0000a254       0x24 zephyr/libzephyr.a(tty.c.obj)
                0x0000a254                tty_set_tx_buf
 .text.z_arm_fatal_error
                0x0000a278        0x4 zephyr/arch/arch/arm/core/aarch32/libarch__arm__core__aarch32.a(fatal.c.obj)
                0x0000a278                z_arm_fatal_error
 .text.z_do_kernel_oops
                0x0000a27c        0x8 zephyr/arch/arch/arm/core/aarch32/libarch__arm__core__aarch32.a(fatal.c.obj)
                0x0000a27c                z_do_kernel_oops
 .text.z_irq_spurious
                0x0000a284        0x8 zephyr/arch/arch/arm/core/aarch32/libarch__arm__core__aarch32.a(irq_manage.c.obj)
                0x0000a284                z_irq_spurious
 .text.z_arm_nmi
                0x0000a28c        0xe zephyr/arch/arch/arm/core/aarch32/libarch__arm__core__aarch32.a(nmi.c.obj)
                0x0000a28c                z_arm_nmi
 .text._stdout_hook_default
                0x0000a29a        0x6 zephyr/lib/libc/minimal/liblib__libc__minimal.a(stdout_console.c.obj)
 .text.fputc    0x0000a2a0        0x4 zephyr/lib/libc/minimal/liblib__libc__minimal.a(stdout_console.c.obj)
                0x0000a2a0                fputc
 .text.strlen   0x0000a2a4        0xe zephyr/lib/libc/minimal/liblib__libc__minimal.a(string.c.obj)
                0x0000a2a4                strlen
 .text.strnlen  0x0000a2b2       0x12 zephyr/lib/libc/minimal/liblib__libc__minimal.a(string.c.obj)
                0x0000a2b2                strnlen
 .text.strcmp   0x0000a2c4       0x18 zephyr/lib/libc/minimal/liblib__libc__minimal.a(string.c.obj)
                0x0000a2c4                strcmp
 .text.memcpy   0x0000a2dc       0x16 zephyr/lib/libc/minimal/liblib__libc__minimal.a(string.c.obj)
                0x0000a2dc                memcpy
 .text.memset   0x0000a2f2       0x12 zephyr/lib/libc/minimal/liblib__libc__minimal.a(string.c.obj)
                0x0000a2f2                memset
 .text.pm_power_state_set
                0x0000a304       0x26 zephyr/soc/arm/nordic_nrf/nrf52/libsoc__arm__nordic_nrf__nrf52.a(power.c.obj)
                0x0000a304                pm_power_state_set
 .text.pm_power_state_exit_post_ops
                0x0000a32a       0x16 zephyr/soc/arm/nordic_nrf/nrf52/libsoc__arm__nordic_nrf__nrf52.a(power.c.obj)
                0x0000a32a                pm_power_state_exit_post_ops
 .text.adc_context_on_timer_expired
                0x0000a340       0x2e zephyr/drivers/adc/libdrivers__adc.a(adc_nrfx_saadc.c.obj)
 .text.set_starting_state
                0x0000a36e       0x3c zephyr/drivers/clock_control/libdrivers__clock_control.a(clock_control_nrf.c.obj)
 .text.set_on_state
                0x0000a3aa       0x26 zephyr/drivers/clock_control/libdrivers__clock_control.a(clock_control_nrf.c.obj)
 .text.onoff_started_callback
                0x0000a3d0        0xc zephyr/drivers/clock_control/libdrivers__clock_control.a(clock_control_nrf.c.obj)
 .text.lfclk_start
                0x0000a3dc        0x6 zephyr/drivers/clock_control/libdrivers__clock_control.a(clock_control_nrf.c.obj)
 .text.lfclk_stop
                0x0000a3e2        0x6 zephyr/drivers/clock_control/libdrivers__clock_control.a(clock_control_nrf.c.obj)
 .text.api_stop
                0x0000a3e8        0x6 zephyr/drivers/clock_control/libdrivers__clock_control.a(clock_control_nrf.c.obj)
 .text.blocking_start_callback
                0x0000a3ee        0x6 zephyr/drivers/clock_control/libdrivers__clock_control.a(clock_control_nrf.c.obj)
 .text.api_start
                0x0000a3f4       0x36 zephyr/drivers/clock_control/libdrivers__clock_control.a(clock_control_nrf.c.obj)
 .text.uart_poll_out
                0x0000a42a        0x6 zephyr/drivers/console/libdrivers__console.a(uart_console.c.obj)
 .text.debug_hook_out_nop
                0x0000a430        0x4 zephyr/drivers/console/libdrivers__console.a(uart_console.c.obj)
 .text.gpio_nrfx_port_get_raw
                0x0000a434        0xe zephyr/drivers/gpio/libdrivers__gpio.a(gpio_nrfx.c.obj)
 .text.gpio_nrfx_port_set_masked_raw
                0x0000a442       0x16 zephyr/drivers/gpio/libdrivers__gpio.a(gpio_nrfx.c.obj)
 .text.gpio_nrfx_port_set_bits_raw
                0x0000a458        0xc zephyr/drivers/gpio/libdrivers__gpio.a(gpio_nrfx.c.obj)
 .text.gpio_nrfx_port_clear_bits_raw
                0x0000a464        0xc zephyr/drivers/gpio/libdrivers__gpio.a(gpio_nrfx.c.obj)
 .text.gpio_nrfx_port_toggle_bits
                0x0000a470       0x12 zephyr/drivers/gpio/libdrivers__gpio.a(gpio_nrfx.c.obj)
 .text.any_other_channel_is_active
                0x0000a482       0x2a zephyr/drivers/pwm/libdrivers__pwm.a(pwm_nrfx.c.obj)
 .text.pwm_nrfx_pin_set
                0x0000a4ac      0x170 zephyr/drivers/pwm/libdrivers__pwm.a(pwm_nrfx.c.obj)
 .text.uarte_nrfx_isr_int
                0x0000a61c       0xbc zephyr/drivers/serial/libdrivers__serial.a(uart_nrfx_uarte.c.obj)
 .text.uarte_nrfx_config_get
                0x0000a6d8       0x10 zephyr/drivers/serial/libdrivers__serial.a(uart_nrfx_uarte.c.obj)
 .text.uarte_nrfx_err_check
                0x0000a6e8        0xe zephyr/drivers/serial/libdrivers__serial.a(uart_nrfx_uarte.c.obj)
 .text.is_tx_ready
                0x0000a6f6       0x20 zephyr/drivers/serial/libdrivers__serial.a(uart_nrfx_uarte.c.obj)
 .text.user_callback
                0x0000a716        0xe zephyr/drivers/serial/libdrivers__serial.a(uart_nrfx_uarte.c.obj)
 .text.notify_uart_rx_rdy
                0x0000a724       0x32 zephyr/drivers/serial/libdrivers__serial.a(uart_nrfx_uarte.c.obj)
 .text.uarte_nrfx_rx_buf_rsp
                0x0000a756       0x50 zephyr/drivers/serial/libdrivers__serial.a(uart_nrfx_uarte.c.obj)
 .text.uarte_nrfx_callback_set
                0x0000a7a6       0x14 zephyr/drivers/serial/libdrivers__serial.a(uart_nrfx_uarte.c.obj)
 .text.uarte_nrfx_poll_in
                0x0000a7ba       0x30 zephyr/drivers/serial/libdrivers__serial.a(uart_nrfx_uarte.c.obj)
 .text.uarte_nrfx_fifo_read
                0x0000a7ea       0x2c zephyr/drivers/serial/libdrivers__serial.a(uart_nrfx_uarte.c.obj)
 .text.uarte_nrfx_irq_tx_enable
                0x0000a816       0x2e zephyr/drivers/serial/libdrivers__serial.a(uart_nrfx_uarte.c.obj)
 .text.uarte_nrfx_irq_tx_disable
                0x0000a844        0xa zephyr/drivers/serial/libdrivers__serial.a(uart_nrfx_uarte.c.obj)
 .text.uarte_nrfx_irq_tx_ready_complete
                0x0000a84e       0x2a zephyr/drivers/serial/libdrivers__serial.a(uart_nrfx_uarte.c.obj)
 .text.uarte_nrfx_irq_rx_ready
                0x0000a878       0x10 zephyr/drivers/serial/libdrivers__serial.a(uart_nrfx_uarte.c.obj)
 .text.uarte_nrfx_irq_rx_enable
                0x0000a888        0xc zephyr/drivers/serial/libdrivers__serial.a(uart_nrfx_uarte.c.obj)
 .text.uarte_nrfx_irq_rx_disable
                0x0000a894        0xc zephyr/drivers/serial/libdrivers__serial.a(uart_nrfx_uarte.c.obj)
 .text.uarte_nrfx_irq_err_enable
                0x0000a8a0        0xe zephyr/drivers/serial/libdrivers__serial.a(uart_nrfx_uarte.c.obj)
 .text.uarte_nrfx_irq_err_disable
                0x0000a8ae        0xe zephyr/drivers/serial/libdrivers__serial.a(uart_nrfx_uarte.c.obj)
 .text.uarte_nrfx_irq_update
                0x0000a8bc        0x4 zephyr/drivers/serial/libdrivers__serial.a(uart_nrfx_uarte.c.obj)
 .text.uarte_nrfx_irq_callback_set
                0x0000a8c0        0xa zephyr/drivers/serial/libdrivers__serial.a(uart_nrfx_uarte.c.obj)
 .text.rx_timeout
                0x0000a8ca       0x92 zephyr/drivers/serial/libdrivers__serial.a(uart_nrfx_uarte.c.obj)
 .text.uarte_nrfx_irq_is_pending
                0x0000a95c       0x36 zephyr/drivers/serial/libdrivers__serial.a(uart_nrfx_uarte.c.obj)
 .text.uarte_nrfx_tx_abort
                0x0000a992       0x28 zephyr/drivers/serial/libdrivers__serial.a(uart_nrfx_uarte.c.obj)
 .text.tx_timeout
                0x0000a9ba        0x8 zephyr/drivers/serial/libdrivers__serial.a(uart_nrfx_uarte.c.obj)
 .text.uarte_nrfx_rx_disable
                0x0000a9c2       0x42 zephyr/drivers/serial/libdrivers__serial.a(uart_nrfx_uarte.c.obj)
 .text.uarte_0_init
                0x0000aa04       0x1e zephyr/drivers/serial/libdrivers__serial.a(uart_nrfx_uarte.c.obj)
 .text.uarte_1_init
                0x0000aa22       0x1e zephyr/drivers/serial/libdrivers__serial.a(uart_nrfx_uarte.c.obj)
 .text.tx_start
                0x0000aa40       0x4c zephyr/drivers/serial/libdrivers__serial.a(uart_nrfx_uarte.c.obj)
 .text.uarte_nrfx_fifo_fill
                0x0000aa8c       0x80 zephyr/drivers/serial/libdrivers__serial.a(uart_nrfx_uarte.c.obj)
 .text.sys_clock_idle_exit
                0x0000ab0c        0x2 zephyr/drivers/timer/libdrivers__timer.a(sys_clock_init.c.obj)
                0x0000ab0c                sys_clock_idle_exit
 .text.k_sys_fatal_error_handler
                0x0000ab0e        0x8 modules/nrf/lib/fatal_error/lib..__nrf__lib__fatal_error.a(fatal_error.c.obj)
                0x0000ab0e                k_sys_fatal_error_handler
 .text.hw_cc3xx_init_internal
                0x0000ab16        0x4 modules/nrf/drivers/hw_cc310/lib..__nrf__drivers__hw_cc310.a(hw_cc310.c.obj)
 .text.hw_cc3xx_init
                0x0000ab1a       0x12 modules/nrf/drivers/hw_cc310/lib..__nrf__drivers__hw_cc310.a(hw_cc310.c.obj)
 .text.nrfx_isr
                0x0000ab2c        0x2 modules/hal_nordic/nrfx/libmodules__hal_nordic__nrfx.a(nrfx_glue.c.obj)
                0x0000ab2c                nrfx_isr
 .text.nrfx_busy_wait
                0x0000ab2e        0x4 modules/hal_nordic/nrfx/libmodules__hal_nordic__nrfx.a(nrfx_glue.c.obj)
                0x0000ab2e                nrfx_busy_wait
 .text.nrf_gpio_pin_present_check
                0x0000ab32       0x22 modules/hal_nordic/nrfx/libmodules__hal_nordic__nrfx.a(nrfx_gpiote.c.obj)
 .text.nrf_gpiote_in_event_get
                0x0000ab54        0x8 modules/hal_nordic/nrfx/libmodules__hal_nordic__nrfx.a(nrfx_gpiote.c.obj)
 .text.nrf_gpio_reconfigure
                0x0000ab5c       0x96 modules/hal_nordic/nrfx/libmodules__hal_nordic__nrfx.a(nrfx_gpiote.c.obj)
 .text.nrf_gpio_cfg_sense_set
                0x0000abf2       0x1e modules/hal_nordic/nrfx/libmodules__hal_nordic__nrfx.a(nrfx_gpiote.c.obj)
 .text.start_playback.isra.0
                0x0000ac10       0x46 modules/hal_nordic/nrfx/libmodules__hal_nordic__nrfx.a(nrfx_pwm.c.obj)
 .text.z_device_state_init
                0x0000ac56        0x2 zephyr/kernel/libkernel.a(device.c.obj)
                0x0000ac56                z_device_state_init
 .text.z_device_ready
                0x0000ac58       0x14 zephyr/kernel/libkernel.a(device.c.obj)
                0x0000ac58                z_device_ready
 .text.z_pm_save_idle_exit
                0x0000ac6c        0xe zephyr/kernel/libkernel.a(idle.c.obj)
                0x0000ac6c                z_pm_save_idle_exit
 .text.k_mem_slab_init
                0x0000ac7a       0x38 zephyr/kernel/libkernel.a(mem_slab.c.obj)
                0x0000ac7a                k_mem_slab_init
 .text.z_impl_k_mutex_init
                0x0000acb2        0xe zephyr/kernel/libkernel.a(mutex.c.obj)
                0x0000acb2                z_impl_k_mutex_init
 .text.z_handle_obj_poll_events
                0x0000acc0       0x1c zephyr/kernel/libkernel.a(poll.c.obj)
                0x0000acc0                z_handle_obj_poll_events
 .text.z_reschedule_irqlock
                0x0000acdc       0x18 zephyr/kernel/libkernel.a(sched.c.obj)
                0x0000acdc                z_reschedule_irqlock
 .text.z_reschedule_unlocked
                0x0000acf4       0x14 zephyr/kernel/libkernel.a(sched.c.obj)
 .text.z_priq_dumb_best
                0x0000ad08       0x14 zephyr/kernel/libkernel.a(sched.c.obj)
                0x0000ad08                z_priq_dumb_best
 .text.z_impl_k_sem_init
                0x0000ad1c       0x20 zephyr/kernel/libkernel.a(sem.c.obj)
                0x0000ad1c                z_impl_k_sem_init
 .text.k_is_in_isr
                0x0000ad3c        0xc zephyr/kernel/libkernel.a(thread.c.obj)
                0x0000ad3c                k_is_in_isr
 .text.z_impl_k_thread_name_set
                0x0000ad48        0x6 zephyr/kernel/libkernel.a(thread.c.obj)
                0x0000ad48                z_impl_k_thread_name_set
 .text.z_impl_k_thread_start
                0x0000ad4e        0x4 zephyr/kernel/libkernel.a(thread.c.obj)
                0x0000ad4e                z_impl_k_thread_start
 .text.sys_clock_tick_get_32
                0x0000ad52        0x8 zephyr/kernel/libkernel.a(timeout.c.obj)
                0x0000ad52                sys_clock_tick_get_32
 .text.z_impl_k_uptime_ticks
                0x0000ad5a        0x4 zephyr/kernel/libkernel.a(timeout.c.obj)
                0x0000ad5a                z_impl_k_uptime_ticks
 .text.z_impl_k_busy_wait
                0x0000ad5e        0x8 zephyr/kernel/libkernel.a(timeout.c.obj)
                0x0000ad5e                z_impl_k_busy_wait
 .text.k_timer_init
                0x0000ad66       0x18 zephyr/kernel/libkernel.a(timer.c.obj)
                0x0000ad66                k_timer_init
 .text.z_impl_k_timer_stop
                0x0000ad7e       0x3a zephyr/kernel/libkernel.a(timer.c.obj)
                0x0000ad7e                z_impl_k_timer_stop
 .text.notify_queue_locked
                0x0000adb8        0xe zephyr/kernel/libkernel.a(work.c.obj)
 .text.k_heap_init
                0x0000adc6       0x10 zephyr/kernel/libkernel.a(kheap.c.obj)
                0x0000adc6                k_heap_init
 .text._OffsetAbsSyms
                0x0000add6        0x2 zephyr/CMakeFiles/offsets.dir/./arch/arm/core/offsets/offsets.c.obj
                0x0000add6                _OffsetAbsSyms
 *(SORT_BY_ALIGNMENT(.TEXT.*))
 .TEXT.z_arm_platform_init
                0x0000add8        0x4 zephyr/libzephyr.a(soc_nrf_common.S.obj)
                0x0000add8                z_arm_platform_init
 *(SORT_BY_ALIGNMENT(.gnu.linkonce.t.*))
 *(SORT_BY_ALIGNMENT(.glue_7t))
 .glue_7t       0x0000addc        0x0 linker stubs
 *(SORT_BY_ALIGNMENT(.glue_7))
 .glue_7        0x0000addc        0x0 linker stubs
 *(SORT_BY_ALIGNMENT(.vfp11_veneer))
 .vfp11_veneer  0x0000addc        0x0 linker stubs
 *(SORT_BY_ALIGNMENT(.v4_bx))
 .v4_bx         0x0000addc        0x0 linker stubs
                0x0000addc                __text_region_end = .

.ARM.exidx      0x0000addc        0x8
                0x0000addc                __exidx_start = .
 *(SORT_BY_ALIGNMENT(.ARM.exidx*) SORT_BY_ALIGNMENT(gnu.linkonce.armexidx.*))
 .ARM.exidx     0x0000addc        0x8 c:/users/renat/ncs/v1.9.1/toolchain/opt/bin/../lib/gcc/arm-none-eabi/9.2.1/thumb/v7e-m/nofp\libgcc.a(_udivmoddi4.o)
                0x0000ade4                __exidx_end = .
                0x0000ade4                __rodata_region_start = .

initlevel       0x0000ade4       0x78
                0x0000ade4                __init_start = .
                0x0000ade4                __init_PRE_KERNEL_1_start = .
 *(SORT_BY_NAME(SORT_BY_ALIGNMENT(.z_init_PRE_KERNEL_1[0-9]_*)))
 .z_init_PRE_KERNEL_10_
                0x0000ade4        0x8 zephyr/soc/arm/nordic_nrf/nrf52/libsoc__arm__nordic_nrf__nrf52.a(soc.c.obj)
 *(SORT_BY_NAME(SORT_BY_ALIGNMENT(.z_init_PRE_KERNEL_1[1-9][0-9]_*)))
 .z_init_PRE_KERNEL_130_
                0x0000adec        0x8 zephyr/drivers/clock_control/libdrivers__clock_control.a(clock_control_nrf.c.obj)
 .z_init_PRE_KERNEL_130_
                0x0000adf4        0x8 zephyr/kernel/libkernel.a(mem_slab.c.obj)
 .z_init_PRE_KERNEL_130_
                0x0000adfc        0x8 zephyr/kernel/libkernel.a(kheap.c.obj)
 .z_init_PRE_KERNEL_140_
                0x0000ae04       0x10 zephyr/drivers/gpio/libdrivers__gpio.a(gpio_nrfx.c.obj)
 .z_init_PRE_KERNEL_140_
                0x0000ae14        0x8 modules/nrf/drivers/hw_cc310/lib..__nrf__drivers__hw_cc310.a(hw_cc310.c.obj)
 .z_init_PRE_KERNEL_155_
                0x0000ae1c       0x10 zephyr/drivers/serial/libdrivers__serial.a(uart_nrfx_uarte.c.obj)
 .z_init_PRE_KERNEL_160_
                0x0000ae2c        0x8 zephyr/drivers/console/libdrivers__console.a(uart_console.c.obj)
                0x0000ae34                __init_PRE_KERNEL_2_start = .
 *(SORT_BY_NAME(SORT_BY_ALIGNMENT(.z_init_PRE_KERNEL_2[0-9]_*)))
 .z_init_PRE_KERNEL_20_
                0x0000ae34        0x8 zephyr/drivers/timer/libdrivers__timer.a(nrf_rtc_timer.c.obj)
 *(SORT_BY_NAME(SORT_BY_ALIGNMENT(.z_init_PRE_KERNEL_2[1-9][0-9]_*)))
                0x0000ae3c                __init_POST_KERNEL_start = .
 *(SORT_BY_NAME(SORT_BY_ALIGNMENT(.z_init_POST_KERNEL[0-9]_*)))
 *(SORT_BY_NAME(SORT_BY_ALIGNMENT(.z_init_POST_KERNEL[1-9][0-9]_*)))
 .z_init_POST_KERNEL40_
                0x0000ae3c        0x8 modules/nrf/drivers/hw_cc310/lib..__nrf__drivers__hw_cc310.a(hw_cc310.c.obj)
 .z_init_POST_KERNEL40_
                0x0000ae44        0x8 zephyr/kernel/libkernel.a(system_work_q.c.obj)
 .z_init_POST_KERNEL50_
                0x0000ae4c        0x8 zephyr/drivers/adc/libdrivers__adc.a(adc_nrfx_saadc.c.obj)
 .z_init_POST_KERNEL50_
                0x0000ae54        0x8 zephyr/drivers/pwm/libdrivers__pwm.a(pwm_nrfx.c.obj)
                0x0000ae5c                __init_APPLICATION_start = .
 *(SORT_BY_NAME(SORT_BY_ALIGNMENT(.z_init_APPLICATION[0-9]_*)))
 *(SORT_BY_NAME(SORT_BY_ALIGNMENT(.z_init_APPLICATION[1-9][0-9]_*)))
                0x0000ae5c                __init_SMP_start = .
 *(SORT_BY_NAME(SORT_BY_ALIGNMENT(.z_init_SMP[0-9]_*)))
 *(SORT_BY_NAME(SORT_BY_ALIGNMENT(.z_init_SMP[1-9][0-9]_*)))
                0x0000ae5c                __init_end = .

devices         0x0000ae5c       0xa8
                0x0000ae5c                __device_start = .
                0x0000ae5c                __device_PRE_KERNEL_1_start = .
 *(SORT_BY_NAME(SORT_BY_ALIGNMENT(.z_device_PRE_KERNEL_1[0-9]_*)))
 *(SORT_BY_NAME(SORT_BY_ALIGNMENT(.z_device_PRE_KERNEL_1[1-9][0-9]_*)))
 .z_device_PRE_KERNEL_130_
                0x0000ae5c       0x18 zephyr/drivers/clock_control/libdrivers__clock_control.a(clock_control_nrf.c.obj)
                0x0000ae5c                __device_dts_ord_27
 .z_device_PRE_KERNEL_140_
                0x0000ae74       0x30 zephyr/drivers/gpio/libdrivers__gpio.a(gpio_nrfx.c.obj)
                0x0000ae74                __device_dts_ord_11
                0x0000ae8c                __device_dts_ord_54
 .z_device_PRE_KERNEL_155_
                0x0000aea4       0x30 zephyr/drivers/serial/libdrivers__serial.a(uart_nrfx_uarte.c.obj)
                0x0000aea4                __device_dts_ord_63
                0x0000aebc                __device_dts_ord_62
                0x0000aed4                __device_PRE_KERNEL_2_start = .
 *(SORT_BY_NAME(SORT_BY_ALIGNMENT(.z_device_PRE_KERNEL_2[0-9]_*)))
 *(SORT_BY_NAME(SORT_BY_ALIGNMENT(.z_device_PRE_KERNEL_2[1-9][0-9]_*)))
                0x0000aed4                __device_POST_KERNEL_start = .
 *(SORT_BY_NAME(SORT_BY_ALIGNMENT(.z_device_POST_KERNEL[0-9]_*)))
 *(SORT_BY_NAME(SORT_BY_ALIGNMENT(.z_device_POST_KERNEL[1-9][0-9]_*)))
 .z_device_POST_KERNEL50_
                0x0000aed4       0x18 zephyr/drivers/adc/libdrivers__adc.a(adc_nrfx_saadc.c.obj)
                0x0000aed4                __device_dts_ord_26
 .z_device_POST_KERNEL50_
                0x0000aeec       0x18 zephyr/drivers/pwm/libdrivers__pwm.a(pwm_nrfx.c.obj)
                0x0000aeec                __device_dts_ord_24
                0x0000af04                __device_APPLICATION_start = .
 *(SORT_BY_NAME(SORT_BY_ALIGNMENT(.z_device_APPLICATION[0-9]_*)))
 *(SORT_BY_NAME(SORT_BY_ALIGNMENT(.z_device_APPLICATION[1-9][0-9]_*)))
                0x0000af04                __device_SMP_start = .
 *(SORT_BY_NAME(SORT_BY_ALIGNMENT(.z_device_SMP[0-9]_*)))
 *(SORT_BY_NAME(SORT_BY_ALIGNMENT(.z_device_SMP[1-9][0-9]_*)))
                0x0000af04                __device_end = .

sw_isr_table    0x0000af04      0x180
                0x0000af04                . = ALIGN (0x0)
 *(SORT_BY_ALIGNMENT(.gnu.linkonce.sw_isr_table*))
 .gnu.linkonce.sw_isr_table
                0x0000af04      0x180 zephyr/CMakeFiles/zephyr_final.dir/isr_tables.c.obj
                0x0000af04                _sw_isr_table

initlevel_error
                0x0000ade4        0x0
 *(SORT_BY_NAME(SORT_BY_ALIGNMENT(.z_init_[_A-Z0-9]*)))
                0x00000001                ASSERT ((SIZEOF (initlevel_error) == 0x0), Undefined initialization levels used.)

app_shmem_regions
                0x0000b084        0x0
                0x0000b084                __app_shmem_regions_start = .
 *(SORT_BY_NAME(SORT_BY_ALIGNMENT(.app_regions.*)))
                0x0000b084                __app_shmem_regions_end = .

bt_l2cap_fixed_chan_area
                0x0000b084        0x0
                0x0000b084                _bt_l2cap_fixed_chan_list_start = .
 *(SORT_BY_NAME(SORT_BY_ALIGNMENT(._bt_l2cap_fixed_chan.static.*)))
                0x0000b084                _bt_l2cap_fixed_chan_list_end = .

bt_gatt_service_static_area
                0x0000b084        0x0
                0x0000b084                _bt_gatt_service_static_list_start = .
 *(SORT_BY_NAME(SORT_BY_ALIGNMENT(._bt_gatt_service_static.static.*)))
                0x0000b084                _bt_gatt_service_static_list_end = .

k_p4wq_initparam_area
                0x0000b084        0x0
                0x0000b084                _k_p4wq_initparam_list_start = .
 *(SORT_BY_NAME(SORT_BY_ALIGNMENT(._k_p4wq_initparam.static.*)))
                0x0000b084                _k_p4wq_initparam_list_end = .

log_strings_sections
                0x0000b084        0x0
                0x0000b084                __log_strings_start = .
 *(SORT_BY_NAME(SORT_BY_ALIGNMENT(.log_strings*)))
                0x0000b084                __log_strings_end = .

log_const_sections
                0x0000b084        0x0
                0x0000b084                __log_const_start = .
 *(SORT_BY_NAME(SORT_BY_ALIGNMENT(.log_const_*)))
                0x0000b084                __log_const_end = .

log_backends_sections
                0x0000b084        0x0
                0x0000b084                __log_backends_start = .
 *(SORT_BY_ALIGNMENT(._log_backend.*))
                0x0000b084                __log_backends_end = .

shell_area      0x0000b084        0x0
                0x0000b084                _shell_list_start = .
 *(SORT_BY_NAME(SORT_BY_ALIGNMENT(._shell.static.*)))
                0x0000b084                _shell_list_end = .

shell_root_cmds_sections
                0x0000b084        0x0
                0x0000b084                __shell_root_cmds_start = .
 *(SORT_BY_NAME(SORT_BY_ALIGNMENT(.shell_root_cmd_*)))
                0x0000b084                __shell_root_cmds_end = .

font_entry_sections
                0x0000b084        0x0
                0x0000b084                __font_entry_start = .
 *(SORT_BY_NAME(SORT_BY_ALIGNMENT(._cfb_font.*)))
                0x0000b084                __font_entry_end = .

tracing_backend_area
                0x0000b084        0x0
                0x0000b084                _tracing_backend_list_start = .
 *(SORT_BY_NAME(SORT_BY_ALIGNMENT(._tracing_backend.static.*)))
                0x0000b084                _tracing_backend_list_end = .

zephyr_dbg_info
 *(SORT_BY_ALIGNMENT(.dbg_thread_info))

device_handles  0x0000b084       0x2a
                0x0000b084                __device_handles_start = .
 *(SORT_BY_NAME(SORT_BY_ALIGNMENT(.__device_handles_pass2*)))
 .__device_handles_pass2
                0x0000b084       0x2a zephyr/CMakeFiles/zephyr_final.dir/dev_handles.c.obj
                0x0000b084                __devicehdl_DT_N_S_soc_S_pwm_4001c000
                0x0000b08a                __devicehdl_DT_N_S_soc_S_adc_40007000
                0x0000b090                __devicehdl_DT_N_S_soc_S_uart_40002000
                0x0000b096                __devicehdl_DT_N_S_soc_S_uart_40028000
                0x0000b09c                __devicehdl_DT_N_S_soc_S_gpio_50000300
                0x0000b0a2                __devicehdl_DT_N_S_soc_S_gpio_50000000
                0x0000b0a8                __devicehdl_DT_N_S_soc_S_clock_40000000
                0x0000b0ae                __device_handles_end = .

rodata          0x0000b0b0     0x1a78
 *(SORT_BY_ALIGNMENT(.rodata))
 *(SORT_BY_ALIGNMENT(.rodata.*))
 .rodata.delay_machine_code.12410
                0x0000b0b0        0x6 zephyr/soc/arm/nordic_nrf/nrf52/libsoc__arm__nordic_nrf__nrf52.a(soc.c.obj)
 *fill*         0x0000b0b6        0x2 
 .rodata.apis   0x0000b0b8        0x8 zephyr/libzephyr.a(nrf_cc3xx_platform_abort_zephyr.c.obj)
 .rodata.mutex_apis
                0x0000b0c0       0x10 zephyr/libzephyr.a(nrf_cc3xx_platform_mutex_zephyr.c.obj)
 .rodata.mutexes
                0x0000b0d0       0x14 zephyr/libzephyr.a(nrf_cc3xx_platform_mutex_zephyr.c.obj)
 .rodata.static_regions
                0x0000b0e4        0xc zephyr/arch/arch/arm/core/aarch32/mpu/libarch__arm__core__aarch32__mpu.a(arm_core_mpu.c.obj)
 .rodata.mpu_config
                0x0000b0f0        0x8 zephyr/soc/arm/common/cortex_m/libsoc__arm__common__cortex_m.a(arm_mpu_regions.c.obj)
                0x0000b0f0                mpu_config
 .rodata.mpu_regions
                0x0000b0f8       0x18 zephyr/soc/arm/common/cortex_m/libsoc__arm__common__cortex_m.a(arm_mpu_regions.c.obj)
 .rodata.adc_nrfx_driver_api
                0x0000b110       0x10 zephyr/drivers/adc/libdrivers__adc.a(adc_nrfx_saadc.c.obj)
 .rodata.clock_control_api
                0x0000b120       0x18 zephyr/drivers/clock_control/libdrivers__clock_control.a(clock_control_nrf.c.obj)
 .rodata.config
                0x0000b138       0x10 zephyr/drivers/clock_control/libdrivers__clock_control.a(clock_control_nrf.c.obj)
 .rodata.transitions.11168
                0x0000b148        0xc zephyr/drivers/clock_control/libdrivers__clock_control.a(clock_control_nrf.c.obj)
 .rodata.gpio_nrfx_drv_api_funcs
                0x0000b154       0x24 zephyr/drivers/gpio/libdrivers__gpio.a(gpio_nrfx.c.obj)
 .rodata.gpio_nrfx_p0_cfg
                0x0000b178       0x10 zephyr/drivers/gpio/libdrivers__gpio.a(gpio_nrfx.c.obj)
 .rodata.gpio_nrfx_p1_cfg
                0x0000b188       0x10 zephyr/drivers/gpio/libdrivers__gpio.a(gpio_nrfx.c.obj)
 .rodata.pwm_nrfx_0config
                0x0000b198       0x28 zephyr/drivers/pwm/libdrivers__pwm.a(pwm_nrfx.c.obj)
 .rodata.pwm_nrfx_drv_api_funcs
                0x0000b1c0        0x8 zephyr/drivers/pwm/libdrivers__pwm.a(pwm_nrfx.c.obj)
 .rodata.uart_nrfx_uarte_driver_api
                0x0000b1c8       0x64 zephyr/drivers/serial/libdrivers__serial.a(uart_nrfx_uarte.c.obj)
 .rodata.uarte_0z_config
                0x0000b22c       0x28 zephyr/drivers/serial/libdrivers__serial.a(uart_nrfx_uarte.c.obj)
 .rodata.uarte_1z_config
                0x0000b254       0x28 zephyr/drivers/serial/libdrivers__serial.a(uart_nrfx_uarte.c.obj)
 .rodata.levels.9433
                0x0000b27c       0x14 zephyr/kernel/libkernel.a(device.c.obj)
 .rodata._k_neg_eagain
                0x0000b290        0x4 zephyr/kernel/libkernel.a(errno.c.obj)
                0x0000b290                _k_neg_eagain
 .rodata.CSWTCH.8
                0x0000b294       0x1c C:/Users/renat/ncs/v1.9.1/nrfxlib/crypto/nrf_cc310_platform/lib/cortex-m4/soft-float/no-interrupts/libnrf_cc310_platform_0.9.13.a(nrf_cc3xx_platform.c.obj)
 .rodata.mutex_free.str1.4
                0x0000b2b0       0x26 C:/Users/renat/ncs/v1.9.1/nrfxlib/crypto/nrf_cc310_platform/lib/cortex-m4/soft-float/no-interrupts/libnrf_cc310_platform_0.9.13.a(nrf_cc3xx_platform_mutex.c.obj)
 *fill*         0x0000b2d6        0x2 
 .rodata.mutex_init.str1.4
                0x0000b2d8       0x23 C:/Users/renat/ncs/v1.9.1/nrfxlib/crypto/nrf_cc310_platform/lib/cortex-m4/soft-float/no-interrupts/libnrf_cc310_platform_0.9.13.a(nrf_cc3xx_platform_mutex.c.obj)
 *fill*         0x0000b2fb        0x1 
 .rodata.CC_PalPowerSaveModeInit.str1.4
                0x0000b2fc       0x20 C:/Users/renat/ncs/v1.9.1/nrfxlib/crypto/nrf_cc310_platform/lib/cortex-m4/soft-float/no-interrupts/libnrf_cc310_platform_0.9.13.a(cc_pal_pm.c.obj)
 .rodata.my_channel_cfg
                0x0000b31c        0x8 app/libapp.a(main.c.obj)
 .rodata.z_impl_gpio_pin_configure.str1.1
                0x0000b324      0x117 app/libapp.a(main.c.obj)
 .rodata.thread_A_code.str1.1
                0x0000b43b       0x78 app/libapp.a(main.c.obj)
 .rodata.thread_D_code.str1.1
                0x0000b4b3       0x7f app/libapp.a(main.c.obj)
 .rodata.CONFIG_BUTTONS.str1.1
                0x0000b532       0x5e app/libapp.a(main.c.obj)
 .rodata.MENU.str1.1
                0x0000b590       0xb5 app/libapp.a(main.c.obj)
 .rodata.CHANGE_DATE.str1.1
                0x0000b645       0x6e app/libapp.a(main.c.obj)
                                 0x70 (size before relaxing)
 .rodata.SET_DATE_PWM.str1.1
                0x0000b6b3      0x112 app/libapp.a(main.c.obj)
 .rodata.SET_PWM.str1.1
                0x0000b7c5       0x45 app/libapp.a(main.c.obj)
 .rodata.main.str1.1
                0x0000b80a       0x99 app/libapp.a(main.c.obj)
 .rodata.thread_1_code.str1.1
                0x0000b8a3       0x18 app/libapp.a(main.c.obj)
 .rodata.cbvprintf.str1.1
                0x0000b8bb        0x6 zephyr/libzephyr.a(cbprintf_complete.c.obj)
 .rodata.sys_heap_free.str1.1
                0x0000b8c1       0xcc zephyr/libzephyr.a(heap.c.obj)
                                 0xe9 (size before relaxing)
 .rodata.sys_heap_init.str1.1
                0x0000b98d       0xbb zephyr/libzephyr.a(heap.c.obj)
 .rodata.sys_notify_finalize.str1.1
                0x0000ba48       0x23 zephyr/libzephyr.a(notify.c.obj)
                                 0x42 (size before relaxing)
 .rodata.mutex_free_platform.str1.1
                0x0000ba6b       0x26 zephyr/libzephyr.a(nrf_cc3xx_platform_mutex_zephyr.c.obj)
 .rodata.mutex_init_platform.str1.1
                0x0000ba91       0x2d zephyr/libzephyr.a(nrf_cc3xx_platform_mutex_zephyr.c.obj)
 .rodata.process_event.str1.1
                0x0000babe      0x122 zephyr/libzephyr.a(onoff.c.obj)
                                0x141 (size before relaxing)
 .rodata.pm_state_notify.str1.1
                0x0000bbe0       0x9c zephyr/libzephyr.a(pm.c.obj)
 .rodata.sys_reboot.str1.1
                0x0000bbe0       0x29 zephyr/libzephyr.a(reboot.c.obj)
 .rodata.z_arm_irq_priority_set.str1.1
                0x0000bc09       0x91 zephyr/arch/arch/arm/core/aarch32/libarch__arm__core__aarch32.a(irq_manage.c.obj)
                                 0xae (size before relaxing)
 .rodata.mem_manage_fault.str1.1
                0x0000bc9a       0xa7 zephyr/arch/arch/arm/core/aarch32/cortex_m/libarch__arm__core__aarch32__cortex_m.a(fault.c.obj)
                                 0xc4 (size before relaxing)
 .rodata.z_arm_fault.str1.1
                0x0000bd41       0xa5 zephyr/arch/arch/arm/core/aarch32/cortex_m/libarch__arm__core__aarch32__cortex_m.a(fault.c.obj)
                                 0xa7 (size before relaxing)
 .rodata.arm_core_mpu_configure_static_mpu_regions.str1.1
                0x0000bde6       0x63 zephyr/arch/arch/arm/core/aarch32/mpu/libarch__arm__core__aarch32__mpu.a(arm_mpu.c.obj)
                                 0x82 (size before relaxing)
 .rodata.arm_core_mpu_configure_dynamic_mpu_regions.str1.1
                0x0000be49       0x2d zephyr/arch/arch/arm/core/aarch32/mpu/libarch__arm__core__aarch32__mpu.a(arm_mpu.c.obj)
 .rodata.z_arm_mpu_init.str1.1
                0x0000be76       0xa5 zephyr/arch/arch/arm/core/aarch32/mpu/libarch__arm__core__aarch32__mpu.a(arm_mpu.c.obj)
 .rodata.str1.1
                0x0000bf1b        0xf zephyr/soc/arm/common/cortex_m/libsoc__arm__common__cortex_m.a(arm_mpu_regions.c.obj)
 .rodata.CSWTCH.9
                0x0000bf2a        0x6 zephyr/soc/arm/nordic_nrf/nrf52/libsoc__arm__nordic_nrf__nrf52.a(soc.c.obj)
 .rodata.str1.1
                0x0000bf30        0x6 zephyr/drivers/adc/libdrivers__adc.a(adc_nrfx_saadc.c.obj)
 .rodata.get_status.str1.1
                0x0000bf30       0x61 zephyr/drivers/clock_control/libdrivers__clock_control.a(clock_control_nrf.c.obj)
                                 0x7e (size before relaxing)
 .rodata.clock_event_handler.str1.1
                0x0000bf91        0x2 zephyr/drivers/clock_control/libdrivers__clock_control.a(clock_control_nrf.c.obj)
 .rodata.z_nrf_clock_control_lf_on.str1.1
                0x0000bf91        0x9 zephyr/drivers/clock_control/libdrivers__clock_control.a(clock_control_nrf.c.obj)
 .rodata.str1.1
                0x0000bf9a        0x6 zephyr/drivers/clock_control/libdrivers__clock_control.a(clock_control_nrf.c.obj)
 .rodata.gpio_nrfx_manage_callback.str1.1
                0x0000bfa0       0x6e zephyr/drivers/gpio/libdrivers__gpio.a(gpio_nrfx.c.obj)
                                 0x8b (size before relaxing)
 .rodata.nrfx_gpio_handler.str1.1
                0x0000c00e        0xc zephyr/drivers/gpio/libdrivers__gpio.a(gpio_nrfx.c.obj)
 .rodata.gpio_nrfx_pin_interrupt_configure.str1.1
                0x0000c01a       0x56 zephyr/drivers/gpio/libdrivers__gpio.a(gpio_nrfx.c.obj)
                                 0x58 (size before relaxing)
 .rodata.str1.1
                0x0000c070        0x7 zephyr/drivers/gpio/libdrivers__gpio.a(gpio_nrfx.c.obj)
                                  0xe (size before relaxing)
 .rodata.nrf_gpio_pin_port_decode.str1.1
                0x0000c077       0x75 zephyr/drivers/pwm/libdrivers__pwm.a(pwm_nrfx.c.obj)
 .rodata.str1.1
                0x0000c077        0x6 zephyr/drivers/pwm/libdrivers__pwm.a(pwm_nrfx.c.obj)
 .rodata.nrf_gpio_pin_port_decode.str1.1
                0x0000c077       0x75 zephyr/drivers/serial/libdrivers__serial.a(uart_nrfx_uarte.c.obj)
 .rodata.uarte_nrfx_rx_enable.str1.1
                0x0000c077       0x4d zephyr/drivers/serial/libdrivers__serial.a(uart_nrfx_uarte.c.obj)
 .rodata.str1.1
                0x0000c0c4        0xe zephyr/drivers/serial/libdrivers__serial.a(uart_nrfx_uarte.c.obj)
 .rodata.nrf_clock_is_running.constprop.0.str1.1
                0x0000c0d2       0x34 modules/hal_nordic/nrfx/libmodules__hal_nordic__nrfx.a(nrfx_clock.c.obj)
                                 0x53 (size before relaxing)
 .rodata.nrfx_clock_init.str1.1
                0x0000c106       0x4b modules/hal_nordic/nrfx/libmodules__hal_nordic__nrfx.a(nrfx_clock.c.obj)
 .rodata.nrfx_clock_enable.str1.1
                0x0000c151       0x1e modules/hal_nordic/nrfx/libmodules__hal_nordic__nrfx.a(nrfx_clock.c.obj)
 .rodata.legacy_handler.str1.1
                0x0000c16f       0x64 modules/hal_nordic/nrfx/libmodules__hal_nordic__nrfx.a(nrfx_gpiote.c.obj)
                                 0x81 (size before relaxing)
 .rodata.release_handler.str1.1
                0x0000c1d3       0x14 modules/hal_nordic/nrfx/libmodules__hal_nordic__nrfx.a(nrfx_gpiote.c.obj)
 .rodata.nrf_gpio_pin_port_decode.str1.1
                0x0000c1e7       0x58 modules/hal_nordic/nrfx/libmodules__hal_nordic__nrfx.a(nrfx_gpiote.c.obj)
 .rodata.nrfx_gpiote_channel_get.str1.1
                0x0000c1e7        0xa modules/hal_nordic/nrfx/libmodules__hal_nordic__nrfx.a(nrfx_gpiote.c.obj)
 .rodata.nrfx_gpiote_trigger_enable.str1.1
                0x0000c1f1       0x20 modules/hal_nordic/nrfx/libmodules__hal_nordic__nrfx.a(nrfx_gpiote.c.obj)
 .rodata.nrf_pwm_sequence_set.str1.1
                0x0000c211       0xcd modules/hal_nordic/nrfx/libmodules__hal_nordic__nrfx.a(nrfx_pwm.c.obj)
                                 0xea (size before relaxing)
 .rodata.nrf_gpio_pin_port_decode.str1.1
                0x0000c2de       0x58 modules/hal_nordic/nrfx/libmodules__hal_nordic__nrfx.a(nrfx_pwm.c.obj)
 .rodata.nrfx_pwm_init.str1.1
                0x0000c2de       0x65 modules/hal_nordic/nrfx/libmodules__hal_nordic__nrfx.a(nrfx_pwm.c.obj)
 .rodata.nrfx_pwm_uninit.str1.1
                0x0000c343       0x2c modules/hal_nordic/nrfx/libmodules__hal_nordic__nrfx.a(nrfx_pwm.c.obj)
 .rodata.nrfx_pwm_simple_playback.str1.1
                0x0000c36f       0x3c modules/hal_nordic/nrfx/libmodules__hal_nordic__nrfx.a(nrfx_pwm.c.obj)
 .rodata.nrfx_pwm_stop.str1.1
                0x0000c3ab       0x45 modules/hal_nordic/nrfx/libmodules__hal_nordic__nrfx.a(nrfx_pwm.c.obj)
 .rodata.CSWTCH.14
                0x0000c3f0        0x6 modules/hal_nordic/nrfx/libmodules__hal_nordic__nrfx.a(system_nrf52840.c.obj)
 .rodata.CSWTCH.5
                0x0000c3f6        0x6 modules/hal_nordic/nrfx/libmodules__hal_nordic__nrfx.a(system_nrf52840.c.obj)
 .rodata.z_fatal_error.str1.1
                0x0000c3fc       0x74 zephyr/kernel/libkernel.a(fatal.c.obj)
                                 0x91 (size before relaxing)
 .rodata.idle.str1.1
                0x0000c470       0x49 zephyr/kernel/libkernel.a(idle.c.obj)
                                 0x66 (size before relaxing)
 .rodata.z_cstart.str1.1
                0x0000c4b9        0x5 zephyr/kernel/libkernel.a(init.c.obj)
 .rodata.init_mem_slab_module.str1.1
                0x0000c4be       0x61 zephyr/kernel/libkernel.a(mem_slab.c.obj)
                                 0x7e (size before relaxing)
 .rodata.k_mem_slab_alloc.str1.1
                0x0000c51f       0x7f zephyr/kernel/libkernel.a(mem_slab.c.obj)
 .rodata.z_impl_k_mutex_lock.str1.1
                0x0000c51f       0x59 zephyr/kernel/libkernel.a(mutex.c.obj)
                                 0xf5 (size before relaxing)
 .rodata.z_impl_k_mutex_unlock.str1.1
                0x0000c578       0x76 zephyr/kernel/libkernel.a(mutex.c.obj)
 .rodata.clear_event_registrations.str1.1
                0x0000c5ee       0xfb zephyr/kernel/libkernel.a(poll.c.obj)
                                0x199 (size before relaxing)
 .rodata.signal_poll_event.str1.1
                0x0000c6e9       0x35 zephyr/kernel/libkernel.a(poll.c.obj)
 .rodata.k_sched_time_slice_set.str1.1
                0x0000c71e       0x9c zephyr/kernel/libkernel.a(sched.c.obj)
 .rodata.k_sched_lock.str1.1
                0x0000c71e       0x71 zephyr/kernel/libkernel.a(sched.c.obj)
 .rodata.z_priq_dumb_remove.str1.1
                0x0000c71e       0x43 zephyr/kernel/libkernel.a(sched.c.obj)
 .rodata.unpend_thread_no_timeout.str1.1
                0x0000c761       0x17 zephyr/kernel/libkernel.a(sched.c.obj)
 .rodata.update_cache.str1.1
                0x0000c778       0x27 zephyr/kernel/libkernel.a(sched.c.obj)
 .rodata.k_sched_unlock.str1.1
                0x0000c79f       0x31 zephyr/kernel/libkernel.a(sched.c.obj)
 .rodata.z_tick_sleep.str1.1
                0x0000c7d0       0x40 zephyr/kernel/libkernel.a(sched.c.obj)
 .rodata.z_thread_abort.str1.1
                0x0000c810       0x22 zephyr/kernel/libkernel.a(sched.c.obj)
                                 0x24 (size before relaxing)
 .rodata.z_impl_k_sem_give.str1.1
                0x0000c832       0x70 zephyr/kernel/libkernel.a(sem.c.obj)
 .rodata.z_impl_k_sem_take.str1.1
                0x0000c832       0x6d zephyr/kernel/libkernel.a(sem.c.obj)
                                 0x9c (size before relaxing)
 .rodata.k_sys_work_q_init.str1.1
                0x0000c89f        0x9 zephyr/kernel/libkernel.a(system_work_q.c.obj)
 .rodata.z_setup_new_thread.str1.1
                0x0000c8a8       0xd4 zephyr/kernel/libkernel.a(thread.c.obj)
                                 0xf1 (size before relaxing)
 .rodata.z_impl_k_thread_create.str1.1
                0x0000c97c       0x25 zephyr/kernel/libkernel.a(thread.c.obj)
                                 0x37 (size before relaxing)
 .rodata.z_init_static_threads.str1.1
                0x0000c9a1       0x2d zephyr/kernel/libkernel.a(thread.c.obj)
                                 0x4c (size before relaxing)
 .rodata.z_add_timeout.str1.1
                0x0000c9ce       0x44 zephyr/kernel/libkernel.a(timeout.c.obj)
                                 0xe3 (size before relaxing)
 .rodata.z_timer_expiration_handler.str1.1
                0x0000ca12       0x9c zephyr/kernel/libkernel.a(timer.c.obj)
 .rodata.work_queue_main.str1.1
                0x0000ca12       0x38 zephyr/kernel/libkernel.a(work.c.obj)
                                 0xd4 (size before relaxing)
 .rodata.submit_to_queue_locked.str1.1
                0x0000ca4a       0x1b zephyr/kernel/libkernel.a(work.c.obj)
 .rodata.k_work_init.str1.1
                0x0000ca65       0x14 zephyr/kernel/libkernel.a(work.c.obj)
 .rodata.k_work_queue_start.str1.1
                0x0000ca79       0x40 zephyr/kernel/libkernel.a(work.c.obj)
 .rodata.boot_banner.str1.1
                0x0000cab9       0x36 zephyr/kernel/libkernel.a(banner.c.obj)
                                 0x37 (size before relaxing)
 .rodata.statics_init.str1.1
                0x0000caef       0x38 zephyr/kernel/libkernel.a(kheap.c.obj)
                                 0x74 (size before relaxing)
 *(SORT_BY_ALIGNMENT(.gnu.linkonce.r.*))
                0x0000cb28                . = ALIGN (0x4)
 *fill*         0x0000cb27        0x1 
                0x0000cb28                __rodata_region_end = .
                0x0000cb40                . = ALIGN (_region_min_align)